df_21.csv
,id,reviews_per_month,demand,price,longitude,latitude,bedrooms,beds,room_type,amenities,property_type,review_scores_rating,calculated_host_listings_count,accommodates,annual_return,price_per_bedroom
0,9376,0.34,0.21666666666666667,85.0,-118.47734,33.99638,1.0,1.0,Private room,"[""Stove"", ""Cooking basics"", ""Bathtub"", ""Kitchen"", ""Hangers"", ""Essentials"", ""Iron"", ""Oven"", ""Heating"", ""Hair dryer"", ""Long term stays allowed"", ""Hot water"", ""Lock on bedroom door"", ""Dedicated workspace"", ""Smoke alarm"", ""Refrigerator"", ""Shampoo"", ""Host greets you"", ""Dishes and silverware"", ""Carbon monoxide alarm"", ""Wifi"", ""Free street parking""]",Private room in apartment,95.0,2,1,0.25441953708766174,85.0
1,10760,0.33,0.30833333333333335,74.0,-118.35641,34.05437,1.0,2.0,Private room,"[""Stove"", ""Dryer"", ""Lockbox"", ""Luggage dropoff allowed"", ""Cooking basics"", ""First aid kit"", ""Kitchen"", ""Hangers"", ""Single level home"", ""Essentials"", ""Iron"", ""Oven"", ""Heating"", ""Washer"", ""Hair dryer"", ""Long term stays allowed"", ""Dedicated workspace"", ""TV"", ""Coffee maker"", ""Free parking on premises"", ""Smoke alarm"", ""Breakfast"", ""Refrigerator"", ""Microwave"", ""Air conditioning"", ""Shampoo"", ""Dishes and silverware"", ""Dishwasher"", ""Fire extinguisher"", ""Carbon monoxide alarm"", ""Wifi"", ""Cable TV""]",Private room in apartment,99.0,1,2,0.28795334426827046,74.0
10,31237,1.44,0.0,90.0,-118.28628,34.10313,1.0,2.0,Private room,"[""Heating"", ""Washer"", ""Air conditioning"", ""Long term stays allowed"", ""First aid kit"", ""Breakfast"", ""Kitchen"", ""Carbon monoxide alarm"", ""Fire extinguisher"", ""TV"", ""Wifi"", ""Dryer"", ""Smoke alarm"", ""Cable TV""]",Private room in apartment,98.0,1,3,0.04574448696919993,90.0
11,40667,0.1,0.175,56.25,-118.38207,34.04034,1.0,2.0,Private room,"[""Paid parking on premises"", ""Pool"", ""Bathtub"", ""First aid kit"", ""Kitchen"", ""Hangers"", ""Essentials"", ""Iron"", ""Heating"", ""Hair dryer"", ""Long term stays allowed"", ""Hot water"", ""Dedicated workspace"", ""TV"", ""Smoke alarm"", ""Shampoo"", ""Host greets you"", ""Fire extinguisher"", ""Carbon monoxide alarm"", ""Wifi"", ""Free street parking""]",Private room in apartment,86.0,1,2,0.18343357025697102,56.25
42,210855,2.67,0.18333333333333335,68.25,-118.48734,34.02454,1.0,1.0,Private room,"[""Stove"", ""Bed linens"", ""Luggage dropoff allowed"", ""First aid kit"", ""Kitchen"", ""Hangers"", ""Extra pillows and blankets"", ""Essentials"", ""Rice maker"", ""Iron"", ""Oven"", ""Heating"", ""Hair dryer"", ""Hot water"", ""Dedicated workspace"", ""Paid parking lot off premises"", ""Smoke alarm"", ""Refrigerator"", ""Shampoo"", ""Baking sheet"", ""Host greets you"", ""Dishes and silverware"", ""Carbon monoxide alarm"", ""Fire extinguisher"", ""Free street parking""]",Private room in apartment,91.0,1,2,0.20794605431018773,68.25
103,537446,0.02,0.0,100.0,-118.35199,34.09936,1.0,1.0,Private room,"[""Long term stays allowed""]",Private room in apartment,100.0,1,2,0.04574448696919993,100.0
112,622974,0.08,0.5,68.5,-118.4871,34.02513,1.0,1.0,Private room,"[""Stove"", ""Dryer"", ""Bed linens"", ""Luggage dropoff allowed"", ""Cooking basics"", ""Kitchen"", ""Hangers"", ""Extra pillows and blankets"", ""Essentials"", ""Iron"", ""Oven"", ""Heating"", ""Washer"", ""Hair dryer"", ""Long term stays allowed"", ""Hot water"", ""Dedicated workspace"", ""TV"", ""Smoke alarm"", ""Refrigerator"", ""Microwave"", ""Shampoo"", ""Host greets you"", ""Dishes and silverware"", ""Dishwasher"", ""Fire extinguisher"", ""Wifi"", ""Cleaning before checkout"", ""Cable TV"", ""Free street parking""]",Private room in apartment,83.0,1,1,0.36613814470566797,68.5
133,731133,0.03,0.016666666666666666,75.0,-118.47377,33.99092,1.0,2.0,Private room,"[""Heating"", ""Washer"", ""Hair dryer"", ""Garden or backyard"", ""Shampoo"", ""Long term stays allowed"", ""Hot water"", ""Lock on bedroom door"", ""First aid kit"", ""Host greets you"", ""Kitchen"", ""Fire extinguisher"", ""Essentials"", ""Wifi"", ""Dryer"", ""Smoke alarm"", ""Iron"", ""Free street parking""]",Private room in apartment,98.0,5,3,0.1028795334426827,75.0
137,743374,0.03,0.016666666666666666,125.0,-118.39393,34.05401,1.0,2.0,Private room,"[""Heating"", ""Washer"", ""Wifi"", ""Long term stays allowed"", ""Shampoo"", ""Kitchen"", ""Essentials"", ""TV"", ""Dryer"", ""Free parking on premises"", ""Cable TV""]",Private room in apartment,100.0,2,2,0.11591033351558229,125.0
160,849943,0.03,0.33333333333333337,69.0,-118.49297,34.02908,1.0,1.0,Private room,"[""Heating"", ""Washer"", ""Hair dryer"", ""Wifi"", ""Long term stays allowed"", ""Elevator"", ""Hot water"", ""Indoor fireplace"", ""Kitchen"", ""Hangers"", ""Dedicated workspace"", ""Essentials"", ""TV"", ""Dryer"", ""Iron"", ""Cable TV"", ""Free street parking""]",Private room in apartment,100.0,2,2,0.2901403316930928,69.0
169,900915,0.15,0.23333333333333334,107.0,-118.38343,34.07572,1.0,2.0,Private room,"[""Heating"", ""Washer"", ""Wifi"", ""Air conditioning"", ""Long term stays allowed"", ""Lock on bedroom door"", ""Kitchen"", ""TV"", ""Essentials"", ""Dryer"", ""Free parking on premises""]",Private room in apartment,100.0,2,2,0.3025332604337525,107.0
209,1112358,0.05,0.0,55.0,-118.47884,34.04262,2.0,3.0,Private room,"[""Paid parking on premises"", ""Dryer"", ""Pool"", ""Luggage dropoff allowed"", ""Kitchen"", ""Hangers"", ""Paid parking off premises"", ""Essentials"", ""Iron"", ""Heating"", ""Washer"", ""Hair dryer"", ""Long term stays allowed"", ""Hot water"", ""Lock on bedroom door"", ""Dedicated workspace"", ""TV"", ""Smoke alarm"", ""Air conditioning"", ""Elevator"", ""Indoor fireplace"", ""Host greets you"", ""Fire extinguisher"", ""Carbon monoxide alarm"", ""Private entrance"", ""Wifi"", ""Hot tub"", ""Free street parking""]",Private room in apartment,85.0,12,2,0.04574448696919993,27.5
210,1112690,0.04,0.2,61.0,-118.46932,34.04301,2.0,2.0,Private room,"[""Paid parking on premises"", ""Dryer"", ""Pool"", ""Luggage dropoff allowed"", ""Kitchen"", ""Hangers"", ""Paid parking off premises"", ""Essentials"", ""Iron"", ""Heating"", ""Washer"", ""Hair dryer"", ""Long term stays allowed"", ""Hot water"", ""Lock on bedroom door"", ""Dedicated workspace"", ""TV"", ""Smoke alarm"", ""Air conditioning"", ""Elevator"", ""Indoor fireplace"", ""Host greets you"", ""Carbon monoxide alarm"", ""Fire extinguisher"", ""Private entrance"", ""Wifi"", ""Hot tub"", ""Free street parking""]",Private room in apartment,87.0,12,2,0.20430107526881722,30.5
212,1130059,1.18,0.475,55.75,-118.35491,34.09606,1.0,1.0,Private room,"[""Stove"", ""Shower gel"", ""Dryer"", ""Bed linens"", ""Luggage dropoff allowed"", ""Cooking basics"", ""Kitchen"", ""Hangers"", ""Essentials"", ""Iron"", ""Oven"", ""Heating"", ""Washer"", ""Hair dryer"", ""Long term stays allowed"", ""Patio or balcony"", ""Hot water"", ""Dedicated workspace"", ""TV"", ""Coffee maker"", ""Smoke alarm"", ""Refrigerator"", ""Microwave"", ""Air conditioning"", ""Shampoo"", ""Baking sheet"", ""Elevator"", ""Host greets you"", ""Dishes and silverware"", ""Dishwasher"", ""Carbon monoxide alarm"", ""Wifi"", ""Free street parking""]",Private room in apartment,97.0,1,2,0.3143794423182067,55.75
213,1138652,0.01,0.21666666666666667,80.0,-118.34911,34.06564,1.0,2.0,Private room,"[""Washer"", ""Wifi"", ""Long term stays allowed"", ""Shampoo"", ""Kitchen"", ""Free parking on premises"", ""TV"", ""Essentials"", ""Dryer"", ""Smoke alarm""]",Private room in apartment,100.0,2,1,0.24676508110078368,80.0
214,1140770,0.09,0.09999999999999999,123.0,-118.43845,34.03253,1.0,1.0,Private room,"[""Dryer"", ""Bed linens"", ""Kitchen"", ""Hangers"", ""Extra pillows and blankets"", ""Essentials"", ""Heating"", ""Washer"", ""Hair dryer"", ""Long term stays allowed"", ""Hot water"", ""Lock on bedroom door"", ""Dedicated workspace"", ""TV"", ""Free parking on premises"", ""Smoke alarm"", ""Air conditioning"", ""Shampoo"", ""Elevator"", ""Indoor fireplace"", ""Host greets you"", ""Fire extinguisher"", ""Private entrance"", ""Wifi"", ""Hot tub"", ""Cable TV"", ""Free street parking""]",Private room in apartment,89.0,3,2,0.2050300710770913,123.0
215,1144761,0.24,0.6166666666666667,100.0,-118.37156,34.08174,1.0,1.0,Private room,"[""Heating"", ""Washer"", ""Hair dryer"", ""Air conditioning"", ""Long term stays allowed"", ""Shampoo"", ""Kitchen"", ""Hangers"", ""Dedicated workspace"", ""Dishes and silverware"", ""Free parking on premises"", ""Coffee maker"", ""Wifi"", ""Dryer"", ""Smoke alarm"", ""Free street parking""]",Private room in apartment,100.0,2,2,0.5225077455804629,100.0
231,1257025,6.39,0.6583333333333334,90.25,-118.50066,34.02272,1.0,1.0,Private room,"[""Stove"", ""Bed linens"", ""Luggage dropoff allowed"", ""Cooking basics"", ""First aid kit"", ""Kitchen"", ""Hangers"", ""Extra pillows and blankets"", ""Essentials"", ""Iron"", ""Oven"", ""Heating"", ""Hair dryer"", ""Long term stays allowed"", ""Patio or balcony"", ""Hot water"", ""Lock on bedroom door"", ""Dedicated workspace"", ""TV"", ""Coffee maker"", ""Smoke alarm"", ""Refrigerator"", ""Microwave"", ""Air conditioning"", ""Shampoo"", ""Host greets you"", ""Dishes and silverware"", ""Fire extinguisher"", ""Wifi"", ""Cable TV"", ""Free street parking""]",Private room in apartment,92.0,1,1,0.5073810825587752,90.25
237,1305637,0.44,0.23333333333333334,200.0,-118.32461,34.08945,1.0,1.0,Private room,"[""Stove"", ""First aid kit"", ""Kitchen"", ""Hangers"", ""Essentials"", ""Iron"", ""Oven"", ""Heating"", ""Hair dryer"", ""Long term stays allowed"", ""Hot water"", ""Lock on bedroom door"", ""Dedicated workspace"", ""TV"", ""Smoke alarm"", ""Refrigerator"", ""Microwave"", ""Host greets you"", ""Carbon monoxide alarm"", ""Fire extinguisher"", ""Wifi"", ""Free street parking""]",Private room in apartment,91.0,5,2,0.439311098961181,200.0
241,1352557,2.75,0.19166666666666665,84.0,-118.46023,34.03996,1.0,1.0,Private room,"[""Beachfront"", ""Stove"", ""Dryer"", ""Luggage dropoff allowed"", ""Cooking basics"", ""Kitchen"", ""Hangers"", ""Essentials"", ""Iron"", ""Oven"", ""Heating"", ""Washer"", ""Hair dryer"", ""Long term stays allowed"", ""Hot water"", ""Lock on bedroom door"", ""Dedicated workspace"", ""TV"", ""Coffee maker"", ""Free parking on premises"", ""Smoke alarm"", ""Refrigerator"", ""Microwave"", ""Shampoo"", ""Dishwasher"", ""Dishes and silverware"", ""Fire extinguisher"", ""Wifi"", ""Hot tub"", ""Free street parking""]",Private room in apartment,95.0,4,1,0.23655913978494625,84.0
249,1417709,0.19,0.5499999999999999,42.0,-118.58902,34.18896,2.0,1.0,Private room,"[""Heating"", ""Pool"", ""Washer"", ""Air conditioning"", ""Long term stays allowed"", ""Elevator"", ""Hot water"", ""Gym"", ""Breakfast"", ""Kitchen"", ""Dishes and silverware"", ""TV"", ""Wifi"", ""Dryer"", ""Free parking on premises"", ""Hot tub"", ""Cable TV""]",Private room in apartment,83.0,1,1,0.29114270092946964,21.0
278,1689254,0.93,0.5666666666666667,85.0,-118.48311,34.04253,1.0,0.0,Private room,"[""Heating"", ""Washer"", ""Wifi"", ""Air conditioning"", ""Free street parking"", ""Shampoo"", ""Stove"", ""Kitchen"", ""Carbon monoxide alarm"", ""Essentials"", ""TV"", ""Dryer"", ""Refrigerator"", ""Smoke alarm"", ""Cable TV"", ""Oven""]",Private room in apartment,98.0,1,1,0.4480590486604702,85.0
285,1718567,0.38,0.6416666666666666,76.25,-118.47651,34.00884,1.0,1.0,Private room,"[""Stove"", ""Dryer"", ""Bed linens"", ""Cooking basics"", ""Kitchen"", ""Hangers"", ""Extra pillows and blankets"", ""Essentials"", ""Iron"", ""Oven"", ""Heating"", ""Washer"", ""Hair dryer"", ""Long term stays allowed"", ""Patio or balcony"", ""Hot water"", ""Dedicated workspace"", ""TV"", ""Coffee maker"", ""Smoke alarm"", ""Refrigerator"", ""Microwave"", ""Shampoo"", ""Host greets you"", ""Dishes and silverware"", ""Carbon monoxide alarm"", ""Fire extinguisher"", ""Wifi"", ""Beach essentials"", ""Cable TV"", ""Free street parking""]",Private room in apartment,99.0,1,1,0.45234189903408056,76.25
300,1785816,0.22,0.0,74.0,-118.476,33.99109,1.0,1.0,Private room,"[""Heating"", ""Washer"", ""Hair dryer"", ""Long term stays allowed"", ""Shampoo"", ""Hot water"", ""Lock on bedroom door"", ""First aid kit"", ""Host greets you"", ""Kitchen"", ""Fire extinguisher"", ""Essentials"", ""Wifi"", ""Dryer"", ""Smoke alarm"", ""Free street parking""]",Private room in apartment,92.0,5,2,0.04574448696919993,74.0
328,1988040,1.3,0.0,76.0,-118.44745,33.99789,1.0,1.0,Private room,"[""Dryer"", ""First aid kit"", ""Kitchen"", ""Hangers"", ""Essentials"", ""Iron"", ""Heating"", ""Washer"", ""Hair dryer"", ""Long term stays allowed"", ""Hot water"", ""Lock on bedroom door"", ""Dedicated workspace"", ""TV"", ""Smoke alarm"", ""Air conditioning"", ""Shampoo"", ""Elevator"", ""Indoor fireplace"", ""Host greets you"", ""Carbon monoxide alarm"", ""Wifi"", ""Free street parking""]",Private room in apartment,97.0,1,2,0.04574448696919993,76.0
335,2033186,0.03,0.0,75.0,-118.35798,34.10087,1.0,1.0,Private room,"[""Heating"", ""Washer"", ""Hair dryer"", ""Air conditioning"", ""Long term stays allowed"", ""Shampoo"", ""Hot water"", ""Host greets you"", ""Hangers"", ""Dedicated workspace"", ""Carbon monoxide alarm"", ""Essentials"", ""Wifi"", ""Dryer"", ""Smoke alarm"", ""Free street parking""]",Private room in apartment,100.0,1,2,0.04574448696919993,75.0
337,2041495,0.01,0.06666666666666667,75.0,-118.43669,34.15235,1.0,1.0,Private room,"[""Heating"", ""Washer"", ""Air conditioning"", ""Long term stays allowed"", ""Kitchen"", ""Essentials"", ""Wifi"", ""Dryer"", ""Free parking on premises"", ""Cable TV""]",Private room in apartment,60.0,1,2,0.14443229451430653,75.0
341,2069994,0.63,0.6000000000000001,75.0,-118.37372,34.08182,1.0,1.0,Private room,"[""Stove"", ""Dryer"", ""Cooking basics"", ""Kitchen"", ""Essentials"", ""Oven"", ""Heating"", ""Washer"", ""Long term stays allowed"", ""Patio or balcony"", ""Hot water"", ""TV"", ""Coffee maker"", ""Free parking on premises"", ""Smoke alarm"", ""Refrigerator"", ""Microwave"", ""Air conditioning"", ""Dishes and silverware"", ""Wifi"", ""Free street parking""]",Private room in apartment,94.0,1,3,0.43120102059413157,75.0
359,2250557,0.35,0.23333333333333334,85.0,-118.43386,33.95859,1.0,1.0,Private room,"[""Heating"", ""Washer"", ""Long term stays allowed"", ""TV"", ""Wifi"", ""Dryer""]",Private room in apartment,94.0,1,2,0.2636231091671223,85.0
376,2482683,0.15,0.25833333333333336,74.0,-118.34641,34.12257,1.0,1.0,Private room,"[""Heating"", ""Long term stays allowed"", ""Shampoo"", ""Kitchen"", ""Hangers"", ""Carbon monoxide alarm"", ""TV"", ""Wifi"", ""Smoke alarm"", ""Cable TV""]",Private room in apartment,95.0,1,1,0.25915800984144344,74.0
379,2516056,0.15,0.058333333333333334,60.0,-118.51876,34.17037,1.0,1.0,Private room,"[""Heating"", ""Pool"", ""Washer"", ""Wifi"", ""Air conditioning"", ""Long term stays allowed"", ""Shampoo"", ""Elevator"", ""Lockbox"", ""Hot water"", ""Gym"", ""Carbon monoxide alarm"", ""Essentials"", ""TV"", ""Dryer"", ""Breakfast"", ""Hot tub"", ""Cable TV""]",Private room in apartment,82.0,1,1,0.13185711682157827,60.0
388,2645621,3.14,0.8666666666666666,96.75,-118.5019,34.02636,1.0,1.0,Private room,"[""Barbecue utensils"", ""Stove"", ""Dryer"", ""Bed linens"", ""Luggage dropoff allowed"", ""Cooking basics"", ""First aid kit"", ""Kitchen"", ""Hangers"", ""Extra pillows and blankets"", ""Essentials"", ""Iron"", ""Oven"", ""Heating"", ""Washer"", ""Hair dryer"", ""Long term stays allowed"", ""Patio or balcony"", ""Hot water"", ""Lock on bedroom door"", ""Dedicated workspace"", ""TV"", ""Coffee maker"", ""BBQ grill"", ""Smoke alarm"", ""Refrigerator"", ""Microwave"", ""Shampoo"", ""Baking sheet"", ""Dishes and silverware"", ""Dishwasher"", ""Fire extinguisher"", ""Carbon monoxide alarm"", ""Wifi"", ""Cable TV"", ""Free street parking""]",Private room in apartment,94.0,1,2,0.6234736650264261,96.75
407,3030247,0.04,0.225,55.0,-118.46901,34.04391,2.0,3.0,Private room,"[""Paid parking on premises"", ""Dryer"", ""Pool"", ""Luggage dropoff allowed"", ""Kitchen"", ""Hangers"", ""Paid parking off premises"", ""Essentials"", ""Iron"", ""Heating"", ""Washer"", ""Hair dryer"", ""Long term stays allowed"", ""Hot water"", ""Lock on bedroom door"", ""Dedicated workspace"", ""TV"", ""Smoke alarm"", ""Air conditioning"", ""Elevator"", ""Indoor fireplace"", ""Host greets you"", ""Carbon monoxide alarm"", ""Fire extinguisher"", ""Private entrance"", ""Wifi"", ""Hot tub"", ""Free street parking""]",Private room in apartment,73.0,12,2,0.20612356478950247,27.5
412,3084922,0.06,0.016666666666666666,68.0,-118.36338,34.06218,1.0,1.0,Private room,"[""Air conditioning"", ""Long term stays allowed"", ""Shampoo"", ""Elevator"", ""First aid kit"", ""Kitchen"", ""Fire extinguisher"", ""Carbon monoxide alarm"", ""Free parking on premises"", ""Wifi"", ""Essentials"", ""Smoke alarm""]",Private room in apartment,88.0,9,4,0.10051029706579187,68.0
418,3154241,2.77,0.16666666666666666,135.75,-118.36375,34.09134,1.0,1.0,Private room,"[""Stove"", ""Dryer"", ""Bed linens"", ""Luggage dropoff allowed"", ""Cooking basics"", ""First aid kit"", ""Kitchen"", ""Hangers"", ""Extra pillows and blankets"", ""Essentials"", ""Iron"", ""Oven"", ""Heating"", ""Washer"", ""Hair dryer"", ""Long term stays allowed"", ""Hot water"", ""Lock on bedroom door"", ""Dedicated workspace"", ""TV"", ""Coffee maker"", ""Smoke alarm"", ""Refrigerator"", ""Microwave"", ""Air conditioning"", ""Shampoo"", ""Host greets you"", ""Dishes and silverware"", ""Carbon monoxide alarm"", ""Fire extinguisher"", ""Ethernet connection"", ""Wifi"", ""Cable TV"", ""Free street parking""]",Private room in apartment,97.0,1,2,0.2866776016037908,135.75
