df_21.csv
,id,reviews_per_month,demand,price,longitude,latitude,bedrooms,beds,room_type,amenities,property_type,review_scores_rating,calculated_host_listings_count,accommodates,annual_return,price_per_bedroom
423,3257681,0.13,0.016666666666666666,79.0,-118.4759,33.9915,1.0,1.0,Private room,"[""Heating"", ""Washer"", ""Long term stays allowed"", ""Shampoo"", ""First aid kit"", ""Kitchen"", ""Fire extinguisher"", ""Essentials"", ""Wifi"", ""Dryer"", ""Smoke alarm""]",Private room in apartment,86.0,5,2,0.10369965372699107,79.0
431,3311544,0.03,0.0,89.0,-118.29922,34.06777,1.0,1.0,Private room,"[""Washer"", ""Hair dryer"", ""Air conditioning"", ""Long term stays allowed"", ""Kitchen"", ""Hangers"", ""Wifi"", ""Essentials"", ""Iron""]",Private room in apartment,100.0,1,2,0.04574448696919993,89.0
434,3340870,0.21,0.32499999999999996,52.5,-118.23603,34.04827,1.0,1.0,Private room,"[""Stove"", ""Dryer"", ""Bed linens"", ""Lockbox"", ""Luggage dropoff allowed"", ""Cooking basics"", ""First aid kit"", ""Kitchen"", ""Hangers"", ""Paid parking off premises"", ""Essentials"", ""Iron"", ""Heating"", ""Washer"", ""Hair dryer"", ""Long term stays allowed"", ""Hot water"", ""Lock on bedroom door"", ""Dedicated workspace"", ""TV"", ""Smoke alarm"", ""Refrigerator"", ""Microwave"", ""Air conditioning"", ""Shampoo"", ""Dishes and silverware"", ""Carbon monoxide alarm"", ""Fire extinguisher"", ""Wifi"", ""Free street parking""]",Private room in apartment,90.0,13,2,0.24403134681975577,52.5
443,3477847,0.9,0.0,89.0,-118.46528,33.98882,1.0,1.0,Private room,"[""Stove"", ""Dryer"", ""Pool"", ""Cooking basics"", ""Kitchen"", ""Essentials"", ""Oven"", ""Heating"", ""Washer"", ""Long term stays allowed"", ""Patio or balcony"", ""TV"", ""Gym"", ""Free parking on premises"", ""Coffee maker"", ""Smoke alarm"", ""Refrigerator"", ""Shampoo"", ""Elevator"", ""Dishes and silverware"", ""Dishwasher"", ""Wifi"", ""Hot tub"", ""Cable TV""]",Private room in apartment,99.0,2,1,0.04574448696919993,89.0
451,3595022,1.25,0.33333333333333337,92.0,-118.32851,34.10735,1.0,1.0,Private room,"[""Stove"", ""Dryer"", ""Bed linens"", ""Pool"", ""Luggage dropoff allowed"", ""Cooking basics"", ""Kitchen"", ""Hangers"", ""Extra pillows and blankets"", ""Essentials"", ""Iron"", ""Oven"", ""Heating"", ""Washer"", ""Hair dryer"", ""Long term stays allowed"", ""Patio or balcony"", ""Hot water"", ""Lock on bedroom door"", ""Dedicated workspace"", ""TV"", ""Coffee maker"", ""Free parking on premises"", ""BBQ grill"", ""Smoke alarm"", ""Refrigerator"", ""Microwave"", ""Air conditioning"", ""Shampoo"", ""Dishes and silverware"", ""Carbon monoxide alarm"", ""Wifi"", ""Free street parking""]",Private room in apartment,95.0,1,1,0.3426280298888281,92.0
455,3614820,0.1,0.125,72.0,-118.43526,33.99376,1.0,1.0,Private room,"[""Heating"", ""Washer"", ""Long term stays allowed"", ""Shampoo"", ""First aid kit"", ""Kitchen"", ""Fire extinguisher"", ""Carbon monoxide alarm"", ""TV"", ""Wifi"", ""Smoke alarm"", ""Cable TV""]",Private room in apartment,93.0,1,1,0.17751047931474395,72.0
507,4100985,3.23,0.5666666666666667,58.0,-118.40831,34.02504,1.0,1.0,Private room,"[""Stove"", ""Luggage dropoff allowed"", ""Cooking basics"", ""First aid kit"", ""Kitchen"", ""Hangers"", ""Essentials"", ""Iron"", ""Oven"", ""Heating"", ""Hair dryer"", ""Long term stays allowed"", ""Patio or balcony"", ""Hot water"", ""Lock on bedroom door"", ""Dedicated workspace"", ""TV"", ""Coffee maker"", ""Smoke alarm"", ""Refrigerator"", ""Shampoo"", ""Dishes and silverware"", ""Dishwasher"", ""Fire extinguisher"", ""Carbon monoxide alarm"", ""Wifi"", ""Cable TV"", ""Free street parking""]",Private room in apartment,95.0,2,2,0.35629670129396757,58.0
541,4279277,0.06,0.0,400.0,-118.42062,34.01381,1.0,2.0,Private room,"[""Heating"", ""Long term stays allowed"", ""Kitchen"", ""Hangers"", ""TV"", ""Wifi"", ""Free parking on premises"", ""Cable TV""]",Private room in apartment,73.0,2,2,0.04574448696919993,400.0
554,4424041,2.83,0.675,83.0,-118.47661,34.03462,1.0,1.0,Private room,"[""Hair dryer"", ""Bed linens"", ""Shampoo"", ""Long term stays allowed"", ""Hot water"", ""Host greets you"", ""Kitchen"", ""Hangers"", ""Dedicated workspace"", ""Extra pillows and blankets"", ""Coffee maker"", ""Wifi"", ""Essentials"", ""Smoke alarm"", ""Iron"", ""Refrigerator"", ""Microwave""]",Private room in apartment,94.0,1,2,0.487515946783306,83.0
565,4558987,2.6,0.5,112.75,-118.50342,34.02309,1.0,1.0,Private room,"[""Stove"", ""Dryer"", ""Bed linens"", ""Luggage dropoff allowed"", ""Cooking basics"", ""Bathtub"", ""First aid kit"", ""Kitchen"", ""Hangers"", ""Extra pillows and blankets"", ""Essentials"", ""Iron"", ""Oven"", ""Heating"", ""Washer"", ""Hair dryer"", ""Long term stays allowed"", ""Patio or balcony"", ""Hot water"", ""Lock on bedroom door"", ""Dedicated workspace"", ""TV"", ""Coffee maker"", ""Gym"", ""Smoke alarm"", ""Refrigerator"", ""Microwave"", ""Air conditioning"", ""Shampoo"", ""Elevator"", ""Host greets you"", ""Dishes and silverware"", ""Dishwasher"", ""Fire extinguisher"", ""Wifi"", ""Beach essentials"", ""Free street parking""]",Private room in apartment,97.0,2,4,0.49024968106433386,112.75
568,4581249,2.82,0.5916666666666667,112.75,-118.50486,34.02233,1.0,1.0,Private room,"[""Stove"", ""Dryer"", ""Bed linens"", ""Luggage dropoff allowed"", ""Cooking basics"", ""First aid kit"", ""Kitchen"", ""Hangers"", ""Extra pillows and blankets"", ""Essentials"", ""Iron"", ""Oven"", ""Heating"", ""Washer"", ""Hair dryer"", ""Long term stays allowed"", ""Patio or balcony"", ""Hot water"", ""Lock on bedroom door"", ""Dedicated workspace"", ""TV"", ""Coffee maker"", ""Gym"", ""Smoke alarm"", ""Refrigerator"", ""Microwave"", ""Air conditioning"", ""Shampoo"", ""Elevator"", ""Host greets you"", ""Dishes and silverware"", ""Dishwasher"", ""Fire extinguisher"", ""Wifi"", ""Beach essentials"", ""Free street parking""]",Private room in apartment,96.0,2,4,0.5491160925824676,112.75
570,4608044,2.77,0.3916666666666667,64.25,-118.07861,34.01457,1.0,1.0,Private room,"[""Pack \u2019n Play/travel crib"", ""Stove"", ""Window guards"", ""Dryer"", ""Bed linens"", ""Pool"", ""Pocket wifi"", ""Luggage dropoff allowed"", ""Cooking basics"", ""Kitchen"", ""Hangers"", ""Extra pillows and blankets"", ""Essentials"", ""Iron"", ""Room-darkening shades"", ""Oven"", ""Heating"", ""Washer"", ""Hair dryer"", ""Long term stays allowed"", ""Patio or balcony"", ""Hot water"", ""Dedicated workspace"", ""Keypad"", ""TV"", ""Coffee maker"", ""Free parking on premises"", ""Smoke alarm"", ""Refrigerator"", ""Microwave"", ""Air conditioning"", ""Shampoo"", ""Dishes and silverware"", ""Dishwasher"", ""Fire extinguisher"", ""Carbon monoxide alarm"", ""Ethernet connection"", ""Wifi"", ""Private entrance"", ""Hot tub"", ""Cable TV""]",Private room in apartment,99.0,1,2,0.3052669947147804,64.25
576,4765675,4.7,0.19166666666666665,59.0,-118.24561,34.06601,1.0,1.0,Private room,"[""Paid parking on premises"", ""Stove"", ""Bed linens"", ""Cooking basics"", ""First aid kit"", ""Kitchen"", ""Hangers"", ""Extra pillows and blankets"", ""Essentials"", ""Iron"", ""Oven"", ""Heating"", ""Washer"", ""Hair dryer"", ""Long term stays allowed"", ""Hot water"", ""Dedicated workspace"", ""TV"", ""Smoke alarm"", ""Breakfast"", ""Refrigerator"", ""Microwave"", ""Air conditioning"", ""Shampoo"", ""Dishes and silverware"", ""Carbon monoxide alarm"", ""Fire extinguisher"", ""Wifi"", ""Free street parking""]",Private room in apartment,95.0,2,2,0.19755786404228176,59.0
601,4956374,0.84,0.5,55.0,-118.30911,34.09867,1.0,1.0,Private room,"[""Paid parking on premises"", ""Stove"", ""Laundromat nearby"", ""Bed linens"", ""Lockbox"", ""Cooking basics"", ""Kitchen"", ""Hangers"", ""Essentials"", ""Iron"", ""Oven"", ""Heating"", ""Hair dryer"", ""Long term stays allowed"", ""Hot water"", ""Lock on bedroom door"", ""Dedicated workspace"", ""Coffee maker"", ""Smoke alarm"", ""Microwave"", ""Air conditioning"", ""Shampoo"", ""Elevator"", ""Dishwasher"", ""Dishes and silverware"", ""Carbon monoxide alarm"", ""Wifi"", ""Free street parking""]",Private room in apartment,89.0,9,2,0.31984691088026246,55.0
3,13776,1.28,0.65,169.5,-118.38522,33.83847,1.0,1.0,Entire home/apt,"[""Pack \u2019n Play/travel crib"", ""Stove"", ""Cooking basics"", ""Kitchen"", ""Hangers"", ""Essentials"", ""Iron"", ""Oven"", ""Heating"", ""Hair dryer"", ""Garden or backyard"", ""Long term stays allowed"", ""Patio or balcony"", ""Hot water"", ""Dedicated workspace"", ""TV"", ""Coffee maker"", ""BBQ grill"", ""Smoke alarm"", ""Refrigerator"", ""Shampoo"", ""Host greets you"", ""Dishes and silverware"", ""Carbon monoxide alarm"", ""Fire extinguisher"", ""Wifi"", ""Free street parking""]",Entire guesthouse,97.0,4,4,0.7286313103699654,169.5
14,46853,2.08,0.24166666666666667,150.0,-118.28338,34.08556,1.0,1.0,Entire home/apt,"[""Heating"", ""Free street parking"", ""Hair dryer"", ""Air conditioning"", ""Garden or backyard"", ""Shampoo"", ""Long term stays allowed"", ""Lockbox"", ""Hot water"", ""Dishes and silverware"", ""Hangers"", ""TV"", ""Wifi"", ""Essentials"", ""Coffee maker"", ""Iron"", ""Refrigerator"", ""Microwave""]",Entire guesthouse,98.0,2,2,0.3798979405868416,150.0
16,51498,2.46,0.4083333333333333,139.0,-118.44356,34.00581,,1.0,Entire home/apt,"[""Shower gel"", ""Dryer"", ""Bed linens"", ""Luggage dropoff allowed"", ""Cooking basics"", ""First aid kit"", ""Kitchen"", ""Hangers"", ""Extra pillows and blankets"", ""Single level home"", ""Essentials"", ""Iron"", ""Heating"", ""Washer"", ""Hair dryer"", ""Garden or backyard"", ""Long term stays allowed"", ""Patio or balcony"", ""Hot water"", ""Dedicated workspace"", ""TV"", ""Coffee maker"", ""Smoke alarm"", ""Refrigerator"", ""Microwave"", ""Air conditioning"", ""Shampoo"", ""Dishes and silverware"", ""Fire extinguisher"", ""Carbon monoxide alarm"", ""Private entrance"", ""Wifi"", ""Hot tub"", ""Beach essentials"", ""Cable TV"", ""Free street parking""]",Entire guesthouse,95.0,1,2,0.49170767268088206,
20,67089,4.5,0.9333333333333333,137.25,-118.40954,34.00959,1.0,1.0,Entire home/apt,"[""Heating"", ""Bedroom comforts"", ""Hair dryer"", ""Air conditioning"", ""Garden or backyard"", ""Smoke alarm"", ""Full kitchen"", ""Self check-in"", ""Bathroom essentials"", ""TV"", ""Wifi"", ""Free parking on premises"", ""Coffee maker"", ""Shared hot tub"", ""Carbon monoxide alarm"", ""Iron"", ""Free street parking""]",Entire guesthouse,99.0,2,3,0.7782030253326043,137.25
22,76561,5.3,0.775,119.0,-118.36024,33.98604,,3.0,Entire home/apt,"[""Dedicated workspace: table"", ""Pack \u2019n Play/travel crib"", ""55\"" HDTV with Netflix, Roku, standard cable"", ""Barbecue utensils"", ""Hot water kettle"", ""Game console"", ""Stove"", ""Crib"", ""Shower gel"", ""Laundromat nearby"", ""Bed linens"", ""Dining table"", ""Children\u2019s books and toys"", ""Pocket wifi"", ""Wifi"", ""Cleaning products"", ""Cooking basics"", ""Window AC unit"", ""Conditioner"", ""First aid kit"", ""Clothing storage"", ""Hangers"", ""Kitchen"", ""Extra pillows and blankets"", ""Portable heater"", ""Single level home"", ""Essentials"", ""Shared gym nearby"", ""Rice maker"", ""Iron"", ""Room-darkening shades"", ""Oven"", ""Board games"", ""Hair dryer"", ""Patio or balcony"", ""Fire pit"", ""Hot water"", ""Private fenced garden or backyard"", ""Coffee maker"", ""Outdoor dining area"", ""Free parking on premises"", ""BBQ grill"", ""Smoke alarm"", ""Refrigerator"", ""Microwave"", ""Freezer"", ""Outdoor furniture"", ""Shampoo"", ""Ceiling fan"", ""Toaster"", ""Pour-over coffee"", ""Dishes and silverware"", ""Fire extinguisher"", ""Ethernet connection"", ""High chair"", ""Mini fridge"", ""Private entrance"", ""Smart lock"", ""Body soap"", ""Beach essentials"", ""Cable TV"", ""Free street parking""]",Entire guesthouse,96.0,3,4,0.6642974302897758,
29,106052,3.19,0.8416666666666667,70.25,-118.27964,33.82738,,1.0,Entire home/apt,"[""Stove"", ""Dryer"", ""Bed linens"", ""Cooking basics"", ""First aid kit"", ""Kitchen"", ""Hangers"", ""Extra pillows and blankets"", ""Essentials"", ""Iron"", ""Oven"", ""Heating"", ""Washer"", ""Hair dryer"", ""Garden or backyard"", ""Long term stays allowed"", ""Patio or balcony"", ""Hot water"", ""Dedicated workspace"", ""TV"", ""Coffee maker"", ""Free parking on premises"", ""Smoke alarm"", ""Refrigerator"", ""Microwave"", ""Air conditioning"", ""Shampoo"", ""Dishes and silverware"", ""Carbon monoxide alarm"", ""Fire extinguisher"", ""Private entrance"", ""Wifi"", ""Cable TV"", ""Free street parking""]",Entire guesthouse,99.0,1,2,0.50555859303809,
38,180926,0.46,0.30000000000000004,236.5,-118.89666,34.07263,1.0,3.0,Entire home/apt,"[""Shower gel"", ""Bed linens"", ""Cooking basics"", ""Conditioner"", ""First aid kit"", ""Kitchen"", ""Hangers"", ""Extra pillows and blankets"", ""Essentials"", ""Oven"", ""Heating"", ""Hair dryer"", ""Garden or backyard"", ""Long term stays allowed"", ""Patio or balcony"", ""Hot water"", ""Dedicated workspace"", ""Coffee maker"", ""Free parking on premises"", ""Smoke alarm"", ""Refrigerator"", ""Freezer"", ""Microwave"", ""Air conditioning"", ""Shampoo"", ""Pour-over coffee"", ""Dishes and silverware"", ""Carbon monoxide alarm"", ""Fire extinguisher"", ""Private entrance"", ""Wifi"", ""Free street parking""]",Entire guesthouse,98.0,1,6,0.5667942409331146,236.5
48,254320,1.14,0.8416666666666667,157.75,-118.40809,34.14277,1.0,2.0,Entire home/apt,"[""Stove"", ""Dryer"", ""Bed linens"", ""Pool"", ""Children\u2019s books and toys"", ""Luggage dropoff allowed"", ""Cooking basics"", ""Kitchen"", ""Hangers"", ""Extra pillows and blankets"", ""Essentials"", ""Iron"", ""Oven"", ""Heating"", ""Washer"", ""Hair dryer"", ""Garden or backyard"", ""Long term stays allowed"", ""Patio or balcony"", ""Hot water"", ""Dedicated workspace"", ""TV"", ""Coffee maker"", ""Smoke alarm"", ""Breakfast"", ""Refrigerator"", ""Microwave"", ""Air conditioning"", ""Shampoo"", ""Dishes and silverware"", ""Carbon monoxide alarm"", ""Private entrance"", ""Wifi"", ""Smart lock"", ""Cable TV"", ""Free street parking""]",Entire guesthouse,99.0,1,3,0.78986695826499,157.75
60,296379,0.99,0.0,114.0,-118.35602,34.08663,1.0,1.0,Entire home/apt,"[""Hair dryer"", ""Luggage dropoff allowed"", ""Long term stays allowed"", ""Shampoo"", ""Hot water"", ""Host greets you"", ""Hangers"", ""Dedicated workspace"", ""Carbon monoxide alarm"", ""Fire extinguisher"", ""Wifi"", ""Essentials"", ""Smoke alarm"", ""Free street parking""]",Entire guesthouse,98.0,3,2,0.04574448696919993,114.0
78,350634,3.16,0.925,99.5,-118.42146,33.91961,1.0,2.0,Entire home/apt,"[""Stove"", ""Crib"", ""Bed linens"", ""Cooking basics"", ""First aid kit"", ""Kitchen"", ""Hangers"", ""Extra pillows and blankets"", ""Essentials"", ""Iron"", ""Oven"", ""Heating"", ""Hair dryer"", ""Garden or backyard"", ""Long term stays allowed"", ""Patio or balcony"", ""Hot water"", ""Dedicated workspace"", ""Keypad"", ""TV"", ""Coffee maker"", ""Free parking on premises"", ""Smoke alarm"", ""Breakfast"", ""Refrigerator"", ""Microwave"", ""Air conditioning"", ""Shampoo"", ""Dishes and silverware"", ""Carbon monoxide alarm"", ""High chair"", ""Wifi"", ""Private entrance"", ""Hot tub"", ""Cable TV"", ""Free street parking""]",Entire guesthouse,97.0,4,4,0.6633861855294332,99.5
80,381068,1.05,0.7416666666666667,255.75,-118.60895,34.11174,1.0,2.0,Entire home/apt,"[""Stove"", ""Dryer"", ""Bed linens"", ""Pool"", ""Cooking basics"", ""Kitchen"", ""Extra pillows and blankets"", ""Essentials"", ""Oven"", ""Heating"", ""Washer"", ""Garden or backyard"", ""Long term stays allowed"", ""Patio or balcony"", ""Hot water"", ""Dedicated workspace"", ""Coffee maker"", ""Free parking on premises"", ""Smoke alarm"", ""Refrigerator"", ""Microwave"", ""Air conditioning"", ""Shampoo"", ""Dishwasher"", ""Dishes and silverware"", ""Carbon monoxide alarm"", ""Fire extinguisher"", ""Smart lock"", ""Wifi""]",Entire guesthouse,100.0,2,4,0.875523965737197,255.75
82,400984,0.08,0.0,114.0,-118.35445,34.08692,1.0,1.0,Entire home/apt,"[""Heating"", ""Hair dryer"", ""Luggage dropoff allowed"", ""Long term stays allowed"", ""Shampoo"", ""First aid kit"", ""Host greets you"", ""Hangers"", ""Dedicated workspace"", ""Carbon monoxide alarm"", ""Fire extinguisher"", ""Wifi"", ""Essentials"", ""Smoke alarm"", ""Free street parking""]",Entire guesthouse,100.0,3,1,0.04574448696919993,114.0
94,492235,4.03,0.5083333333333333,128.25,-118.45236,34.00887,1.0,1.0,Entire home/apt,"[""Pack \u2019n Play/travel crib"", ""Dryer"", ""Bed linens"", ""Children\u2019s books and toys"", ""First aid kit"", ""Kitchen"", ""Hangers"", ""Extra pillows and blankets"", ""Essentials"", ""Iron"", ""Heating"", ""Washer"", ""Hair dryer"", ""Long term stays allowed"", ""Hot water"", ""TV"", ""Smoke alarm"", ""Air conditioning"", ""Shampoo"", ""Host greets you"", ""Fire extinguisher"", ""Carbon monoxide alarm"", ""Private entrance"", ""Wifi"", ""Cable TV"", ""Free street parking""]",Entire guesthouse,98.0,1,2,0.5420083834517951,128.25
99,520181,0.55,0.725,176.0,-118.32619,34.0777,,2.0,Entire home/apt,"[""Stove"", ""Dryer"", ""Lockbox"", ""Luggage dropoff allowed"", ""Cooking basics"", ""First aid kit"", ""Kitchen"", ""Hangers"", ""Essentials"", ""Iron"", ""Heating"", ""Washer"", ""Hair dryer"", ""Long term stays allowed"", ""Garden or backyard"", ""Patio or balcony"", ""Hot water"", ""Dedicated workspace"", ""TV"", ""Coffee maker"", ""Smoke alarm"", ""Refrigerator"", ""Microwave"", ""Air conditioning"", ""Shampoo"", ""Dishes and silverware"", ""Fire extinguisher"", ""Carbon monoxide alarm"", ""Wifi"", ""Cleaning before checkout"", ""Cable TV"", ""Free street parking""]",Entire guesthouse,96.0,7,3,0.7772917805722617,
