df_21.csv
,id,reviews_per_month,demand,price,longitude,latitude,bedrooms,beds,room_type,amenities,property_type,review_scores_rating,calculated_host_listings_count,accommodates,annual_return,price_per_bedroom
101,526012,3.05,0.8083333333333333,240.0,-118.46362,33.99322,1.0,1.0,Entire home/apt,"[""Pack \u2019n Play/travel crib"", ""Full kitchen"", ""Crib"", ""Dryer"", ""Children\u2019s books and toys"", ""Bathroom essentials"", ""Iron"", ""Heating"", ""Bedroom comforts"", ""Washer"", ""Hair dryer"", ""Garden or backyard"", ""TV"", ""Coffee maker"", ""Smoke alarm"", ""Fire extinguisher"", ""Self check-in"", ""High chair"", ""Wifi"", ""Carbon monoxide alarm"", ""Free street parking""]",Entire guesthouse,99.0,4,2,0.878986695826499,240.0
115,634133,6.18,0.925,130.0,-118.33971,34.05024,1.0,2.0,Entire home/apt,"[""Heating"", ""Bedroom comforts"", ""Washer"", ""Hair dryer"", ""Air conditioning"", ""Garden or backyard"", ""Full kitchen"", ""Carbon monoxide alarm"", ""Bathroom essentials"", ""TV"", ""Wifi"", ""Dryer"", ""Coffee maker"", ""Smoke alarm"", ""Iron"", ""Free street parking""]",Entire guesthouse,98.0,1,2,0.7581556406050666,130.0
121,663889,1.41,0.675,182.25,-118.59997,34.08162,1.0,2.0,Entire home/apt,"[""Pack \u2019n Play/travel crib"", ""Full kitchen"", ""Outlet covers"", ""Children\u2019s books and toys"", ""Children\u2019s dinnerware"", ""Changing table"", ""Bathroom essentials"", ""Iron"", ""Room-darkening shades"", ""Heating"", ""Bedroom comforts"", ""Hair dryer"", ""Baby bath"", ""Garden or backyard"", ""TV"", ""Coffee maker"", ""Smoke alarm"", ""Air conditioning"", ""Self check-in"", ""Carbon monoxide alarm"", ""High chair"", ""Wifi"", ""Fire extinguisher"", ""Beach essentials"", ""Free street parking""]",Entire guesthouse,95.0,2,3,0.7654455986878076,182.25
138,745011,0.36,0.5833333333333333,134.0,-118.36234,34.17056,2.0,3.0,Entire home/apt,"[""Stove"", ""Dryer"", ""Bed linens"", ""Luggage dropoff allowed"", ""Cooking basics"", ""Kitchen"", ""Hangers"", ""Extra pillows and blankets"", ""Single level home"", ""Essentials"", ""Iron"", ""Heating"", ""Washer"", ""Hair dryer"", ""Garden or backyard"", ""Long term stays allowed"", ""Hot water"", ""Dedicated workspace"", ""Keypad"", ""TV"", ""Coffee maker"", ""BBQ grill"", ""Smoke alarm"", ""Refrigerator"", ""Microwave"", ""Air conditioning"", ""Shampoo"", ""Fire extinguisher"", ""Carbon monoxide alarm"", ""Ethernet connection"", ""Wifi"", ""Cable TV"", ""Free street parking""]",Entire guesthouse,97.0,3,5,0.5988700564971752,67.0
156,840959,8.59,0.6666666666666666,91.75,-118.39121,33.99926,1.0,2.0,Entire home/apt,"[""Bed linens"", ""Luggage dropoff allowed"", ""Cleaning products"", ""Conditioner"", ""First aid kit"", ""Hangers"", ""Extra pillows and blankets"", ""Single level home"", ""Essentials"", ""Iron"", ""Heating"", ""Board games"", ""Hair dryer"", ""Garden or backyard"", ""Long term stays allowed"", ""Patio or balcony"", ""Hot water"", ""Dedicated workspace"", ""TV"", ""Coffee maker"", ""Smoke alarm"", ""Refrigerator"", ""Microwave"", ""Air conditioning"", ""Shampoo"", ""Ceiling fan"", ""Indoor fireplace"", ""Host greets you"", ""Fire extinguisher"", ""Carbon monoxide alarm"", ""Private entrance"", ""Wifi"", ""Body soap"", ""Free street parking""]",Entire guesthouse,99.0,1,2,0.5179515217787498,91.75
162,862186,3.9,0.875,207.75,-118.52176,34.19306,1.0,1.0,Entire home/apt,"[""Pool"", ""Kitchenette"", ""Bathroom essentials"", ""Iron"", ""Heating"", ""Bedroom comforts"", ""Hair dryer"", ""Garden or backyard"", ""Smoking allowed"", ""TV"", ""Coffee maker"", ""Free parking on premises"", ""Private hot tub"", ""Smoke alarm"", ""Air conditioning"", ""Self check-in"", ""Carbon monoxide alarm"", ""Fire extinguisher"", ""Wifi"", ""Beach essentials"", ""Free street parking""]",Entire guesthouse,100.0,1,2,0.8653180244213595,207.75
170,902024,2.95,0.7916666666666667,107.75,-118.1541,34.11327,1.0,1.0,Entire home/apt,"[""Pack \u2019n Play/travel crib"", ""Barbecue utensils"", ""Hot water kettle"", ""Stove"", ""Crib"", ""Shower gel"", ""Dryer"", ""Bed linens"", ""Children\u2019s books and toys"", ""Keurig coffee machine"", ""Cleaning products"", ""Cooking basics"", ""Building staff"", ""Bathtub"", ""Conditioner"", ""First aid kit"", ""Clothing storage"", ""Hangers"", ""Kitchen"", ""Extra pillows and blankets"", ""Paid parking off premises"", ""Single level home"", ""Essentials"", ""Rice maker"", ""Iron"", ""Room-darkening shades"", ""Oven"", ""Heating"", ""Washer"", ""Hair dryer"", ""Board games"", ""Garden or backyard"", ""Long term stays allowed"", ""Patio or balcony"", ""Hot water"", ""Dedicated workspace"", ""Babysitter recommendations"", ""TV"", ""Coffee maker"", ""Outdoor dining area"", ""Wine glasses"", ""Portable fans"", ""Smoke alarm"", ""BBQ grill"", ""Refrigerator"", ""Microwave"", ""Outdoor furniture"", ""Air conditioning"", ""Shampoo"", ""Ceiling fan"", ""Toaster"", ""Pour-over coffee"", ""Dishes and silverware"", ""Fire extinguisher"", ""Carbon monoxide alarm"", ""Private entrance"", ""Wifi"", ""Body soap""]",Entire guesthouse,97.0,2,3,0.6296701293967559,107.75
174,928123,2.94,0.7833333333333333,148.0,-118.45847,34.01188,1.0,1.0,Entire home/apt,"[""Shower gel"", ""Laundromat nearby"", ""Wifi \u2013 75 Mbps"", ""Bed linens"", ""Trader Joe's Refresh Citrus Body Wash body soap"", ""Lockbox"", ""Luggage dropoff allowed"", ""Cooking basics"", ""32\"" HDTV with Netflix, Amazon Prime Video, HBO Max"", ""First aid kit"", ""Kitchen"", ""Hangers"", ""Extra pillows and blankets"", ""Single level home"", ""Essentials"", ""NOURISH Spa conditioner"", ""Iron"", ""Hair dryer"", ""Garden or backyard"", ""Long term stays allowed"", ""Patio or balcony"", ""Hot water"", ""Radiant heating"", ""Dedicated workspace"", ""Coffee maker"", ""Toaster oven only oven"", ""Smoke alarm"", ""Portable fans"", ""NOURISH Spa Shampoo and Conditioner shampoo"", ""Microwave"", ""Ceiling fan"", ""Pour-over coffee"", ""Dishes and silverware"", ""Fire extinguisher"", ""Carbon monoxide alarm"", ""Mini fridge"", ""Private entrance"", ""Beach essentials"", ""Free street parking""]",Entire guesthouse,97.0,1,2,0.7463094587206124,148.0
177,939739,1.32,0.8083333333333333,179.75,-118.5953,34.09041,1.0,2.0,Entire home/apt,"[""Pack \u2019n Play/travel crib"", ""Stove"", ""Pool"", ""Cooking basics"", ""Kitchen"", ""Hangers"", ""Essentials"", ""Iron"", ""Oven"", ""Heating"", ""Hair dryer"", ""Garden or backyard"", ""Long term stays allowed"", ""Hot water"", ""Dedicated workspace"", ""TV"", ""Coffee maker"", ""Refrigerator"", ""Microwave"", ""Air conditioning"", ""Shampoo"", ""Indoor fireplace"", ""Dishes and silverware"", ""Wifi"", ""Hot tub"", ""Cable TV"", ""Free street parking""]",Entire guesthouse,96.0,1,4,0.8168398031711318,179.75
181,951044,3.55,0.09166666666666666,86.75,-118.3253,34.0375,1.0,1.0,Entire home/apt,"[""Shower gel"", ""Laundromat nearby"", ""Bed linens"", ""Luggage dropoff allowed"", ""Cooking basics"", ""Conditioner"", ""First aid kit"", ""Kitchen"", ""Hangers"", ""Extra pillows and blankets"", ""Single level home"", ""Essentials"", ""Iron"", ""Heating"", ""Hair dryer"", ""Garden or backyard"", ""Long term stays allowed"", ""Patio or balcony"", ""Hot water"", ""Dedicated workspace"", ""Keypad"", ""TV"", ""Coffee maker"", ""BBQ grill"", ""Smoke alarm"", ""Piano"", ""Microwave"", ""Air conditioning"", ""Shampoo"", ""Dishes and silverware"", ""Carbon monoxide alarm"", ""Fire extinguisher"", ""Mini fridge"", ""Wifi"", ""Private entrance"", ""Free street parking""]",Entire guesthouse,94.0,1,2,0.17040277018407143,86.75
186,969436,0.19,0.7333333333333334,243.5,-118.46839,34.14772,1.0,1.0,Entire home/apt,"[""Stove"", ""Laundromat nearby"", ""Bed linens"", ""Pool"", ""Cooking basics"", ""Conditioner"", ""Kitchen"", ""Essentials"", ""Oven"", ""Heating"", ""Garden or backyard"", ""Long term stays allowed"", ""Patio or balcony"", ""Hot water"", ""Dedicated workspace"", ""Coffee maker"", ""Free parking on premises"", ""Smoke alarm"", ""Refrigerator"", ""Freezer"", ""Air conditioning"", ""Shampoo"", ""Pour-over coffee"", ""Dishes and silverware"", ""Dishwasher"", ""Carbon monoxide alarm"", ""Private entrance"", ""Wifi"", ""Body soap"", ""Free street parking""]",Entire guesthouse,100.0,2,2,0.8618552943320575,243.5
188,973874,3.37,0.425,119.0,-118.34653,34.13192,,2.0,Entire home/apt,"[""Stove"", ""Window guards"", ""Dryer"", ""Fireplace guards"", ""Bed linens"", ""Children\u2019s books and toys"", ""Pocket wifi"", ""Luggage dropoff allowed"", ""Building staff"", ""Cooking basics"", ""Bathtub"", ""First aid kit"", ""Kitchen"", ""Hangers"", ""Extra pillows and blankets"", ""Paid parking off premises"", ""Essentials"", ""Iron"", ""Room-darkening shades"", ""Oven"", ""Heating"", ""Washer"", ""Baby safety gates"", ""Hair dryer"", ""Long term stays allowed"", ""Garden or backyard"", ""Patio or balcony"", ""Hot water"", ""Dedicated workspace"", ""Babysitter recommendations"", ""TV"", ""Coffee maker"", ""Smoke alarm"", ""Refrigerator"", ""Microwave"", ""Air conditioning"", ""Baking sheet"", ""Shampoo"", ""Indoor fireplace"", ""Dishes and silverware"", ""Fire extinguisher"", ""Carbon monoxide alarm"", ""Private entrance"", ""Wifi"", ""Beach essentials"", ""Cable TV"", ""Free street parking""]",Entire guesthouse,96.0,1,4,0.4576271186440678,
195,997978,2.0,0.75,160.75,-118.62595,34.10347,1.0,2.0,Entire home/apt,"[""Stove"", ""Dryer"", ""Luggage dropoff allowed"", ""Building staff"", ""Cooking basics"", ""Kitchen"", ""Hangers"", ""Essentials"", ""Iron"", ""Oven"", ""Heating"", ""Washer"", ""Hair dryer"", ""Garden or backyard"", ""Long term stays allowed"", ""Patio or balcony"", ""Hot water"", ""Dedicated workspace"", ""Coffee maker"", ""Free parking on premises"", ""Refrigerator"", ""Air conditioning"", ""Shampoo"", ""Dishes and silverware"", ""Wifi""]",Entire guesthouse,99.0,1,4,0.7590668853654091,160.75
200,1036792,2.61,0.6416666666666666,120.5,-118.32422,34.05588,,2.0,Entire home/apt,"[""Stove"", ""Bed linens"", ""Pool"", ""Children\u2019s books and toys"", ""Lockbox"", ""Cooking basics"", ""First aid kit"", ""Kitchen"", ""Hangers"", ""Extra pillows and blankets"", ""Single level home"", ""Essentials"", ""Iron"", ""Oven"", ""Heating"", ""Hair dryer"", ""Long term stays allowed"", ""Garden or backyard"", ""Patio or balcony"", ""Hot water"", ""Dedicated workspace"", ""TV"", ""Coffee maker"", ""Free parking on premises"", ""Smoke alarm"", ""Refrigerator"", ""Microwave"", ""Air conditioning"", ""Shampoo"", ""Dishes and silverware"", ""Fire extinguisher"", ""Carbon monoxide alarm"", ""Private entrance"", ""Wifi"", ""Beach essentials"", ""Cable TV"", ""Free street parking""]",Entire guesthouse,99.0,1,4,0.5961363222161472,
211,1115276,1.49,0.7749999999999999,104.75,-118.27278,34.09436,1.0,1.0,Entire home/apt,"[""Stove"", ""Shower gel"", ""Bed linens"", ""Lockbox"", ""Cooking basics"", ""Conditioner"", ""Kitchen"", ""Hangers"", ""Extra pillows and blankets"", ""Essentials"", ""Washer \u2013\u00a0In unit"", ""Iron"", ""Oven"", ""Heating"", ""Hair dryer"", ""Garden or backyard"", ""Long term stays allowed"", ""Patio or balcony"", ""Hot water"", ""Dedicated workspace"", ""Dryer \u2013\u00a0In unit"", ""TV"", ""Coffee maker"", ""Portable fans"", ""Smoke alarm"", ""Freezer"", ""Microwave"", ""Refrigerator"", ""Air conditioning"", ""Shampoo"", ""Ceiling fan"", ""Indoor fireplace"", ""Dishes and silverware"", ""Carbon monoxide alarm"", ""Fire extinguisher"", ""Private entrance"", ""Wifi"", ""Body soap"", ""Cable TV"", ""Free street parking""]",Entire guesthouse,98.0,5,3,0.6129032258064516,104.75
221,1167685,2.37,0.8,195.75,-118.3992,34.14593,1.0,2.0,Entire home/apt,"[""Shower gel"", ""Bed linens"", ""Pool"", ""Lockbox"", ""Cooking basics"", ""Kitchen"", ""Hangers"", ""Extra pillows and blankets"", ""Essentials"", ""Iron"", ""Heating"", ""Hair dryer"", ""Long term stays allowed"", ""Garden or backyard"", ""Patio or balcony"", ""Hot water"", ""Dedicated workspace"", ""TV"", ""Coffee maker"", ""Smoke alarm"", ""Refrigerator"", ""Microwave"", ""Air conditioning"", ""Shampoo"", ""Dishes and silverware"", ""Fire extinguisher"", ""Carbon monoxide alarm"", ""Private entrance"", ""Wifi"", ""Cable TV"", ""Free street parking""]",Entire guesthouse,98.0,2,2,0.8319664661928194,195.75
222,1180144,0.05,0.43333333333333335,125.0,-118.79649,34.02338,1.0,1.0,Entire home/apt,"[""Stove"", ""Dryer"", ""Cooking basics"", ""Kitchen"", ""Hangers"", ""Essentials"", ""Iron"", ""Oven"", ""Washer"", ""Hair dryer"", ""Long term stays allowed"", ""Patio or balcony"", ""Hot water"", ""Dedicated workspace"", ""TV"", ""Coffee maker"", ""Free parking on premises"", ""Smoke alarm"", ""Refrigerator"", ""Microwave"", ""Baking sheet"", ""Shampoo"", ""Dishwasher"", ""Dishes and silverware"", ""Carbon monoxide alarm"", ""Private entrance"", ""Wifi"", ""Cable TV"", ""Free street parking""]",Entire guesthouse,96.0,1,2,0.47612538727902315,125.0
232,1262262,4.5,0.8250000000000001,142.5,-118.26678,34.09469,,1.0,Entire home/apt,"[""Pack \u2019n Play/travel crib"", ""Full kitchen"", ""Crib"", ""Pool"", ""Children\u2019s books and toys"", ""Bathroom essentials"", ""Iron"", ""Heating"", ""Bedroom comforts"", ""Baby safety gates"", ""Hair dryer"", ""Garden or backyard"", ""TV"", ""Coffee maker"", ""Free parking on premises"", ""Smoke alarm"", ""Self check-in"", ""Carbon monoxide alarm"", ""Fire extinguisher"", ""Wifi"", ""Free street parking""]",Entire guesthouse,98.0,1,3,0.751047931474394,
242,1364192,0.2,0.8083333333333333,178.75,-118.21376,34.09481,2.0,4.0,Entire home/apt,"[""Stove"", ""Dryer"", ""Bed linens"", ""Luggage dropoff allowed"", ""Cooking basics"", ""Kitchen"", ""Hangers"", ""Extra pillows and blankets"", ""Essentials"", ""Rice maker"", ""Iron"", ""Oven"", ""Heating"", ""Washer"", ""Hair dryer"", ""Long term stays allowed"", ""Patio or balcony"", ""Hot water"", ""Dedicated workspace"", ""TV"", ""Coffee maker"", ""Smoke alarm"", ""Freezer"", ""Microwave"", ""Refrigerator"", ""Air conditioning"", ""Shampoo"", ""Host greets you"", ""Dishes and silverware"", ""Carbon monoxide alarm"", ""Private entrance"", ""Wifi"", ""Cable TV"", ""Free street parking""]",Entire guesthouse,98.0,1,6,0.814835064698378,89.375
252,1446428,4.1,0.9416666666666667,70.0,-118.30465,34.07732,1.0,1.0,Entire home/apt,"[""Bed linens"", ""Luggage dropoff allowed"", ""Cooking basics"", ""Kitchen"", ""Hangers"", ""EV charger"", ""Extra pillows and blankets"", ""Single level home"", ""Essentials"", ""Iron"", ""Oven"", ""Heating"", ""Hair dryer"", ""Garden or backyard"", ""Long term stays allowed"", ""Hot water"", ""Dedicated workspace"", ""Keypad"", ""TV"", ""Coffee maker"", ""Free parking on premises"", ""BBQ grill"", ""Smoke alarm"", ""Refrigerator"", ""Microwave"", ""Air conditioning"", ""Shampoo"", ""Dishes and silverware"", ""Fire extinguisher"", ""Carbon monoxide alarm"", ""Private entrance"", ""Wifi"", ""Cable TV"", ""Free street parking""]",Entire guesthouse,98.0,1,2,0.5453799890650629,70.0
253,1453493,3.85,0.7416666666666667,135.5,-118.13422,33.75883,1.0,1.0,Entire home/apt,"[""Heating"", ""Bedroom comforts"", ""Hair dryer"", ""Air conditioning"", ""Dishwasher"", ""Kitchenette"", ""Carbon monoxide alarm"", ""Bathroom essentials"", ""TV"", ""Wifi"", ""Coffee maker"", ""Fire extinguisher"", ""Smoke alarm"", ""Iron"", ""Room-darkening shades"", ""Free street parking""]",Entire guesthouse,99.0,3,2,0.6961909969017678,135.5
259,1552093,1.97,0.7083333333333333,169.0,-118.3572,34.09755,1.0,1.0,Entire home/apt,"[""Pack \u2019n Play/travel crib"", ""Stove"", ""Dryer"", ""Bed linens"", ""Lockbox"", ""Luggage dropoff allowed"", ""Cooking basics"", ""Kitchen"", ""Hangers"", ""Essentials"", ""Iron"", ""Oven"", ""Heating"", ""Washer"", ""Hair dryer"", ""Garden or backyard"", ""Long term stays allowed"", ""Hot water"", ""Dedicated workspace"", ""TV"", ""Coffee maker"", ""BBQ grill"", ""Smoke alarm"", ""Refrigerator"", ""Air conditioning"", ""Shampoo"", ""Dishes and silverware"", ""Carbon monoxide alarm"", ""Fire extinguisher"", ""Private entrance"", ""Wifi"", ""Free street parking""]",Entire guesthouse,95.0,1,3,0.7561509021323127,169.0
263,1602551,2.31,0.8666666666666667,262.25,-118.46709,33.98437,1.0,1.0,Entire home/apt,"[""Heating"", ""Bedroom comforts"", ""Washer"", ""Hair dryer"", ""Iron"", ""Full kitchen"", ""Indoor fireplace"", ""Self check-in"", ""Bathroom essentials"", ""TV"", ""Wifi"", ""Dryer"", ""Coffee maker"", ""Carbon monoxide alarm"", ""Smoke alarm"", ""Beach essentials"", ""Room-darkening shades"", ""Free street parking""]",Entire guesthouse,98.0,1,2,0.9048660470202297,262.25
272,1652185,2.75,0.8500000000000001,188.0,-118.46529,34.0004,1.0,1.0,Entire home/apt,"[""Heating"", ""Bedroom comforts"", ""Washer"", ""Hair dryer"", ""Garden or backyard"", ""Kitchen"", ""Dryer"", ""Self check-in"", ""Bathroom essentials"", ""TV"", ""Wifi"", ""Free parking on premises"", ""Coffee maker"", ""Carbon monoxide alarm"", ""Smoke alarm"", ""Fire extinguisher"", ""Iron"", ""Room-darkening shades"", ""Free street parking""]",Entire guesthouse,97.0,1,2,0.8368871878986696,188.0
277,1688283,0.38,0.008333333333333333,175.0,-118.33771,34.08305,,1.0,Entire home/apt,"[""Pack \u2019n Play/travel crib"", ""Stove"", ""Dryer"", ""Bed linens"", ""Pool"", ""Children\u2019s books and toys"", ""Lockbox"", ""Luggage dropoff allowed"", ""Cooking basics"", ""First aid kit"", ""Kitchen"", ""Hangers"", ""Extra pillows and blankets"", ""Children\u2019s dinnerware"", ""Essentials"", ""Iron"", ""Oven"", ""Heating"", ""Washer"", ""Hair dryer"", ""Long term stays allowed"", ""Garden or backyard"", ""Patio or balcony"", ""Hot water"", ""Dedicated workspace"", ""TV"", ""Coffee maker"", ""BBQ grill"", ""Breakfast"", ""Smoke alarm"", ""Refrigerator"", ""Microwave"", ""Air conditioning"", ""Shampoo"", ""Dishes and silverware"", ""Fire extinguisher"", ""Wifi"", ""Hot tub"", ""Cable TV"", ""Free street parking""]",Entire guesthouse,94.0,1,2,0.10616001457991617,
