df_21.csv
,id,reviews_per_month,demand,price,longitude,latitude,bedrooms,beds,room_type,amenities,property_type,review_scores_rating,calculated_host_listings_count,accommodates,annual_return,price_per_bedroom
286,1725463,0.72,0.24166666666666667,95.0,-118.36611,34.05268,1.0,4.0,Entire home/apt,"[""Heating"", ""Free street parking"", ""Hair dryer"", ""Luggage dropoff allowed"", ""Long term stays allowed"", ""Lockbox"", ""Hot water"", ""First aid kit"", ""Dishes and silverware"", ""Hangers"", ""Refrigerator"", ""TV"", ""Wifi"", ""Essentials"", ""Coffee maker"", ""Private entrance"", ""Smoke alarm"", ""Cable TV"", ""Microwave""]",Entire guesthouse,95.0,1,4,0.28941133588481865,95.0
319,1929094,3.12,0.8666666666666667,98.5,-118.2695,34.1011,,2.0,Entire home/apt,"[""Stove"", ""Cooking basics"", ""First aid kit"", ""Kitchen"", ""Hangers"", ""Lake access"", ""Essentials"", ""Iron"", ""Heating"", ""Hair dryer"", ""Long term stays allowed"", ""Hot water"", ""Dedicated workspace"", ""Keypad"", ""TV"", ""Coffee maker"", ""Smoke alarm"", ""Refrigerator"", ""Microwave"", ""Air conditioning"", ""Shampoo"", ""Indoor fireplace"", ""Dishes and silverware"", ""Carbon monoxide alarm"", ""Fire extinguisher"", ""Wifi"", ""Cable TV"", ""Free street parking""]",Entire guesthouse,96.0,1,3,0.6302168762529615,
347,2111804,0.19,0.6916666666666667,177.5,-118.45461,34.16331,2.0,2.0,Entire home/apt,"[""Pack \u2019n Play/travel crib"", ""Dryer"", ""Bed linens"", ""Pool"", ""Children\u2019s books and toys"", ""Cooking basics"", ""Bathtub"", ""Kitchen"", ""Hangers"", ""Extra pillows and blankets"", ""Single level home"", ""Essentials"", ""Iron"", ""Oven"", ""Heating"", ""Washer"", ""Hair dryer"", ""Garden or backyard"", ""Long term stays allowed"", ""Hot water"", ""Dedicated workspace"", ""TV"", ""Coffee maker"", ""Smoke alarm"", ""Refrigerator"", ""Microwave"", ""Air conditioning"", ""Baking sheet"", ""Host greets you"", ""Dishes and silverware"", ""Carbon monoxide alarm"", ""Fire extinguisher"", ""High chair"", ""Wifi"", ""Hot tub"", ""Cable TV"", ""Free street parking""]",Entire guesthouse,99.0,3,5,0.7647166028795335,88.75
365,2326099,3.86,0.7500000000000001,194.0,-118.35534,34.09956,1.0,1.0,Entire home/apt,"[""Bed linens"", ""Pool"", ""Luggage dropoff allowed"", ""Cooking basics"", ""First aid kit"", ""Kitchen"", ""Hangers"", ""Extra pillows and blankets"", ""Essentials"", ""Iron"", ""Heating"", ""Hair dryer"", ""Garden or backyard"", ""Long term stays allowed"", ""Patio or balcony"", ""Hot water"", ""Dedicated workspace"", ""TV"", ""Coffee maker"", ""Free parking on premises"", ""Smoke alarm"", ""Breakfast"", ""Refrigerator"", ""Microwave"", ""Air conditioning"", ""Shampoo"", ""Host greets you"", ""Dishes and silverware"", ""Carbon monoxide alarm"", ""Private entrance"", ""Wifi"", ""Hot tub"", ""Cable TV"", ""Free street parking""]",Entire guesthouse,99.0,1,2,0.8175687989794058,194.0
373,2462114,1.52,0.0,120.0,-118.34954,34.08003,1.0,2.0,Entire home/apt,"[""Heating"", ""Pool"", ""Free street parking"", ""Hair dryer"", ""Air conditioning"", ""Garden or backyard"", ""Shampoo"", ""Patio or balcony"", ""Long term stays allowed"", ""Hot water"", ""Hangers"", ""Keypad"", ""Paid parking off premises"", ""TV"", ""Wifi"", ""Essentials"", ""Refrigerator"", ""Smoke alarm"", ""Cable TV"", ""Microwave""]",Entire guesthouse,98.0,1,4,0.04574448696919993,120.0
382,2560012,5.23,0.8416666666666667,115.5,-118.26702,34.10769,1.0,1.0,Entire home/apt,"[""Dryer"", ""Luggage dropoff allowed"", ""Bathtub"", ""First aid kit"", ""Kitchen"", ""Hangers"", ""Essentials"", ""Iron"", ""Heating"", ""Washer"", ""Hair dryer"", ""Garden or backyard"", ""Long term stays allowed"", ""Hot water"", ""Dedicated workspace"", ""Keypad"", ""Coffee maker"", ""Free parking on premises"", ""Smoke alarm"", ""Refrigerator"", ""Microwave"", ""Air conditioning"", ""Shampoo"", ""Dishes and silverware"", ""Carbon monoxide alarm"", ""Fire extinguisher"", ""Private entrance"", ""Wifi"", ""Free street parking""]",Entire guesthouse,98.0,1,2,0.6827045744486969,115.5
390,2665869,7.58,0.6333333333333333,95.0,-118.4544,33.99636,1.0,1.0,Entire home/apt,"[""Pack \u2019n Play/travel crib"", ""Dryer"", ""Luggage dropoff allowed"", ""Kitchen"", ""Hangers"", ""Essentials"", ""Iron"", ""Heating"", ""Washer"", ""Hair dryer"", ""Long term stays allowed"", ""Hot water"", ""Dedicated workspace"", ""Keypad"", ""TV"", ""Coffee maker"", ""Smoke alarm"", ""Refrigerator"", ""Shampoo"", ""Fire extinguisher"", ""Carbon monoxide alarm"", ""Wifi"", ""Free street parking""]",Entire guesthouse,98.0,2,4,0.5119373063604884,95.0
404,2943450,1.82,0.6083333333333334,177.25,-118.31309,33.78691,,2.0,Entire home/apt,"[""Pack \u2019n Play/travel crib"", ""Barbecue utensils"", ""Stove"", ""Crib"", ""Shower gel"", ""Sound system"", ""Dryer"", ""Laundromat nearby"", ""Bed linens"", ""Children\u2019s books and toys"", ""Luggage dropoff allowed"", ""Cooking basics"", ""Conditioner"", ""First aid kit"", ""Kitchen"", ""Hangers"", ""Extra pillows and blankets"", ""Single level home"", ""Changing table"", ""Essentials"", ""Iron"", ""Room-darkening shades"", ""Heating"", ""Washer"", ""Hair dryer"", ""Long term stays allowed"", ""Patio or balcony"", ""Hot water"", ""Dedicated workspace"", ""Keypad"", ""TV"", ""Coffee maker"", ""Free parking on premises"", ""Portable fans"", ""Smoke alarm"", ""Refrigerator"", ""Microwave"", ""Freezer"", ""Air conditioning"", ""Shampoo"", ""Ceiling fan"", ""Pour-over coffee"", ""Dishes and silverware"", ""Fire extinguisher"", ""Carbon monoxide alarm"", ""Ethernet connection"", ""Wifi"", ""Private entrance"", ""Body soap"", ""Beach essentials"", ""Cable TV"", ""Free street parking""]",Entire guesthouse,99.0,1,3,0.7213413522872244,
435,3344849,1.05,0.5333333333333333,141.75,-118.45399,33.99991,1.0,1.0,Entire home/apt,"[""Bed linens"", ""Lockbox"", ""Hangers"", ""Extra pillows and blankets"", ""Essentials"", ""Iron"", ""Heating"", ""Hot water"", ""Dedicated workspace"", ""TV"", ""Coffee maker"", ""Smoke alarm"", ""Refrigerator"", ""Microwave"", ""Air conditioning"", ""Dishes and silverware"", ""Carbon monoxide alarm"", ""Private entrance"", ""Wifi"", ""Cable TV"", ""Free street parking""]",Entire guesthouse,99.0,1,2,0.587023874612721,141.75
463,3679353,1.89,0.525,146.5,-118.33194,34.14794,1.0,2.0,Entire home/apt,"[""Shower gel"", ""Bed linens"", ""Luggage dropoff allowed"", ""Cooking basics"", ""First aid kit"", ""Hangers"", ""Extra pillows and blankets"", ""Single level home"", ""Essentials"", ""Iron"", ""Heating"", ""Hair dryer"", ""Long term stays allowed"", ""Patio or balcony"", ""Hot water"", ""Dedicated workspace"", ""TV"", ""Coffee maker"", ""Free parking on premises"", ""Smoke alarm"", ""Refrigerator"", ""Microwave"", ""Air conditioning"", ""Shampoo"", ""Indoor fireplace"", ""Host greets you"", ""Dishes and silverware"", ""Fire extinguisher"", ""Carbon monoxide alarm"", ""Ethernet connection"", ""Wifi"", ""Private entrance"", ""Cable TV"", ""Free street parking""]",Entire guesthouse,99.0,2,3,0.5932203389830508,146.5
487,3859844,5.29,0.7583333333333333,176.5,-118.3856,34.0237,1.0,2.0,Entire home/apt,"[""Heating"", ""Bedroom comforts"", ""Washer"", ""Hair dryer"", ""Air conditioning"", ""Garden or backyard"", ""Iron"", ""Full kitchen"", ""Dryer"", ""Self check-in"", ""Bathroom essentials"", ""TV"", ""Wifi"", ""Free parking on premises"", ""Coffee maker"", ""Carbon monoxide alarm"", ""Smoke alarm"", ""Fire extinguisher"", ""Beach essentials"", ""Free street parking""]",Entire guesthouse,99.0,2,4,0.7924184435939493,176.5
489,3883849,0.56,0.7250000000000001,72.25,-118.35164,34.19843,1.0,2.0,Entire home/apt,"[""Stove"", ""Shower gel"", ""Bed linens"", ""Luggage dropoff allowed"", ""Building staff"", ""Cooking basics"", ""First aid kit"", ""Kitchen"", ""Hangers"", ""Extra pillows and blankets"", ""Single level home"", ""Essentials"", ""Iron"", ""Oven"", ""Heating"", ""Hair dryer"", ""Garden or backyard"", ""Long term stays allowed"", ""Patio or balcony"", ""Hot water"", ""Dedicated workspace"", ""TV"", ""Coffee maker"", ""BBQ grill"", ""Smoke alarm"", ""Refrigerator"", ""Air conditioning"", ""Shampoo"", ""Dishes and silverware"", ""Carbon monoxide alarm"", ""Private entrance"", ""Wifi"", ""Cleaning before checkout"", ""Cable TV"", ""Free street parking""]",Entire guesthouse,92.0,4,2,0.46765081100783673,72.25
491,3898292,4.12,0.8666666666666666,123.0,-118.40892,34.00845,1.0,1.0,Entire home/apt,"[""Pack \u2019n Play/travel crib"", ""Stove"", ""Shower gel"", ""Dryer"", ""Bed linens"", ""Luggage dropoff allowed"", ""Building staff"", ""Cooking basics"", ""First aid kit"", ""Kitchen"", ""Hangers"", ""Extra pillows and blankets"", ""Single level home"", ""Essentials"", ""Iron"", ""Room-darkening shades"", ""Oven"", ""Heating"", ""Washer"", ""Hair dryer"", ""Garden or backyard"", ""Long term stays allowed"", ""Patio or balcony"", ""Hot water"", ""Dedicated workspace"", ""TV"", ""Coffee maker"", ""BBQ grill"", ""Smoke alarm"", ""Refrigerator"", ""Microwave"", ""Air conditioning"", ""Shampoo"", ""Baking sheet"", ""Dishes and silverware"", ""Dishwasher"", ""Fire extinguisher"", ""Carbon monoxide alarm"", ""Private entrance"", ""Wifi"", ""Cable TV"", ""Free street parking""]",Entire guesthouse,99.0,2,2,0.7166028795334427,123.0
497,4024390,3.24,0.9166666666666667,86.75,-118.40932,34.00964,,1.0,Entire home/apt,"[""Stove"", ""Lockbox"", ""Cooking basics"", ""First aid kit"", ""Kitchen"", ""Hangers"", ""Essentials"", ""Iron"", ""Oven"", ""Heating"", ""Hair dryer"", ""Garden or backyard"", ""Long term stays allowed"", ""Patio or balcony"", ""Hot water"", ""TV"", ""Coffee maker"", ""Smoke alarm"", ""Refrigerator"", ""Microwave"", ""Air conditioning"", ""Shampoo"", ""Dishes and silverware"", ""Carbon monoxide alarm"", ""Private entrance"", ""Wifi"", ""Free street parking""]",Entire guesthouse,97.0,1,2,0.6061600145799162,
549,4351904,1.6,0.6416666666666667,232.5,-118.2761,34.17838,1.0,2.0,Entire home/apt,"[""Barbecue utensils"", ""Stove"", ""Shower gel"", ""Sound system"", ""Record player"", ""Dryer"", ""Bed linens"", ""Pool"", ""Lockbox"", ""Wifi"", ""Luggage dropoff allowed"", ""Cooking basics"", ""Conditioner"", ""First aid kit"", ""Kitchen"", ""Hangers"", ""Extra pillows and blankets"", ""Single level home"", ""Essentials"", ""Rice maker"", ""Iron"", ""Oven"", ""Heating"", ""Washer"", ""Hair dryer"", ""Garden or backyard"", ""Long term stays allowed"", ""Patio or balcony"", ""Hot water"", ""Dedicated workspace"", ""TV"", ""Coffee maker"", ""Free parking on premises"", ""BBQ grill"", ""Smoke alarm"", ""Refrigerator"", ""Microwave"", ""Freezer"", ""Air conditioning"", ""Shampoo"", ""Baking sheet"", ""Dishes and silverware"", ""Fire extinguisher"", ""Carbon monoxide alarm"", ""Ethernet connection"", ""Piano"", ""Private entrance"", ""Body soap"", ""Beach essentials"", ""Free street parking""]",Entire guesthouse,99.0,1,3,0.8223072717331875,232.5
553,4386566,5.21,0.75,133.5,-118.45774,33.99499,,1.0,Entire home/apt,"[""Bed linens"", ""Hangers"", ""Bikes"", ""Single level home"", ""Essentials"", ""Iron"", ""Heating"", ""Hair dryer"", ""Long term stays allowed"", ""Patio or balcony"", ""Hot water"", ""Dedicated workspace"", ""Keypad"", ""TV"", ""Coffee maker"", ""Smoke alarm"", ""Refrigerator"", ""Microwave"", ""Outdoor furniture"", ""Shampoo"", ""Dishes and silverware"", ""Carbon monoxide alarm"", ""Fire extinguisher"", ""Private entrance"", ""Wifi"", ""Free street parking""]",Entire guesthouse,97.0,1,2,0.6937306360488427,
555,4431792,1.5,0.7250000000000001,234.5,-118.59835,34.09028,1.0,3.0,Entire home/apt,"[""Hot water kettle"", ""Stove"", ""Shower gel"", ""Dryer"", ""Bed linens"", ""Dining table"", ""Luggage dropoff allowed"", ""Clothing storage: dresser and closet"", ""Cleaning products"", ""Cooking basics"", ""Building staff"", ""Kitchen"", ""Hangers"", ""Extra pillows and blankets"", ""Essentials"", ""Iron"", ""Oven"", ""Heating"", ""Washer"", ""Hair dryer"", ""Garden or backyard"", ""Long term stays allowed"", ""Patio or balcony"", ""Hot water"", ""Dedicated workspace"", ""Babysitter recommendations"", ""TV"", ""Coffee maker"", ""Free parking on premises"", ""Wine glasses"", ""Portable fans"", ""Smoke alarm"", ""Refrigerator"", ""Freezer"", ""Outdoor furniture"", ""Air conditioning"", ""Shampoo"", ""Ceiling fan"", ""Toaster"", ""Pour-over coffee"", ""Dishes and silverware"", ""Fire extinguisher"", ""Carbon monoxide alarm"", ""High chair"", ""Wifi"", ""Private entrance"", ""Free street parking""]",Entire guesthouse,96.0,1,5,0.8498268634955349,234.5
572,4629321,2.0,0.8916666666666666,81.0,-118.44665,34.00285,,2.0,Entire home/apt,"[""Dryer"", ""Bed linens"", ""Lockbox"", ""Children\u2019s books and toys"", ""Luggage dropoff allowed"", ""Cooking basics"", ""First aid kit"", ""Hangers"", ""Extra pillows and blankets"", ""Single level home"", ""Essentials"", ""Iron"", ""Heating"", ""Washer"", ""Hair dryer"", ""Garden or backyard"", ""Hot water"", ""Dedicated workspace"", ""TV"", ""Coffee maker"", ""Free parking on premises"", ""Smoke alarm"", ""Refrigerator"", ""Air conditioning"", ""Shampoo"", ""Dishes and silverware"", ""Private entrance"", ""Wifi"", ""Cable TV"", ""Free street parking""]",Entire guesthouse,91.0,1,2,0.5720794605431019,
579,4776301,4.61,0.7333333333333334,3341.5,-118.4546,34.00678,,1.0,Entire home/apt,"[""Heating"", ""Bedroom comforts"", ""Hair dryer"", ""Air conditioning"", ""Garden or backyard"", ""Smoking allowed"", ""Dishwasher"", ""Kitchen"", ""Self check-in"", ""Bathroom essentials"", ""TV"", ""Wifi"", ""Free parking on premises"", ""Coffee maker"", ""Carbon monoxide alarm"", ""Smoke alarm"", ""Fire extinguisher"", ""Iron"", ""Free street parking""]",Entire guesthouse,98.0,1,3,0.9998177510479315,
595,4900481,1.44,0.008333333333333333,165.0,-118.31333,34.11596,1.0,1.0,Entire home/apt,"[""Barbecue utensils"", ""Stove"", ""Dryer"", ""Bed linens"", ""Pool"", ""Luggage dropoff allowed"", ""Cooking basics"", ""Bathtub"", ""Conditioner"", ""First aid kit"", ""Kitchen"", ""Hangers"", ""Essentials"", ""Iron"", ""Oven"", ""Heating"", ""Washer"", ""Hair dryer"", ""Garden or backyard"", ""Long term stays allowed"", ""Patio or balcony"", ""Hot water"", ""Dedicated workspace"", ""TV"", ""Coffee maker"", ""BBQ grill"", ""Smoke alarm"", ""Refrigerator"", ""Microwave"", ""Air conditioning"", ""Shampoo"", ""Dishes and silverware"", ""Carbon monoxide alarm"", ""Fire extinguisher"", ""Ethernet connection"", ""Wifi"", ""Private entrance"", ""Body soap"", ""Cable TV"", ""Free street parking""]",Entire guesthouse,91.0,4,2,0.1046108984873337,165.0
605,4998054,1.45,0.7000000000000001,356.5,-118.31794,34.1589,1.0,2.0,Entire home/apt,"[""Pack \u2019n Play/travel crib"", ""Full kitchen"", ""Crib"", ""Dryer"", ""Pool"", ""Children\u2019s books and toys"", ""Children\u2019s dinnerware"", ""Bathroom essentials"", ""Iron"", ""Room-darkening shades"", ""Heating"", ""Bedroom comforts"", ""Washer"", ""Free street parking"", ""Hair dryer"", ""Garden or backyard"", ""TV"", ""Coffee maker"", ""Free parking on premises"", ""Private hot tub"", ""Smoke alarm"", ""Air conditioning"", ""Carbon monoxide alarm"", ""Pool toys"", ""High chair"", ""Wifi"", ""Fire extinguisher"", ""Pets allowed""]",Entire guesthouse,100.0,1,3,0.9187169673774376,356.5
613,5070285,2.37,0.8166666666666667,85.5,-118.3621,33.97849,,1.0,Entire home/apt,"[""Heating"", ""Garden or backyard"", ""Shampoo"", ""Cooking basics"", ""Patio or balcony"", ""Hot water"", ""Long term stays allowed"", ""Kitchen"", ""Hangers"", ""Dedicated workspace"", ""Dishes and silverware"", ""Keypad"", ""TV"", ""Wifi"", ""Essentials"", ""Refrigerator"", ""Free street parking""]",Entire guesthouse,92.0,3,2,0.5629670129396755,
