df_21.csv
,id,reviews_per_month,demand,price,longitude,latitude,bedrooms,beds,room_type,amenities,property_type,review_scores_rating,calculated_host_listings_count,accommodates,annual_return,price_per_bedroom
4,14124,1.24,0.7166666666666668,171.25,-118.3871,33.83984,1.0,1.0,Entire home/apt,"[""Pack \u2019n Play/travel crib"", ""Stove"", ""Bed linens"", ""Cooking basics"", ""Kitchen"", ""Hangers"", ""Extra pillows and blankets"", ""Essentials"", ""Iron"", ""Oven"", ""Heating"", ""Hair dryer"", ""Garden or backyard"", ""Long term stays allowed"", ""Patio or balcony"", ""Hot water"", ""Dedicated workspace"", ""TV"", ""Coffee maker"", ""Smoke alarm"", ""Refrigerator"", ""Shampoo"", ""Host greets you"", ""Dishes and silverware"", ""Fire extinguisher"", ""Carbon monoxide alarm"", ""Private entrance"", ""Wifi"", ""Cable TV"", ""Free street parking""]",Entire bungalow,96.0,4,4,0.7645343539274649,171.25
5,15089,0.47,0.7749999999999999,138.0,-118.3522,34.04244,1.0,1.0,Entire home/apt,"[""Stove"", ""Bed linens"", ""Pocket wifi"", ""Luggage dropoff allowed"", ""Cooking basics"", ""Kitchen"", ""Hangers"", ""Extra pillows and blankets"", ""Single level home"", ""Essentials"", ""Iron"", ""Oven"", ""Heating"", ""Garden or backyard"", ""Long term stays allowed"", ""Patio or balcony"", ""Hot water"", ""Dedicated workspace"", ""Keypad"", ""TV"", ""Smoke alarm"", ""Refrigerator"", ""Microwave"", ""Shampoo"", ""Dishes and silverware"", ""Dishwasher"", ""Carbon monoxide alarm"", ""Wifi"", ""Cleaning before checkout"", ""Cable TV"", ""Free street parking""]",Entire bungalow,95.0,3,2,0.7175141242937854,138.0
9,24030,2.06,0.09166666666666666,130.0,-118.47301,33.98798,1.0,1.0,Entire home/apt,"[""Stove"", ""Cooking basics"", ""First aid kit"", ""Kitchen"", ""Hangers"", ""Essentials"", ""Iron"", ""Oven"", ""Heating"", ""Hair dryer"", ""Garden or backyard"", ""Long term stays allowed"", ""Patio or balcony"", ""Hot water"", ""Dedicated workspace"", ""Smoke alarm"", ""Refrigerator"", ""Shampoo"", ""Host greets you"", ""Dishes and silverware"", ""Carbon monoxide alarm"", ""Wifi"", ""Free street parking""]",Entire bungalow,97.0,1,2,0.20165846546382357,130.0
53,278106,0.49,0.15,189.0,-118.46322,33.97871,1.0,3.0,Entire home/apt,"[""Stove"", ""Bed linens"", ""Luggage dropoff allowed"", ""Cooking basics"", ""Kitchen"", ""Hangers"", ""Extra pillows and blankets"", ""Paid parking off premises"", ""Essentials"", ""Iron"", ""Oven"", ""Heating"", ""Hair dryer"", ""Long term stays allowed"", ""Patio or balcony"", ""Hot water"", ""Dedicated workspace"", ""TV"", ""Coffee maker"", ""BBQ grill"", ""Smoke alarm"", ""Refrigerator"", ""Microwave"", ""Shampoo"", ""Dishes and silverware"", ""Carbon monoxide alarm"", ""Wifi"", ""Beach essentials"", ""Cable TV"", ""Free street parking""]",Entire bungalow,93.0,1,3,0.3280481137233461,189.0
93,463903,0.51,0.06666666666666667,339.0,-118.25883,34.0732,3.0,6.0,Entire home/apt,"[""Shower gel"", ""Dryer"", ""Bed linens"", ""Kitchen"", ""Hangers"", ""Extra pillows and blankets"", ""Iron"", ""Heating"", ""Washer"", ""Hair dryer"", ""Long term stays allowed"", ""Hot water"", ""Dedicated workspace"", ""TV"", ""Coffee maker"", ""Shampoo"", ""Indoor fireplace"", ""Dishes and silverware"", ""Private entrance"", ""Wifi"", ""Cable TV"", ""Free street parking""]",Entire bungalow,92.0,3,9,0.28649535265172227,113.0
122,667836,0.14,0.7166666666666666,116.25,-117.99659,34.14509,1.0,2.0,Entire home/apt,"[""Heating"", ""Washer"", ""Wifi"", ""Air conditioning"", ""Long term stays allowed"", ""Shampoo"", ""Hot water"", ""Kitchen"", ""Hangers"", ""Dedicated workspace"", ""Carbon monoxide alarm"", ""Free parking on premises"", ""Essentials"", ""TV"", ""Dryer"", ""Smoke alarm"", ""Iron"", ""Free street parking""]",Entire bungalow,98.0,1,4,0.6212866776016038,116.25
248,1393795,0.97,0.7083333333333334,360.0,-118.47967,33.99546,2.0,3.0,Entire home/apt,"[""Pack \u2019n Play/travel crib"", ""Stove"", ""Shower gel"", ""Dryer"", ""Bed linens"", ""Cooking basics"", ""Bathtub"", ""First aid kit"", ""Kitchen"", ""Hangers"", ""Extra pillows and blankets"", ""Essentials"", ""Iron"", ""Room-darkening shades"", ""Oven"", ""Heating"", ""Washer"", ""Hair dryer"", ""Garden or backyard"", ""Long term stays allowed"", ""Patio or balcony"", ""Hot water"", ""Dedicated workspace"", ""Keypad"", ""TV"", ""Coffee maker"", ""Smoke alarm"", ""Refrigerator"", ""Microwave"", ""Air conditioning"", ""Shampoo"", ""Dishes and silverware"", ""Dishwasher"", ""Carbon monoxide alarm"", ""Fire extinguisher"", ""Ethernet connection"", ""Wifi"", ""Private entrance"", ""Free street parking""]",Entire bungalow,95.0,1,4,0.9209039548022598,180.0
290,1737628,0.59,0.7166666666666667,180.25,-118.27635,34.07651,1.0,1.0,Entire home/apt,"[""Stove"", ""Dryer"", ""Cooking basics"", ""First aid kit"", ""Kitchen"", ""Hangers"", ""Essentials"", ""Oven"", ""Heating"", ""Washer"", ""Hair dryer"", ""Garden or backyard"", ""Long term stays allowed"", ""Patio or balcony"", ""Hot water"", ""Dedicated workspace"", ""Keypad"", ""TV"", ""Coffee maker"", ""Free parking on premises"", ""Smoke alarm"", ""Refrigerator"", ""Air conditioning"", ""Dishwasher"", ""Dishes and silverware"", ""Carbon monoxide alarm"", ""Wifi"", ""Cable TV"", ""Free street parking""]",Entire bungalow,96.0,2,4,0.7813012575177692,180.25
353,2210493,0.85,0.8833333333333333,170.5,-118.36133,34.13492,1.0,1.0,Entire home/apt,"[""Stove"", ""Dryer"", ""Bed linens"", ""Cooking basics"", ""Bathtub"", ""First aid kit"", ""Kitchen"", ""Hangers"", ""Extra pillows and blankets"", ""Single level home"", ""Essentials"", ""Iron"", ""Oven"", ""Heating"", ""Washer"", ""Hair dryer"", ""Garden or backyard"", ""Long term stays allowed"", ""Patio or balcony"", ""Hot water"", ""Dedicated workspace"", ""TV"", ""Coffee maker"", ""Free parking on premises"", ""Smoke alarm"", ""Refrigerator"", ""Microwave"", ""Air conditioning"", ""Shampoo"", ""Indoor fireplace"", ""Dishes and silverware"", ""Dishwasher"", ""Fire extinguisher"", ""Carbon monoxide alarm"", ""Private entrance"", ""Wifi"", ""Smart lock"", ""Cable TV""]",Entire bungalow,99.0,1,2,0.8243120102059414,170.5
358,2249282,0.27,0.5916666666666667,135.0,-118.26,34.09904,2.0,2.0,Entire home/apt,"[""Stove"", ""Dryer"", ""Bed linens"", ""Luggage dropoff allowed"", ""Cooking basics"", ""Kitchen"", ""Hangers"", ""Extra pillows and blankets"", ""Lake access"", ""Essentials"", ""Iron"", ""Oven"", ""Heating"", ""Washer"", ""Hair dryer"", ""Waterfront"", ""Garden or backyard"", ""Long term stays allowed"", ""Patio or balcony"", ""Hot water"", ""Dedicated workspace"", ""Keypad"", ""TV"", ""Coffee maker"", ""Free parking on premises"", ""Smoke alarm"", ""Refrigerator"", ""Microwave"", ""Shampoo"", ""Dishes and silverware"", ""Fire extinguisher"", ""Carbon monoxide alarm"", ""Wifi"", ""Cleaning before checkout"", ""Beach essentials"", ""Cable TV""]",Entire bungalow,89.0,5,6,0.6068890103881903,67.5
410,3048343,1.6,0.775,321.5,-118.46635,33.98646,3.0,3.0,Entire home/apt,"[""Pack \u2019n Play/travel crib"", ""Stove"", ""Dryer"", ""Bed linens"", ""Lockbox"", ""Children\u2019s books and toys"", ""Luggage dropoff allowed"", ""Cooking basics"", ""Bathtub"", ""First aid kit"", ""Kitchen"", ""Hangers"", ""Extra pillows and blankets"", ""Single level home"", ""Essentials"", ""Iron"", ""Oven"", ""Heating"", ""Washer"", ""Hair dryer"", ""Garden or backyard"", ""Long term stays allowed"", ""Patio or balcony"", ""Hot water"", ""Dedicated workspace"", ""TV"", ""Coffee maker"", ""Free parking on premises"", ""BBQ grill"", ""Smoke alarm"", ""Refrigerator"", ""Microwave"", ""Air conditioning"", ""Shampoo"", ""Dishes and silverware"", ""Dishwasher"", ""Carbon monoxide alarm"", ""Fire extinguisher"", ""High chair"", ""Wifi"", ""Private entrance"", ""Beach essentials"", ""Cable TV"", ""Free street parking""]",Entire bungalow,99.0,1,6,0.918534718425369,107.16666666666667
513,4134377,0.21,0.0,340.0,-118.19846,34.13611,2.0,2.0,Entire home/apt,"[""Dryer"", ""Lockbox"", ""Cooking basics"", ""First aid kit"", ""Kitchen"", ""Hangers"", ""Essentials"", ""Iron"", ""Heating"", ""Washer"", ""Hair dryer"", ""Long term stays allowed"", ""Hot water"", ""Dedicated workspace"", ""TV"", ""Free parking on premises"", ""Smoke alarm"", ""Air conditioning"", ""Shampoo"", ""Dishes and silverware"", ""Fire extinguisher"", ""Carbon monoxide alarm"", ""Wifi"", ""Free street parking""]",Entire bungalow,100.0,1,4,0.04574448696919993,170.0
532,4227570,1.27,0.6,289.0,-118.3709,34.05095,2.0,2.0,Entire home/apt,"[""Stove"", ""Cooking basics"", ""Kitchen"", ""Hangers"", ""Essentials"", ""Iron"", ""Oven"", ""Heating"", ""Hair dryer"", ""Garden or backyard"", ""Long term stays allowed"", ""Patio or balcony"", ""Hot water"", ""Dedicated workspace"", ""Keypad"", ""TV"", ""Coffee maker"", ""Smoke alarm"", ""Refrigerator"", ""Air conditioning"", ""Indoor fireplace"", ""Dishes and silverware"", ""Dishwasher"", ""Carbon monoxide alarm"", ""Fire extinguisher"", ""Wifi"", ""Hot tub"", ""Cable TV"", ""Free street parking""]",Entire bungalow,96.0,1,4,0.854018589393111,144.5
536,4256314,3.49,0.675,562.0,-118.6724,34.03869,1.0,2.0,Entire home/apt,"[""Heating"", ""Bedroom comforts"", ""Washer"", ""Hair dryer"", ""Smoke alarm"", ""Full kitchen"", ""Indoor fireplace"", ""Dryer"", ""Self check-in"", ""Bathroom essentials"", ""TV"", ""Wifi"", ""Free parking on premises"", ""Coffee maker"", ""Fireplace guards"", ""Carbon monoxide alarm"", ""Fire extinguisher"", ""Iron"", ""Room-darkening shades""]",Entire bungalow,97.0,9,4,0.9579004920721705,562.0
546,4342354,1.27,0.8166666666666667,242.0,-118.47226,34.0035,2.0,2.0,Entire home/apt,"[""Stove"", ""Dryer"", ""Bed linens"", ""Lockbox"", ""Luggage dropoff allowed"", ""Cooking basics"", ""Kitchen"", ""Hangers"", ""EV charger"", ""Extra pillows and blankets"", ""Single level home"", ""Essentials"", ""Iron"", ""Oven"", ""Heating"", ""Washer"", ""Hair dryer"", ""Garden or backyard"", ""Long term stays allowed"", ""Patio or balcony"", ""Hot water"", ""Dedicated workspace"", ""TV"", ""Coffee maker"", ""Free parking on premises"", ""BBQ grill"", ""Smoke alarm"", ""Refrigerator"", ""Shampoo"", ""Dishes and silverware"", ""Dishwasher"", ""Carbon monoxide alarm"", ""Wifi"", ""Cable TV"", ""Free street parking""]",Entire bungalow,96.0,1,6,0.8833606706761437,121.0
603,4974526,0.01,0.3666666666666667,135.0,-118.28826,33.71323,2.0,2.0,Entire home/apt,"[""Stove"", ""Dryer"", ""Bed linens"", ""Cooking basics"", ""Kitchen"", ""Hangers"", ""Extra pillows and blankets"", ""Essentials"", ""Iron"", ""Oven"", ""Heating"", ""Washer"", ""Hair dryer"", ""Garden or backyard"", ""Long term stays allowed"", ""Patio or balcony"", ""Hot water"", ""TV"", ""Coffee maker"", ""Smoke alarm"", ""Refrigerator"", ""Microwave"", ""Host greets you"", ""Dishwasher"", ""Dishes and silverware"", ""Carbon monoxide alarm"", ""Fire extinguisher"", ""Private entrance"", ""Cable TV"", ""Free street parking""]",Entire bungalow,,2,3,0.45434663750683435,67.5
7,19887,1.88,0.0,75.0,-118.28474,34.08517,1.0,1.0,Private room,"[""Heating"", ""Hair dryer"", ""Air conditioning"", ""Long term stays allowed"", ""Shampoo"", ""Hot water"", ""Kitchen"", ""Hangers"", ""Dishes and silverware"", ""Wifi"", ""Essentials"", ""Iron"", ""Lockbox"", ""Free street parking""]",Private room in house,97.0,2,2,0.04574448696919993,75.0
13,45392,0.19,0.5916666666666667,56.5,-118.22391,34.10642,1.0,0.0,Private room,"[""Dryer"", ""Bed linens"", ""Luggage dropoff allowed"", ""Building staff"", ""Kitchen"", ""Hangers"", ""Essentials"", ""Iron"", ""Heating"", ""Washer"", ""Long term stays allowed"", ""Hot water"", ""Lock on bedroom door"", ""Dedicated workspace"", ""TV"", ""Free parking on premises"", ""Smoke alarm"", ""Air conditioning"", ""Private entrance"", ""Wifi"", ""Cable TV"", ""Free street parking""]",Private room in house,98.0,1,3,0.3596683069072353,56.5
15,47537,1.28,0.03333333333333333,400.0,-118.75532,34.02956,1.0,0.0,Private room,"[""Beachfront"", ""Stove"", ""Dryer"", ""Pool"", ""Luggage dropoff allowed"", ""Cooking basics"", ""First aid kit"", ""Kitchen"", ""Hangers"", ""Essentials"", ""Iron"", ""Oven"", ""Heating"", ""Washer"", ""Hair dryer"", ""Garden or backyard"", ""Long term stays allowed"", ""Patio or balcony"", ""Hot water"", ""Lock on bedroom door"", ""Dedicated workspace"", ""TV"", ""Coffee maker"", ""Free parking on premises"", ""Smoke alarm"", ""Refrigerator"", ""Microwave"", ""Air conditioning"", ""Shampoo"", ""Host greets you"", ""Dishes and silverware"", ""Dishwasher"", ""Carbon monoxide alarm"", ""Fire extinguisher"", ""Private entrance"", ""Wifi"", ""Cable TV""]",Private room in house,97.0,5,2,0.21432476763258612,400.0
21,69838,4.91,0.4,99.75,-118.33628,34.03853,1.0,2.0,Private room,"[""Stove"", ""Dryer"", ""Bed linens"", ""Pool"", ""Luggage dropoff allowed"", ""Cooking basics"", ""First aid kit"", ""Kitchen"", ""Hangers"", ""Extra pillows and blankets"", ""Essentials"", ""Iron"", ""Oven"", ""Heating"", ""Washer"", ""Hair dryer"", ""Garden or backyard"", ""Long term stays allowed"", ""Patio or balcony"", ""Hot water"", ""Dedicated workspace"", ""TV"", ""Coffee maker"", ""Free parking on premises"", ""Smoke alarm"", ""Refrigerator"", ""Piano"", ""Indoor fireplace"", ""Host greets you"", ""Dishes and silverware"", ""Carbon monoxide alarm"", ""Ethernet connection"", ""Wifi"", ""Hot tub"", ""Cable TV"", ""Free street parking""]",Private room in house,96.0,1,4,0.4011299435028249,99.75
25,85246,0.17,0.0,105.0,-118.36349,34.05456,1.0,1.0,Private room,"[""Dryer"", ""Luggage dropoff allowed"", ""First aid kit"", ""Kitchen"", ""Hangers"", ""Essentials"", ""Iron"", ""Heating"", ""Washer"", ""Hair dryer"", ""Long term stays allowed"", ""Hot water"", ""Lock on bedroom door"", ""Dedicated workspace"", ""TV"", ""Smoke alarm"", ""Shampoo"", ""Indoor fireplace"", ""Host greets you"", ""Carbon monoxide alarm"", ""Wifi"", ""Cable TV"", ""Free street parking""]",Private room in house,99.0,2,2,0.04574448696919993,105.0
30,113253,0.18,0.2,80.0,-118.37121,34.04891,1.0,1.0,Private room,"[""Stove"", ""Dryer"", ""Bed linens"", ""Cooking basics"", ""First aid kit"", ""Kitchen"", ""Hangers"", ""Extra pillows and blankets"", ""Essentials"", ""Iron"", ""Oven"", ""Heating"", ""Washer"", ""Hair dryer"", ""Garden or backyard"", ""Long term stays allowed"", ""Patio or balcony"", ""Hot water"", ""Dedicated workspace"", ""TV"", ""Coffee maker"", ""Smoke alarm"", ""Refrigerator"", ""Microwave"", ""Air conditioning"", ""Shampoo"", ""Indoor fireplace"", ""Host greets you"", ""Dishes and silverware"", ""Fire extinguisher"", ""Carbon monoxide alarm"", ""Wifi"", ""Cable TV"", ""Free street parking""]",Private room in house,92.0,1,2,0.2351922726444323,80.0
39,185557,0.11,0.7833333333333333,75.0,-118.42193,33.96047,1.0,0.0,Private room,"[""Heating"", ""Hair dryer"", ""Long term stays allowed"", ""Hot water"", ""Indoor fireplace"", ""Host greets you"", ""Kitchen"", ""Hangers"", ""Dedicated workspace"", ""Carbon monoxide alarm"", ""Fire extinguisher"", ""Free parking on premises"", ""Wifi"", ""Essentials"", ""Smoke alarm"", ""Iron""]",Private room in house,98.0,2,1,0.5030982321851649,75.0
40,187526,1.57,0.14166666666666666,310.0,-118.7569,34.03036,1.0,1.0,Private room,"[""Beachfront"", ""Stove"", ""Dryer"", ""Bed linens"", ""Pool"", ""Luggage dropoff allowed"", ""Cooking basics"", ""First aid kit"", ""Kitchen"", ""Hangers"", ""Extra pillows and blankets"", ""Essentials"", ""Iron"", ""Oven"", ""Heating"", ""Washer"", ""Hair dryer"", ""Garden or backyard"", ""Long term stays allowed"", ""Patio or balcony"", ""Hot water"", ""Lock on bedroom door"", ""Dedicated workspace"", ""TV"", ""Coffee maker"", ""Free parking on premises"", ""Smoke alarm"", ""Refrigerator"", ""Microwave"", ""Air conditioning"", ""Shampoo"", ""Host greets you"", ""Dishwasher"", ""Dishes and silverware"", ""Fire extinguisher"", ""Carbon monoxide alarm"", ""Wifi"", ""Cable TV""]",Private room in house,96.0,5,2,0.42664479679241846,310.0
43,212202,1.34,0.6,65.0,-118.12746,33.86693,1.0,1.0,Private room,"[""Bed linens"", ""Bathtub"", ""First aid kit"", ""Hangers"", ""Extra pillows and blankets"", ""Single level home"", ""Essentials"", ""Iron"", ""Heating"", ""Hair dryer"", ""Hot water"", ""Dedicated workspace"", ""TV"", ""Coffee maker"", ""Free parking on premises"", ""Smoke alarm"", ""Refrigerator"", ""Microwave"", ""Air conditioning"", ""Shampoo"", ""Host greets you"", ""Dishes and silverware"", ""Carbon monoxide alarm"", ""Fire extinguisher"", ""Wifi"", ""Cable TV"", ""Free street parking""]",Private room in house,99.0,1,2,0.3957535994168034,65.0
45,229209,1.09,0.0,92.0,-118.42043,34.0513,1.0,1.0,Private room,"[""Stove"", ""Crib"", ""Shower gel"", ""Dryer"", ""Fireplace guards"", ""Bed linens"", ""Children\u2019s books and toys"", ""Cooking basics"", ""First aid kit"", ""Kitchen"", ""Hangers"", ""Extra pillows and blankets"", ""Children\u2019s dinnerware"", ""Essentials"", ""Iron"", ""Oven"", ""Heating"", ""Washer"", ""Hair dryer"", ""Long term stays allowed"", ""Hot water"", ""Lock on bedroom door"", ""Dedicated workspace"", ""Babysitter recommendations"", ""TV"", ""Coffee maker"", ""Free parking on premises"", ""Smoke alarm"", ""Refrigerator"", ""Microwave"", ""Air conditioning"", ""Shampoo"", ""Indoor fireplace"", ""Dishes and silverware"", ""Dishwasher"", ""Carbon monoxide alarm"", ""Ethernet connection"", ""Wifi"", ""Private entrance"", ""Hot tub"", ""Cable TV""]",Private room in house,95.0,1,2,0.04574448696919993,92.0
