df_21.csv
,id,reviews_per_month,demand,price,longitude,latitude,bedrooms,beds,room_type,amenities,property_type,review_scores_rating,calculated_host_listings_count,accommodates,annual_return,price_per_bedroom
61,300311,0.28,0.225,65.0,-118.31253,34.04759,1.0,1.0,Private room,"[""Barbecue utensils"", ""Stove"", ""Dryer"", ""Bed linens"", ""Cooking basics"", ""First aid kit"", ""Kitchen"", ""Hangers"", ""Extra pillows and blankets"", ""Essentials"", ""Iron"", ""Oven"", ""Heating"", ""Washer"", ""Hair dryer"", ""Garden or backyard"", ""Long term stays allowed"", ""Patio or balcony"", ""Hot water"", ""Lock on bedroom door"", ""Dedicated workspace"", ""TV"", ""Coffee maker"", ""BBQ grill"", ""Smoke alarm"", ""Refrigerator"", ""Microwave"", ""Baking sheet"", ""Dishes and silverware"", ""Fire extinguisher"", ""Carbon monoxide alarm"", ""Ethernet connection"", ""Wifi"", ""Cable TV"", ""Free street parking""]",Private room in house,91.0,19,1,0.2231638418079096,65.0
66,300476,1.3,0.6833333333333333,50.0,-118.46221,34.00029,1.0,1.0,Private room,"[""Bed linens"", ""Luggage dropoff allowed"", ""Bathtub"", ""First aid kit"", ""Hangers"", ""Extra pillows and blankets"", ""Single level home"", ""Essentials"", ""Iron"", ""Heating"", ""Hair dryer"", ""Long term stays allowed"", ""Patio or balcony"", ""Hot water"", ""Lock on bedroom door"", ""Dedicated workspace"", ""BBQ grill"", ""Smoke alarm"", ""Refrigerator"", ""Microwave"", ""Dishes and silverware"", ""Carbon monoxide alarm"", ""Private entrance"", ""Wifi"", ""Cleaning before checkout"", ""Free street parking""]",Private room in house,91.0,1,2,0.3655913978494624,50.0
73,326787,1.86,0.2833333333333333,110.0,-118.35362,34.10039,1.0,1.0,Private room,"[""Crib"", ""First aid kit"", ""Hangers"", ""Children\u2019s dinnerware"", ""Essentials"", ""Iron"", ""Heating"", ""Hair dryer"", ""Long term stays allowed"", ""Hot water"", ""Lock on bedroom door"", ""Dedicated workspace"", ""TV"", ""Free parking on premises"", ""Smoke alarm"", ""Breakfast"", ""Refrigerator"", ""Air conditioning"", ""Shampoo"", ""Host greets you"", ""Dishes and silverware"", ""Fire extinguisher"", ""Wifi"", ""Cable TV"", ""Free street parking""]",Private room in house,97.0,1,2,0.3471842536905413,110.0
86,411493,0.18,0.03333333333333333,90.0,-118.10218,34.15419,1.0,2.0,Private room,"[""Dryer"", ""Luggage dropoff allowed"", ""Kitchen"", ""Hangers"", ""Essentials"", ""Iron"", ""Washer"", ""Hair dryer"", ""Long term stays allowed"", ""Hot water"", ""Lock on bedroom door"", ""Dedicated workspace"", ""TV"", ""Free parking on premises"", ""Smoke alarm"", ""Air conditioning"", ""Host greets you"", ""Carbon monoxide alarm"", ""Fire extinguisher"", ""Wifi"", ""Cable TV""]",Private room in house,90.0,2,2,0.1266630216876253,90.0
92,463025,3.17,0.4916666666666667,96.0,-118.42394,33.98967,1.0,1.0,Private room,"[""Barbecue utensils"", ""Stove"", ""Shower gel"", ""Dryer"", ""Fireplace guards"", ""Bed linens"", ""Lockbox"", ""Luggage dropoff allowed"", ""Cooking basics"", ""First aid kit"", ""Kitchen"", ""Hangers"", ""EV charger"", ""Extra pillows and blankets"", ""Single level home"", ""Essentials"", ""Iron"", ""Oven"", ""Heating"", ""Washer"", ""Hair dryer"", ""Garden or backyard"", ""Long term stays allowed"", ""Patio or balcony"", ""Hot water"", ""Lock on bedroom door"", ""Dedicated workspace"", ""Coffee maker"", ""Free parking on premises"", ""BBQ grill"", ""Smoke alarm"", ""Refrigerator"", ""Air conditioning"", ""Shampoo"", ""Baking sheet"", ""Indoor fireplace"", ""Dishes and silverware"", ""Dishwasher"", ""Carbon monoxide alarm"", ""Fire extinguisher"", ""Ethernet connection"", ""Wifi"", ""Private entrance"", ""Free street parking""]",Private room in house,97.0,1,2,0.4426827045744487,96.0
95,496208,0.34,0.5166666666666667,53.0,-118.34647,33.98001,1.0,0.0,Private room,"[""Stove"", ""Dryer"", ""Cooking basics"", ""Kitchen"", ""Hangers"", ""Essentials"", ""Iron"", ""Oven"", ""Heating"", ""Washer"", ""Garden or backyard"", ""Long term stays allowed"", ""Patio or balcony"", ""Hot water"", ""Lock on bedroom door"", ""Dedicated workspace"", ""TV"", ""Coffee maker"", ""Free parking on premises"", ""Smoke alarm"", ""Refrigerator"", ""Microwave"", ""Dishes and silverware"", ""Wifi"", ""Free street parking""]",Private room in house,98.0,1,1,0.3189356661199198,53.0
96,498342,1.63,0.6333333333333333,85.0,-118.61177,34.21026,1.0,1.0,Private room,"[""Full kitchen"", ""Dryer"", ""Pool"", ""Bathroom essentials"", ""Iron"", ""Heating"", ""Bedroom comforts"", ""Washer"", ""Hair dryer"", ""Garden or backyard"", ""TV"", ""Coffee maker"", ""Free parking on premises"", ""Private hot tub"", ""Smoke alarm"", ""Air conditioning"", ""Indoor fireplace"", ""Dishwasher"", ""Self check-in"", ""Carbon monoxide alarm"", ""Fire extinguisher"", ""Wifi"", ""Free street parking""]",Private room in house,98.0,1,4,0.47494076909057775,85.0
98,518815,1.97,0.225,275.0,-118.75536,34.03054,1.0,1.0,Private room,"[""Beachfront"", ""Stove"", ""Dryer"", ""Pool"", ""Cooking basics"", ""First aid kit"", ""Kitchen"", ""Hangers"", ""Iron"", ""Oven"", ""Heating"", ""Washer"", ""Hair dryer"", ""Long term stays allowed"", ""Garden or backyard"", ""Patio or balcony"", ""Hot water"", ""Dedicated workspace"", ""Coffee maker"", ""Free parking on premises"", ""Smoke alarm"", ""Refrigerator"", ""Microwave"", ""Air conditioning"", ""Shampoo"", ""Indoor fireplace"", ""Dishwasher"", ""Dishes and silverware"", ""Fire extinguisher"", ""Wifi"", ""Cable TV"", ""Free street parking""]",Private room in house,96.0,5,2,0.5238746127209769,275.0
107,586709,0.44,0.6166666666666667,125.5,-118.2504,34.09255,1.0,1.0,Private room,"[""Hot water kettle"", ""Stove"", ""Shower gel"", ""Dryer"", ""Bed linens"", ""Dining table"", ""Luggage dropoff allowed"", ""Cleaning products"", ""Cooking basics"", ""First aid kit"", ""Kitchen"", ""Hangers"", ""Kiehls conditioner"", ""Extra pillows and blankets"", ""Essentials"", ""Kiehls, Aesop, Malin and Goetz body soap"", ""Iron"", ""Room-darkening shades"", ""Oven"", ""Heating"", ""Washer"", ""Hair dryer"", ""Garden or backyard"", ""Long term stays allowed"", ""Patio or balcony"", ""Hot water"", ""Lock on bedroom door"", ""Dedicated workspace"", ""Babysitter recommendations"", ""TV"", ""Coffee maker"", ""Free parking on premises"", ""BBQ grill"", ""Portable fans"", ""Smoke alarm"", ""Freezer"", ""Refrigerator"", ""Drying rack for clothing"", ""Air conditioning"", ""Shampoo"", ""Dishes and silverware"", ""Carbon monoxide alarm"", ""Fire extinguisher"", ""Ethernet connection"", ""Wifi"", ""Private entrance"", ""Beach essentials"", ""Cable TV"", ""Free street parking""]",Private room in house,95.0,1,2,0.5968653180244213,125.5
119,661903,0.3,0.45,66.0,-118.61556,34.16016,1.0,1.0,Private room,"[""Stove"", ""Dryer"", ""Pool"", ""Luggage dropoff allowed"", ""Kitchen"", ""Hangers"", ""Essentials"", ""Iron"", ""Oven"", ""Heating"", ""Washer"", ""Garden or backyard"", ""Long term stays allowed"", ""Patio or balcony"", ""Hot water"", ""Dedicated workspace"", ""TV"", ""Coffee maker"", ""Free parking on premises"", ""BBQ grill"", ""Smoke alarm"", ""Refrigerator"", ""Microwave"", ""Air conditioning"", ""Shampoo"", ""Indoor fireplace"", ""Host greets you"", ""Dishes and silverware"", ""Carbon monoxide alarm"", ""Wifi"", ""Hot tub"", ""Cable TV"", ""Free street parking""]",Private room in house,97.0,2,2,0.3367960634226353,66.0
123,669955,0.46,0.8416666666666668,135.0,-118.46594,34.16089,1.0,2.0,Private room,"[""Pack \u2019n Play/travel crib"", ""Dryer"", ""Pool"", ""Children\u2019s books and toys"", ""Luggage dropoff allowed"", ""First aid kit"", ""Hangers"", ""Single level home"", ""Essentials"", ""Iron"", ""Heating"", ""Washer"", ""Hair dryer"", ""Garden or backyard"", ""Long term stays allowed"", ""Patio or balcony"", ""Hot water"", ""Dedicated workspace"", ""Keypad"", ""TV"", ""Coffee maker"", ""BBQ grill"", ""Smoke alarm"", ""Breakfast"", ""Refrigerator"", ""Microwave"", ""Air conditioning"", ""Shampoo"", ""Dishes and silverware"", ""Fire extinguisher"", ""Wifi"", ""Cable TV"", ""Free street parking""]",Private room in house,98.0,1,3,0.7397484964461455,135.0
132,729630,2.66,0.5083333333333333,89.0,-118.73446,34.15725,1.0,1.0,Private room,"[""Heating"", ""Washer"", ""Wifi"", ""Air conditioning"", ""Long term stays allowed"", ""Indoor fireplace"", ""First aid kit"", ""Stove"", ""Kitchen"", ""Dishes and silverware"", ""Fire extinguisher"", ""Carbon monoxide alarm"", ""TV"", ""Essentials"", ""Dryer"", ""Free parking on premises"", ""Smoke alarm"", ""Hot tub"", ""Refrigerator"", ""Oven""]",Private room in house,91.0,1,2,0.43174776745033716,89.0
134,737112,4.94,0.8666666666666667,91.0,-118.46851,33.99711,1.0,2.0,Private room,"[""Pack \u2019n Play/travel crib"", ""Dryer"", ""Bed linens"", ""Children\u2019s books and toys"", ""Luggage dropoff allowed"", ""Cooking basics"", ""First aid kit"", ""Kitchen"", ""Hangers"", ""Extra pillows and blankets"", ""Children\u2019s dinnerware"", ""Essentials"", ""Iron"", ""Room-darkening shades"", ""Heating"", ""Washer"", ""Hair dryer"", ""Garden or backyard"", ""Long term stays allowed"", ""Patio or balcony"", ""Hot water"", ""Dedicated workspace"", ""Coffee maker"", ""Gym"", ""BBQ grill"", ""Smoke alarm"", ""Refrigerator"", ""Shampoo"", ""Dishes and silverware"", ""Carbon monoxide alarm"", ""Fire extinguisher"", ""Private entrance"", ""Wifi"", ""Beach essentials"", ""Free street parking""]",Private room in house,98.0,1,3,0.6036085292509568,91.0
166,893863,1.21,0.5166666666666667,129.0,-118.49645,34.03289,1.0,1.0,Private room,"[""Heating"", ""Hair dryer"", ""Long term stays allowed"", ""Shampoo"", ""Bed linens"", ""Garden or backyard"", ""Hot water"", ""Lock on bedroom door"", ""Hangers"", ""Keypad"", ""Shower gel"", ""Private entrance"", ""Wifi"", ""Essentials"", ""Refrigerator"", ""Iron"", ""Pool"", ""Free street parking""]",Private room in house,93.0,1,2,0.548569345726262,129.0
171,913270,2.26,0.3666666666666667,126.25,-118.34484,34.12867,1.0,1.0,Private room,"[""Barbecue utensils"", ""Stove"", ""Shower gel"", ""Dryer"", ""Fireplace guards"", ""Bed linens"", ""Luggage dropoff allowed"", ""Cooking basics"", ""Bathtub"", ""First aid kit"", ""Kitchen"", ""Hangers"", ""Extra pillows and blankets"", ""Essentials"", ""Iron"", ""Room-darkening shades"", ""Oven"", ""Heating"", ""Washer"", ""Hair dryer"", ""Garden or backyard"", ""Long term stays allowed"", ""Patio or balcony"", ""Hot water"", ""Lock on bedroom door"", ""Dedicated workspace"", ""Keypad"", ""TV"", ""Coffee maker"", ""Free parking on premises"", ""BBQ grill"", ""Smoke alarm"", ""Refrigerator"", ""Microwave"", ""Air conditioning"", ""Shampoo"", ""Baking sheet"", ""Indoor fireplace"", ""Dishes and silverware"", ""Dishwasher"", ""Fire extinguisher"", ""Carbon monoxide alarm"", ""Wifi"", ""Cable TV"", ""Free street parking""]",Private room in house,97.0,1,2,0.43739748496446146,126.25
172,917102,2.88,0.4666666666666667,57.0,-118.47667,33.99154,1.0,1.0,Private room,"[""Stove"", ""Window guards"", ""Cooking basics"", ""First aid kit"", ""Kitchen"", ""Hangers"", ""Essentials"", ""Oven"", ""Heating"", ""Washer"", ""Long term stays allowed"", ""Patio or balcony"", ""Coffee maker"", ""Smoke alarm"", ""Refrigerator"", ""Microwave"", ""Dishwasher"", ""Dishes and silverware"", ""Carbon monoxide alarm"", ""Fire extinguisher"", ""Wifi"", ""Cable TV""]",Private room in house,95.0,13,1,0.31465281574630943,57.0
173,926060,0.91,0.48333333333333334,97.25,-118.33783,34.07737,1.0,1.0,Private room,"[""Heating"", ""Bedroom comforts"", ""Washer"", ""Hair dryer"", ""Air conditioning"", ""Garden or backyard"", ""Dishwasher"", ""Carbon monoxide alarm"", ""Bathroom essentials"", ""TV"", ""Wifi"", ""Dryer"", ""Coffee maker"", ""Fire extinguisher"", ""Smoke alarm"", ""Iron"", ""Room-darkening shades"", ""Free street parking""]",Private room in house,97.0,3,1,0.4417714598141061,97.25
175,937869,0.23,0.6,103.5,-118.59455,34.14813,1.0,1.0,Private room,"[""Stove"", ""Dryer"", ""Luggage dropoff allowed"", ""Cooking basics"", ""Kitchen"", ""Hangers"", ""Essentials"", ""Iron"", ""Oven"", ""Heating"", ""Washer"", ""Hair dryer"", ""Long term stays allowed"", ""Patio or balcony"", ""Hot water"", ""Lock on bedroom door"", ""Dedicated workspace"", ""TV"", ""Coffee maker"", ""Smoke alarm"", ""Refrigerator"", ""Air conditioning"", ""Shampoo"", ""Indoor fireplace"", ""Dishwasher"", ""Dishes and silverware"", ""Fire extinguisher"", ""Carbon monoxide alarm"", ""Private entrance"", ""Wifi"", ""Smart lock"", ""Cable TV"", ""Free street parking""]",Private room in house,98.0,2,2,0.5250592309094223,103.5
184,960062,4.37,0.825,84.75,-118.31658,34.15813,1.0,1.0,Private room,"[""Stove"", ""Dryer"", ""Bed linens"", ""Pocket wifi"", ""Bread maker"", ""Luggage dropoff allowed"", ""Cooking basics"", ""Bathtub"", ""First aid kit"", ""Kitchen"", ""Hangers"", ""Extra pillows and blankets"", ""Single level home"", ""Essentials"", ""Iron"", ""Room-darkening shades"", ""Oven"", ""Heating"", ""Washer"", ""Hair dryer"", ""Garden or backyard"", ""Long term stays allowed"", ""Patio or balcony"", ""Hot water"", ""Dedicated workspace"", ""TV"", ""Coffee maker"", ""Free parking on premises"", ""BBQ grill"", ""Smoke alarm"", ""Breakfast"", ""Refrigerator"", ""Microwave"", ""Air conditioning"", ""Shampoo"", ""Baking sheet"", ""Indoor fireplace"", ""Dishes and silverware"", ""Dishwasher"", ""Fire extinguisher"", ""Carbon monoxide alarm"", ""Ethernet connection"", ""Wifi"", ""Beach essentials"", ""Cable TV"", ""Free street parking""]",Private room in house,98.0,2,2,0.5631492618917441,84.75
199,1025161,6.78,0.8583333333333334,87.25,-118.34782,34.06194,1.0,1.0,Private room,"[""Pack \u2019n Play/travel crib"", ""Full kitchen"", ""Dryer"", ""Children\u2019s books and toys"", ""Bathtub"", ""Children\u2019s dinnerware"", ""Bathroom essentials"", ""Iron"", ""Heating"", ""Bedroom comforts"", ""Washer"", ""Baby safety gates"", ""Free street parking"", ""Garden or backyard"", ""Hair dryer"", ""Smoking allowed"", ""TV"", ""Coffee maker"", ""Smoke alarm"", ""Indoor fireplace"", ""Dishwasher"", ""Self check-in"", ""Carbon monoxide alarm"", ""High chair"", ""Wifi"", ""Fire extinguisher"", ""Pets allowed""]",Private room in house,97.0,1,2,0.5831966466192819,87.25
205,1063182,0.31,0.48333333333333334,50.0,-117.80062,34.1185,1.0,1.0,Private room,"[""Shower gel"", ""Laundromat nearby"", ""Bed linens"", ""Pool"", ""LG refrigerator"", ""LG stainless steel gas stove"", ""Cooking basics"", ""Conditioner"", ""Kitchen"", ""Hangers"", ""Essentials"", ""Washer \u2013\u00a0In unit"", ""Iron"", ""Oven"", ""Heating"", ""Hair dryer"", ""Garden or backyard"", ""Patio or balcony"", ""Hot water"", ""Lock on bedroom door"", ""Dryer \u2013\u00a0In unit"", ""TV"", ""Free parking on premises"", ""BBQ grill"", ""Portable fans"", ""Breakfast"", ""Microwave"", ""Air conditioning"", ""Shampoo"", ""Indoor fireplace"", ""Pour-over coffee"", ""Dishes and silverware"", ""Dishwasher"", ""Wifi"", ""Cleaning before checkout"", ""Body soap"", ""Cable TV"", ""Free street parking""]",Private room in house,100.0,1,2,0.29733916529979953,50.0
238,1313173,0.07,0.35,88.0,-118.45423,33.99048,1.0,1.0,Private room,"[""Hot water kettle"", ""Stove"", ""Dryer"", ""Cooking basics"", ""Kitchen"", ""Hangers"", ""Essentials"", ""Iron"", ""Oven"", ""Washer"", ""Hair dryer"", ""Long term stays allowed"", ""Hot water"", ""TV"", ""Coffee maker"", ""Free parking on premises"", ""Smoke alarm"", ""Refrigerator"", ""Microwave"", ""Shampoo"", ""Host greets you"", ""Dishes and silverware"", ""Dishwasher"", ""Carbon monoxide alarm"", ""Wifi"", ""Cable TV"", ""Free street parking""]",Private room in house,100.0,1,1,0.3437215236012393,88.0
239,1317166,3.33,0.11666666666666667,170.0,-118.46598,33.98021,1.0,1.0,Private room,"[""Long term stays allowed"", ""Shampoo"", ""Coffee maker"", ""Wifi"", ""Cable TV""]",Private room in house,99.0,1,4,0.2636231091671223,170.0
243,1365453,0.57,0.20833333333333334,96.25,-118.39252,34.04798,1.0,0.0,Private room,"[""First aid kit"", ""Hangers"", ""Essentials"", ""Iron"", ""Heating"", ""Hair dryer"", ""Garden or backyard"", ""Long term stays allowed"", ""Hot water"", ""Dedicated workspace"", ""TV"", ""Coffee maker"", ""Smoke alarm"", ""Refrigerator"", ""Microwave"", ""Air conditioning"", ""Shampoo"", ""Indoor fireplace"", ""Dishes and silverware"", ""Dishwasher"", ""Carbon monoxide alarm"", ""Fire extinguisher"", ""Wifi"", ""Cable TV"", ""Free street parking""]",Private room in house,99.0,2,1,0.26571897211591033,96.25
260,1557272,0.35,0.16666666666666666,79.0,-118.43777,34.29383,1.0,1.0,Private room,"[""Heating"", ""Air conditioning"", ""Long term stays allowed"", ""Shampoo"", ""First aid kit"", ""Free parking on premises"", ""TV"", ""Wifi"", ""Essentials"", ""Smoke alarm"", ""Cable TV""]",Private room in house,93.0,2,2,0.21250227811190087,79.0
262,1570497,3.05,0.45,74.0,-118.34154,34.08439,1.0,1.0,Private room,"[""Bed linens"", ""Pool"", ""Cooking basics"", ""Hangers"", ""Extra pillows and blankets"", ""Essentials"", ""Oven"", ""Heating"", ""Hair dryer"", ""Garden or backyard"", ""Long term stays allowed"", ""Hot water"", ""Lock on bedroom door"", ""TV"", ""Coffee maker"", ""Free parking on premises"", ""Smoke alarm"", ""Refrigerator"", ""Air conditioning"", ""Host greets you"", ""Dishes and silverware"", ""Fire extinguisher"", ""Carbon monoxide alarm"", ""Wifi"", ""Free street parking""]",Private room in house,96.0,4,2,0.3584836887187899,74.0
