df_21.csv
,id,reviews_per_month,demand,price,longitude,latitude,bedrooms,beds,room_type,amenities,property_type,review_scores_rating,calculated_host_listings_count,accommodates,annual_return,price_per_bedroom
268,1632822,0.26,0.43333333333333335,65.0,-118.32655,34.07936,1.0,1.0,Private room,"[""Stove"", ""Dryer"", ""Bed linens"", ""Cooking basics"", ""First aid kit"", ""Kitchen"", ""Hangers"", ""Extra pillows and blankets"", ""Essentials"", ""Iron"", ""Oven"", ""Heating"", ""Washer"", ""Garden or backyard"", ""Long term stays allowed"", ""Patio or balcony"", ""Hot water"", ""Lock on bedroom door"", ""Dedicated workspace"", ""TV"", ""Coffee maker"", ""Free parking on premises"", ""Smoke alarm"", ""Refrigerator"", ""Microwave"", ""Air conditioning"", ""Shampoo"", ""Dishes and silverware"", ""Carbon monoxide alarm"", ""Fire extinguisher"", ""Private entrance"", ""Wifi"", ""Cable TV"", ""Free street parking""]",Private room in house,98.0,1,1,0.3260433752505923,65.0
296,1752714,0.24,0.5249999999999999,143.25,-118.39195,34.08028,1.0,1.0,Private room,"[""Stove"", ""Shower gel"", ""Window guards"", ""Dryer"", ""Bed linens"", ""Lockbox"", ""Luggage dropoff allowed"", ""Cooking basics"", ""First aid kit"", ""Kitchen"", ""Hangers"", ""Extra pillows and blankets"", ""Single level home"", ""Essentials"", ""Iron"", ""Oven"", ""Heating"", ""Washer"", ""Hair dryer"", ""Garden or backyard"", ""Long term stays allowed"", ""Patio or balcony"", ""Hot water"", ""Lock on bedroom door"", ""Dedicated workspace"", ""Babysitter recommendations"", ""Coffee maker"", ""Free parking on premises"", ""Smoke alarm"", ""Refrigerator"", ""Microwave"", ""Air conditioning"", ""Shampoo"", ""Baking sheet"", ""Host greets you"", ""Dishwasher"", ""Dishes and silverware"", ""Fire extinguisher"", ""Ethernet connection"", ""Wifi"", ""Free street parking""]",Private room in house,99.0,1,2,0.5850191361399671,143.25
317,1904330,0.1,0.275,59.0,-118.26062,34.10199,1.0,1.0,Private room,"[""Heating"", ""Washer"", ""Air conditioning"", ""Long term stays allowed"", ""Hot water"", ""Indoor fireplace"", ""Host greets you"", ""Kitchen"", ""Fire extinguisher"", ""Wifi"", ""Dryer"", ""Smoke alarm"", ""Free street parking""]",Private room in house,100.0,5,2,0.23692363768908328,59.0
333,1999243,4.98,0.7,75.5,-118.4719,34.01907,1.0,1.0,Private room,"[""Stove"", ""Shower gel"", ""Dryer"", ""Bed linens"", ""Cooking basics"", ""First aid kit"", ""Kitchen"", ""Hangers"", ""Extra pillows and blankets"", ""Essentials"", ""Iron"", ""Oven"", ""Heating"", ""Washer"", ""Hair dryer"", ""Garden or backyard"", ""Long term stays allowed"", ""Hot water"", ""Lock on bedroom door"", ""Dedicated workspace"", ""Coffee maker"", ""Smoke alarm"", ""Refrigerator"", ""Microwave"", ""Air conditioning"", ""Shampoo"", ""Indoor fireplace"", ""Dishes and silverware"", ""Fire extinguisher"", ""Wifi""]",Private room in house,96.0,4,2,0.4700200473847275,75.5
334,2007610,0.29,0.2583333333333333,46.25,-117.98548,34.14908,1.0,1.0,Private room,"[""Dryer"", ""Bed linens"", ""First aid kit"", ""Kitchen"", ""Hangers"", ""Extra pillows and blankets"", ""Essentials"", ""Iron"", ""Heating"", ""Washer"", ""Long term stays allowed"", ""Hot water"", ""Dedicated workspace"", ""TV"", ""Free parking on premises"", ""Smoke alarm"", ""Air conditioning"", ""Shampoo"", ""Carbon monoxide alarm"", ""Wifi"", ""Cable TV""]",Private room in house,94.0,5,1,0.20229633679606343,46.25
336,2038783,0.74,0.05,96.0,-118.10027,34.17331,1.0,1.0,Private room,"[""Dryer"", ""Pool"", ""First aid kit"", ""Hangers"", ""Extra pillows and blankets"", ""Essentials"", ""Iron"", ""Heating"", ""Washer"", ""Hair dryer"", ""Long term stays allowed"", ""Hot water"", ""Dedicated workspace"", ""TV"", ""Free parking on premises"", ""Smoke alarm"", ""Breakfast"", ""Air conditioning"", ""Shampoo"", ""Indoor fireplace"", ""Host greets you"", ""Dishes and silverware"", ""Fire extinguisher"", ""Carbon monoxide alarm"", ""Private entrance"", ""Wifi"", ""Cable TV"", ""Free street parking""]",Private room in house,95.0,1,2,0.14197193366138144,96.0
343,2073869,0.91,0.0,68.0,-118.43994,34.14104,1.0,1.0,Private room,"[""Stove"", ""Shower gel"", ""Dryer"", ""Children\u2019s books and toys"", ""Luggage dropoff allowed"", ""Cooking basics"", ""Kitchen"", ""Hangers"", ""Extra pillows and blankets"", ""Single level home"", ""Essentials"", ""Oven"", ""Heating"", ""Washer"", ""Hair dryer"", ""Garden or backyard"", ""Long term stays allowed"", ""Patio or balcony"", ""Hot water"", ""Lock on bedroom door"", ""Dedicated workspace"", ""Babysitter recommendations"", ""TV"", ""Coffee maker"", ""Free parking on premises"", ""Smoke alarm"", ""Refrigerator"", ""Microwave"", ""Air conditioning"", ""Shampoo"", ""Host greets you"", ""Dishes and silverware"", ""Dishwasher"", ""Carbon monoxide alarm"", ""Private entrance"", ""Wifi"", ""Cable TV"", ""Free street parking""]",Private room in house,95.0,2,2,0.04574448696919993,68.0
368,2380122,0.49,0.3416666666666667,158.75,-118.1142,34.18996,1.0,1.0,Private room,"[""Dryer"", ""Kitchen"", ""Hangers"", ""Essentials"", ""Iron"", ""Heating"", ""Washer"", ""Hair dryer"", ""Long term stays allowed"", ""Dedicated workspace"", ""TV"", ""Gym"", ""Free parking on premises"", ""Breakfast"", ""Smoke alarm"", ""Air conditioning"", ""Shampoo"", ""Indoor fireplace"", ""Carbon monoxide alarm"", ""Wifi"", ""Hot tub"", ""Cable TV""]",Private room in house,100.0,1,2,0.476763258611263,158.75
372,2454957,1.88,0.5083333333333333,145.0,-118.34149,34.08435,1.0,2.0,Private room,"[""Stove"", ""Pool"", ""Luggage dropoff allowed"", ""Cooking basics"", ""Kitchen"", ""Hangers"", ""Essentials"", ""Iron"", ""Oven"", ""Heating"", ""Hair dryer"", ""Garden or backyard"", ""Long term stays allowed"", ""Patio or balcony"", ""Hot water"", ""Lock on bedroom door"", ""Dedicated workspace"", ""TV"", ""Coffee maker"", ""Free parking on premises"", ""Smoke alarm"", ""Refrigerator"", ""Air conditioning"", ""Host greets you"", ""Dishes and silverware"", ""Carbon monoxide alarm"", ""Private entrance"", ""Wifi"", ""Free street parking""]",Private room in house,97.0,4,3,0.5779114270092947,145.0
375,2478308,0.13,0.058333333333333334,79.0,-118.33688,34.047,2.0,2.0,Private room,"[""Dryer"", ""Luggage dropoff allowed"", ""First aid kit"", ""Kitchen"", ""Hangers"", ""Essentials"", ""Iron"", ""Heating"", ""Washer"", ""Hair dryer"", ""Long term stays allowed"", ""Hot water"", ""Dedicated workspace"", ""TV"", ""Smoke alarm"", ""Shampoo"", ""Indoor fireplace"", ""Host greets you"", ""Fire extinguisher"", ""Carbon monoxide alarm"", ""Wifi"", ""Cable TV"", ""Free street parking""]",Private room in house,100.0,1,3,0.14051394204483325,39.5
377,2494793,5.27,0.8916666666666667,71.0,-118.4722,34.01848,1.0,1.0,Private room,"[""Heating"", ""Washer"", ""Air conditioning"", ""Shampoo"", ""First aid kit"", ""Kitchen"", ""Dishes and silverware"", ""Fire extinguisher"", ""Carbon monoxide alarm"", ""Essentials"", ""Wifi"", ""Dryer"", ""Smoke alarm""]",Private room in house,98.0,4,2,0.5307089484235465,71.0
380,2544655,1.73,0.5583333333333333,100.0,-118.44637,33.98861,1.0,1.0,Private room,"[""Stove"", ""Dryer"", ""Bed linens"", ""Lockbox"", ""Luggage dropoff allowed"", ""Cooking basics"", ""Kitchen"", ""Hangers"", ""Extra pillows and blankets"", ""Essentials"", ""Iron"", ""Oven"", ""Heating"", ""Washer"", ""Hair dryer"", ""Long term stays allowed"", ""Hot water"", ""Dedicated workspace"", ""Coffee maker"", ""Free parking on premises"", ""Smoke alarm"", ""Refrigerator"", ""Microwave"", ""Shampoo"", ""Dishwasher"", ""Dishes and silverware"", ""Carbon monoxide alarm"", ""Ethernet connection"", ""Wifi"", ""Free street parking""]",Private room in house,98.0,3,2,0.4858757062146893,100.0
381,2547530,1.38,0.6583333333333333,75.0,-118.18019,33.83315,1.0,1.0,Private room,"[""Full kitchen"", ""Dryer"", ""Pool"", ""Bathroom essentials"", ""Iron"", ""Heating"", ""Bedroom comforts"", ""Washer"", ""Hair dryer"", ""Garden or backyard"", ""TV"", ""Coffee maker"", ""Free parking on premises"", ""Smoke alarm"", ""Air conditioning"", ""Dishwasher"", ""Self check-in"", ""Carbon monoxide alarm"", ""Fire extinguisher"", ""Wifi"", ""Beach essentials"", ""Free street parking""]",Private room in house,98.0,5,2,0.4534353927464917,75.0
384,2586359,1.07,0.5750000000000001,63.0,-118.38464,33.86421,1.0,1.0,Private room,"[""Dryer"", ""Bed linens"", ""Luggage dropoff allowed"", ""First aid kit"", ""Hangers"", ""Extra pillows and blankets"", ""Essentials"", ""Iron"", ""Heating"", ""Washer"", ""Hair dryer"", ""Long term stays allowed"", ""Hot water"", ""Dedicated workspace"", ""Breakfast"", ""Smoke alarm"", ""Shampoo"", ""Host greets you"", ""Fire extinguisher"", ""Carbon monoxide alarm"", ""Wifi"", ""Beach essentials"", ""Free street parking""]",Private room in house,98.0,1,2,0.3794423182066703,63.0
386,2601068,3.93,0.6,51.0,-118.10447,34.14575,1.0,2.0,Private room,"[""Stove"", ""Shower gel"", ""Laundromat nearby"", ""Bed linens"", ""Cooking basics"", ""Conditioner"", ""First aid kit"", ""Kitchen"", ""Hangers"", ""Extra pillows and blankets"", ""Essentials"", ""Iron"", ""Heating"", ""Hair dryer"", ""Long term stays allowed"", ""Patio or balcony"", ""Hot water"", ""Lock on bedroom door"", ""Dedicated workspace"", ""TV"", ""Coffee maker"", ""Free parking on premises"", ""Smoke alarm"", ""Portable fans"", ""Refrigerator"", ""Microwave"", ""Air conditioning"", ""Shampoo"", ""Dishes and silverware"", ""Carbon monoxide alarm"", ""Private entrance"", ""Wifi"", ""Body soap""]",Private room in house,96.0,2,3,0.3417167851284855,51.0
394,2703551,5.63,0.7083333333333334,81.25,-118.45165,33.99703,1.0,1.0,Private room,"[""Game console"", ""Stove"", ""Dryer"", ""Bed linens"", ""Lockbox"", ""Luggage dropoff allowed"", ""Cooking basics"", ""Bathtub"", ""Kitchen"", ""Hangers"", ""Extra pillows and blankets"", ""Single level home"", ""Essentials"", ""Iron"", ""Oven"", ""Heating"", ""Washer"", ""Hair dryer"", ""Garden or backyard"", ""Long term stays allowed"", ""Hot water"", ""Lock on bedroom door"", ""Dedicated workspace"", ""TV"", ""Free parking on premises"", ""Smoke alarm"", ""Refrigerator"", ""Microwave"", ""Shampoo"", ""Dishes and silverware"", ""Dishwasher"", ""Carbon monoxide alarm"", ""Fire extinguisher"", ""Wifi"", ""Free street parking""]",Private room in house,99.0,1,1,0.4966283943867323,81.25
399,2846822,2.89,0.23333333333333334,89.0,-118.43627,33.95996,2.0,5.0,Private room,"[""Pack \u2019n Play/travel crib"", ""Outlet covers"", ""Stove"", ""Crib"", ""Bed linens"", ""Children\u2019s books and toys"", ""Luggage dropoff allowed"", ""Cooking basics"", ""Bathtub"", ""First aid kit"", ""Hangers"", ""Extra pillows and blankets"", ""Children\u2019s dinnerware"", ""Changing table"", ""Essentials"", ""Iron"", ""Room-darkening shades"", ""Oven"", ""Heating"", ""Baby safety gates"", ""Hair dryer"", ""Baby bath"", ""Long term stays allowed"", ""Garden or backyard"", ""Patio or balcony"", ""Hot water"", ""Lock on bedroom door"", ""Dedicated workspace"", ""Keypad"", ""TV"", ""Coffee maker"", ""Free parking on premises"", ""BBQ grill"", ""Smoke alarm"", ""Refrigerator"", ""Microwave"", ""Air conditioning"", ""Shampoo"", ""Indoor fireplace"", ""Dishes and silverware"", ""Dishwasher"", ""Carbon monoxide alarm"", ""Fire extinguisher"", ""High chair"", ""Wifi"", ""Cleaning before checkout"", ""Cable TV"", ""Free street parking""]",Private room in house,95.0,1,6,0.27218880991434297,44.5
406,2955921,0.06,0.775,148.0,-118.51507,34.02967,1.0,1.0,Private room,"[""Long term stays allowed""]",Private room in house,100.0,3,2,0.7435757244395844,148.0
421,3182438,0.57,0.11666666666666665,60.0,-118.12031,34.05912,1.0,2.0,Private room,"[""Heating"", ""Washer"", ""Hair dryer"", ""Air conditioning"", ""Long term stays allowed"", ""Hot water"", ""Bathtub"", ""Lock on bedroom door"", ""First aid kit"", ""Dedicated workspace"", ""Keypad"", ""Hangers"", ""Carbon monoxide alarm"", ""Essentials"", ""Wifi"", ""Dryer"", ""Smoke alarm"", ""Free parking on premises"", ""Iron"", ""Free street parking""]",Private room in house,95.0,5,2,0.16037907782030253,60.0
422,3194576,1.3,0.35833333333333334,72.5,-118.11993,34.05964,1.0,2.0,Private room,"[""Stove"", ""Dryer"", ""Bed linens"", ""First aid kit"", ""Hangers"", ""Essentials"", ""Iron"", ""Heating"", ""Washer"", ""Hair dryer"", ""Long term stays allowed"", ""Patio or balcony"", ""Hot water"", ""Lock on bedroom door"", ""Dedicated workspace"", ""Keypad"", ""Free parking on premises"", ""Smoke alarm"", ""Refrigerator"", ""Microwave"", ""Air conditioning"", ""Fire extinguisher"", ""Wifi"", ""Free street parking""]",Private room in house,94.0,5,2,0.31119008565700745,72.5
425,3279987,1.47,0.35833333333333334,87.25,-118.38723,34.15807,1.0,1.0,Private room,"[""Barbecue utensils"", ""Hot water kettle"", ""Stove"", ""Laundromat nearby"", ""Bed linens"", ""Dining table"", ""Lockbox"", ""Bread maker"", ""Luggage dropoff allowed"", ""Cleaning products"", ""Cooking basics"", ""Bathtub"", ""Clothing storage"", ""Hangers"", ""Kitchen"", ""Extra pillows and blankets"", ""Single level home"", ""Essentials"", ""Rice maker"", ""Iron"", ""Room-darkening shades"", ""Oven"", ""Heating"", ""Board games"", ""Hair dryer"", ""Garden or backyard"", ""Long term stays allowed"", ""Patio or balcony"", ""Fire pit"", ""Hot water"", ""Lock on bedroom door"", ""Dedicated workspace"", ""Coffee maker"", ""Outdoor dining area"", ""Free parking on premises"", ""Wine glasses"", ""Smoke alarm"", ""Portable fans"", ""BBQ grill"", ""Freezer"", ""Piano"", ""Refrigerator"", ""Microwave"", ""Outdoor furniture"", ""Air conditioning"", ""Baking sheet"", ""Toaster"", ""Dishes and silverware"", ""Fire extinguisher"", ""Carbon monoxide alarm"", ""Mini fridge"", ""Wifi"", ""Free street parking""]",Private room in house,98.0,1,1,0.3482777474029524,87.25
430,3309829,2.31,0.31666666666666665,93.5,-118.34227,34.08422,1.0,1.0,Private room,"[""Heating"", ""Hair dryer"", ""Air conditioning"", ""Long term stays allowed"", ""Hot water"", ""Lock on bedroom door"", ""Host greets you"", ""Dishes and silverware"", ""Hangers"", ""Carbon monoxide alarm"", ""Free parking on premises"", ""TV"", ""Wifi"", ""Essentials"", ""Smoke alarm"", ""Pool"", ""Free street parking""]",Private room in house,94.0,4,2,0.3364315655184983,93.5
436,3344959,0.71,0.7583333333333334,127.5,-118.22065,34.10979,1.0,1.0,Private room,"[""Barbecue utensils"", ""32\"" TV with Netflix, Amazon Prime Video, standard cable"", ""Stove"", ""Dryer"", ""Bed linens"", ""Bathtub"", ""First aid kit"", ""Kitchen"", ""Hangers"", ""Extra pillows and blankets"", ""Essentials"", ""Iron"", ""Heating"", ""Washer"", ""Hair dryer"", ""Garden or backyard"", ""Long term stays allowed"", ""Patio or balcony"", ""Hot water"", ""Portable air conditioning"", ""Dedicated workspace"", ""Keypad"", ""Coffee maker"", ""Free parking on premises"", ""BBQ grill"", ""Smoke alarm"", ""Portable fans"", ""Freezer"", ""Microwave"", ""Shampoo"", ""Dishes and silverware"", ""Fire extinguisher"", ""Carbon monoxide alarm"", ""Mini fridge"", ""Wifi"", ""Private entrance"", ""Cable TV"", ""Free street parking""]",Private room in house,95.0,2,2,0.6803353380718061,127.5
438,3414817,3.17,0.5,225.0,-118.7557,34.02877,1.0,1.0,Private room,"[""Beachfront"", ""Stove"", ""Dryer"", ""Pool"", ""First aid kit"", ""Kitchen"", ""Hangers"", ""Iron"", ""Oven"", ""Heating"", ""Washer"", ""Hair dryer"", ""Long term stays allowed"", ""Garden or backyard"", ""Patio or balcony"", ""Hot water"", ""Dedicated workspace"", ""TV"", ""Coffee maker"", ""Free parking on premises"", ""Smoke alarm"", ""Refrigerator"", ""Microwave"", ""Air conditioning"", ""Shampoo"", ""Dishwasher"", ""Dishes and silverware"", ""Fire extinguisher"", ""Wifi"", ""Cable TV""]",Private room in house,96.0,5,2,0.7355567705485694,225.0
452,3595890,0.33,0.4666666666666667,83.5,-118.60358,34.16462,1.0,1.0,Private room,"[""Barbecue utensils"", ""Stove"", ""Dryer"", ""Bed linens"", ""Lockbox"", ""Wifi"", ""Keurig coffee machine"", ""Luggage dropoff allowed"", ""Cooking basics"", ""First aid kit"", ""Kitchen"", ""Hangers"", ""Extra pillows and blankets"", ""Essentials"", ""Rice maker"", ""Iron"", ""Oven"", ""Heating"", ""Washer"", ""Hair dryer"", ""Garden or backyard"", ""Long term stays allowed"", ""Patio or balcony"", ""Hot water"", ""Lock on bedroom door"", ""Dedicated workspace"", ""TV"", ""Coffee maker"", ""BBQ grill"", ""Smoke alarm"", ""Refrigerator"", ""Microwave"", ""Air conditioning"", ""Shampoo"", ""Baking sheet"", ""Indoor fireplace"", ""Host greets you"", ""Dishes and silverware"", ""Dishwasher"", ""Carbon monoxide alarm"", ""Fire extinguisher"", ""Ethernet connection"", ""Piano"", ""Beach essentials"", ""Cable TV"", ""Free street parking""]",Private room in house,97.0,2,2,0.3954802259887006,83.5
454,3612212,2.39,0.8666666666666667,76.75,-118.21456,34.09737,1.0,1.0,Private room,"[""Stove"", ""Dryer"", ""Bed linens"", ""Pool"", ""Cooking basics"", ""Kitchen"", ""Hangers"", ""Extra pillows and blankets"", ""Essentials"", ""Iron"", ""Oven"", ""Heating"", ""Washer"", ""Hair dryer"", ""Garden or backyard"", ""Long term stays allowed"", ""Patio or balcony"", ""Hot water"", ""Dedicated workspace"", ""TV"", ""Coffee maker"", ""Free parking on premises"", ""Smoke alarm"", ""Breakfast"", ""Refrigerator"", ""Microwave"", ""Air conditioning"", ""Shampoo"", ""Indoor fireplace"", ""Host greets you"", ""Dishes and silverware"", ""Dishwasher"", ""Fire extinguisher"", ""Carbon monoxide alarm"", ""Wifi"", ""Cable TV""]",Private room in house,100.0,1,2,0.5480225988700564,76.75
