df_21.csv
,id,reviews_per_month,demand,price,longitude,latitude,bedrooms,beds,room_type,amenities,property_type,review_scores_rating,calculated_host_listings_count,accommodates,annual_return,price_per_bedroom
467,3698344,1.37,0.5583333333333333,229.5,-118.38587,34.1098,1.0,1.0,Private room,"[""Dryer"", ""Bed linens"", ""Pool"", ""Pocket wifi"", ""Lockbox"", ""Luggage dropoff allowed"", ""Hangers"", ""Extra pillows and blankets"", ""Essentials"", ""Iron"", ""Heating"", ""Washer"", ""Hair dryer"", ""Garden or backyard"", ""Long term stays allowed"", ""Patio or balcony"", ""Hot water"", ""Lock on bedroom door"", ""Dedicated workspace"", ""TV"", ""Coffee maker"", ""Free parking on premises"", ""Smoke alarm"", ""Refrigerator"", ""Microwave"", ""Shampoo"", ""Dishes and silverware"", ""Fire extinguisher"", ""Carbon monoxide alarm"", ""Ethernet connection"", ""Wifi"", ""Private entrance"", ""Hot tub"", ""Cable TV"", ""Free street parking""]",Private room in house,98.0,1,2,0.7785675232367414,229.5
479,3783035,1.51,0.7666666666666666,70.25,-118.38085,33.84615,1.0,1.0,Private room,"[""Stove"", ""Dryer"", ""Cooking basics"", ""Kitchen"", ""Hangers"", ""Essentials"", ""Iron"", ""Oven"", ""Heating"", ""Washer"", ""Hair dryer"", ""Long term stays allowed"", ""Garden or backyard"", ""Patio or balcony"", ""Hot water"", ""Lock on bedroom door"", ""Dedicated workspace"", ""Coffee maker"", ""Smoke alarm"", ""Refrigerator"", ""Microwave"", ""Shampoo"", ""Host greets you"", ""Dishes and silverware"", ""Dishwasher"", ""Carbon monoxide alarm"", ""Wifi"", ""Free street parking""]",Private room in house,99.0,4,2,0.47512301804264623,70.25
480,3783197,3.75,0.41666666666666663,75.0,-118.31473,34.08171,1.0,1.0,Private room,"[""Dryer"", ""Kitchen"", ""Hangers"", ""Essentials"", ""Iron"", ""Heating"", ""Washer"", ""Hair dryer"", ""Long term stays allowed"", ""Hot water"", ""Lock on bedroom door"", ""Dedicated workspace"", ""Free parking on premises"", ""Smoke alarm"", ""Air conditioning"", ""Shampoo"", ""Indoor fireplace"", ""Host greets you"", ""Dishes and silverware"", ""Carbon monoxide alarm"", ""Private entrance"", ""Wifi""]",Private room in house,98.0,2,2,0.34754875159467835,75.0
485,3843641,4.05,0.5083333333333334,225.0,-118.42355,34.15319,1.0,2.0,Private room,"[""Pack \u2019n Play/travel crib"", ""Stove"", ""Shower gel"", ""Dryer"", ""Bed linens"", ""Pool"", ""Children\u2019s books and toys"", ""Luggage dropoff allowed"", ""Cooking basics"", ""First aid kit"", ""Kitchen"", ""Hangers"", ""Extra pillows and blankets"", ""Essentials"", ""Iron"", ""Room-darkening shades"", ""Oven"", ""Heating"", ""Hair dryer"", ""Long term stays allowed"", ""Garden or backyard"", ""Patio or balcony"", ""Hot water"", ""Lock on bedroom door"", ""Dedicated workspace"", ""Keypad"", ""TV"", ""Coffee maker"", ""Smoke alarm"", ""Refrigerator"", ""Microwave"", ""Air conditioning"", ""Baking sheet"", ""Shampoo"", ""Dishes and silverware"", ""Carbon monoxide alarm"", ""Fire extinguisher"", ""Ethernet connection"", ""Wifi"", ""Private entrance"", ""Free street parking""]",Private room in house,98.0,1,4,0.7419354838709677,225.0
488,3883071,2.08,0.3833333333333333,61.0,-118.36603,34.17427,1.0,1.0,Private room,"[""Stove"", ""Bed linens"", ""Kitchen"", ""Hangers"", ""Extra pillows and blankets"", ""Essentials"", ""Iron"", ""Heating"", ""Hair dryer"", ""Garden or backyard"", ""Long term stays allowed"", ""Hot water"", ""Lock on bedroom door"", ""TV"", ""Coffee maker"", ""Free parking on premises"", ""Smoke alarm"", ""Breakfast"", ""Refrigerator"", ""Microwave"", ""Air conditioning"", ""Shampoo"", ""Dishes and silverware"", ""Dishwasher"", ""Carbon monoxide alarm"", ""Fire extinguisher"", ""Wifi"", ""Free street parking""]",Private room in house,99.0,4,1,0.29305631492618917,61.0
490,3890834,1.71,0.6583333333333334,170.0,-118.74374,34.06122,1.0,1.0,Private room,"[""Pack \u2019n Play/travel crib"", ""Dryer"", ""Bed linens"", ""Hangers"", ""Extra pillows and blankets"", ""Essentials"", ""Iron"", ""Heating"", ""Washer"", ""Hair dryer"", ""Long term stays allowed"", ""Patio or balcony"", ""Hot water"", ""Lock on bedroom door"", ""TV"", ""Coffee maker"", ""Free parking on premises"", ""Smoke alarm"", ""Refrigerator"", ""Shampoo"", ""Host greets you"", ""Fire extinguisher"", ""Carbon monoxide alarm"", ""Private entrance"", ""Wifi"", ""Cable TV"", ""Free street parking""]",Private room in house,99.0,2,2,0.7326407873154729,170.0
499,4030842,0.36,0.44166666666666665,95.0,-118.22816,34.22897,1.0,1.0,Private room,"[""Heating"", ""Washer"", ""Hair dryer"", ""Air conditioning"", ""Long term stays allowed"", ""Hot water"", ""Indoor fireplace"", ""First aid kit"", ""Hangers"", ""Free parking on premises"", ""Essentials"", ""Wifi"", ""Dryer"", ""Smoke alarm"", ""Iron"", ""Cable TV""]",Private room in house,100.0,3,2,0.41607435757244393,95.0
501,4085040,1.28,0.6083333333333334,53.75,-118.62536,34.16845,1.0,1.0,Private room,"[""Stove"", ""Shower gel"", ""Dryer"", ""Bed linens"", ""Luggage dropoff allowed"", ""Cooking basics"", ""First aid kit"", ""Kitchen"", ""Hangers"", ""Extra pillows and blankets"", ""Single level home"", ""Essentials"", ""Iron"", ""Oven"", ""Heating"", ""Washer"", ""Hair dryer"", ""Garden or backyard"", ""Long term stays allowed"", ""Patio or balcony"", ""Hot water"", ""Dedicated workspace"", ""Free parking on premises"", ""Smoke alarm"", ""Refrigerator"", ""Microwave"", ""Air conditioning"", ""Shampoo"", ""Host greets you"", ""Dishwasher"", ""Dishes and silverware"", ""Carbon monoxide alarm"", ""Fire extinguisher"", ""Wifi"", ""Free street parking""]",Private room in house,96.0,1,1,0.355749954437762,53.75
512,4129717,1.8,0.23333333333333334,50.5,-118.55582,34.18505,1.0,1.0,Private room,"[""Stove"", ""Bed linens"", ""Pocket wifi"", ""Luggage dropoff allowed"", ""Cooking basics"", ""First aid kit"", ""Kitchen"", ""Hangers"", ""Extra pillows and blankets"", ""Single level home"", ""Essentials"", ""Iron"", ""Oven"", ""Heating"", ""Hair dryer"", ""Garden or backyard"", ""Long term stays allowed"", ""Patio or balcony"", ""Hot water"", ""Dedicated workspace"", ""TV"", ""Smoke alarm"", ""Refrigerator"", ""Microwave"", ""Air conditioning"", ""Shampoo"", ""Indoor fireplace"", ""Host greets you"", ""Dishes and silverware"", ""Fire extinguisher"", ""Wifi"", ""Cable TV"", ""Free street parking""]",Private room in house,90.0,1,1,0.20065609622744668,50.5
519,4174207,0.38,0.22499999999999998,50.0,-118.30342,33.8641,1.0,1.0,Private room,"[""Pool"", ""Washer"", ""Pack \u2019n Play/travel crib"", ""Wifi"", ""Free street parking"", ""Long term stays allowed"", ""Hot water"", ""Lock on bedroom door"", ""First aid kit"", ""Microwave"", ""Refrigerator"", ""Extra pillows and blankets"", ""Single level home"", ""Essentials"", ""TV"", ""Dryer"", ""High chair"", ""Bed linens"", ""Cable TV"", ""Children\u2019s books and toys""]",Private room in house,99.0,1,2,0.19701111718607617,50.0
522,4180179,0.78,0.8500000000000001,71.25,-118.3181,34.1574,1.0,2.0,Private room,"[""Stove"", ""Dryer"", ""Bed linens"", ""Pocket wifi"", ""Cooking basics"", ""First aid kit"", ""Kitchen"", ""Hangers"", ""Extra pillows and blankets"", ""Essentials"", ""Iron"", ""Oven"", ""Heating"", ""Washer"", ""Hair dryer"", ""Garden or backyard"", ""Long term stays allowed"", ""Patio or balcony"", ""Hot water"", ""Lock on bedroom door"", ""Dedicated workspace"", ""TV"", ""Coffee maker"", ""Smoke alarm"", ""Breakfast"", ""Refrigerator"", ""Microwave"", ""Air conditioning"", ""Shampoo"", ""Indoor fireplace"", ""Host greets you"", ""Dishes and silverware"", ""Dishwasher"", ""Carbon monoxide alarm"", ""Wifi"", ""Cable TV"", ""Free street parking""]",Private room in house,96.0,2,2,0.5150355385456533,71.25
539,4270516,0.28,0.45,88.5,-118.42849,34.03946,1.0,1.0,Private room,"[""Stove"", ""Dryer"", ""Bed linens"", ""Luggage dropoff allowed"", ""Cooking basics"", ""First aid kit"", ""Kitchen"", ""Hangers"", ""Paid parking off premises"", ""Single level home"", ""Essentials"", ""Iron"", ""Oven"", ""Heating"", ""Washer"", ""Hair dryer"", ""Garden or backyard"", ""Long term stays allowed"", ""Hot water"", ""Lock on bedroom door"", ""Dedicated workspace"", ""TV"", ""Coffee maker"", ""Free parking on premises"", ""Smoke alarm"", ""Refrigerator"", ""Microwave"", ""Air conditioning"", ""Shampoo"", ""Dishes and silverware"", ""Dishwasher"", ""Fire extinguisher"", ""Carbon monoxide alarm"", ""Wifi"", ""Cable TV"", ""Free street parking""]",Private room in house,98.0,3,2,0.4005831966466193,88.5
558,4447624,0.12,0.22499999999999998,95.0,-118.2267,34.22955,1.0,1.0,Private room,"[""Heating"", ""Washer"", ""Hair dryer"", ""Air conditioning"", ""Long term stays allowed"", ""Shampoo"", ""Indoor fireplace"", ""First aid kit"", ""Hangers"", ""Free parking on premises"", ""Wifi"", ""Dryer"", ""Smoke alarm"", ""Iron"", ""Cable TV""]",Private room in house,100.0,3,2,0.277382905048296,95.0
559,4448164,0.14,0.20833333333333331,110.0,-118.22706,34.22808,1.0,1.0,Private room,"[""Heating"", ""Washer"", ""Hair dryer"", ""Air conditioning"", ""Long term stays allowed"", ""Shampoo"", ""Indoor fireplace"", ""First aid kit"", ""Hangers"", ""Wifi"", ""Dryer"", ""Smoke alarm"", ""Free parking on premises"", ""Iron"", ""Cable TV""]",Private room in house,98.0,3,2,0.2887734645525788,110.0
584,4841258,0.16,0.05,90.0,-118.30356,34.054,1.0,1.0,Private room,"[""Dryer"", ""Kitchen"", ""Hangers"", ""Essentials"", ""Iron"", ""Heating"", ""Washer"", ""Hair dryer"", ""Long term stays allowed"", ""Hot water"", ""Lock on bedroom door"", ""Dedicated workspace"", ""Keypad"", ""TV"", ""Free parking on premises"", ""Breakfast"", ""Smoke alarm"", ""Shampoo"", ""Dishes and silverware"", ""Carbon monoxide alarm"", ""Fire extinguisher"", ""Private entrance"", ""Wifi"", ""Free street parking""]",Private room in house,95.0,23,1,0.14005831966466192,90.0
593,4900356,1.01,0.0,115.0,-118.31269,34.11613,1.0,1.0,Private room,"[""Stove"", ""Dryer"", ""Pool"", ""Cooking basics"", ""Bathtub"", ""First aid kit"", ""Kitchen"", ""Hangers"", ""Essentials"", ""Iron"", ""Oven"", ""Heating"", ""Washer"", ""Hair dryer"", ""Garden or backyard"", ""Long term stays allowed"", ""Patio or balcony"", ""Hot water"", ""Lock on bedroom door"", ""Dedicated workspace"", ""TV"", ""Coffee maker"", ""Free parking on premises"", ""Gym"", ""Smoke alarm"", ""Refrigerator"", ""Microwave"", ""Air conditioning"", ""Shampoo"", ""Indoor fireplace"", ""Dishwasher"", ""Dishes and silverware"", ""Carbon monoxide alarm"", ""Fire extinguisher"", ""Wifi"", ""Cable TV"", ""Free street parking""]",Private room in house,93.0,4,2,0.04574448696919993,115.0
594,4900362,1.31,0.0,89.0,-118.31325,34.11735,1.0,1.0,Private room,"[""Dryer"", ""Pool"", ""First aid kit"", ""Kitchen"", ""Hangers"", ""Essentials"", ""Iron"", ""Heating"", ""Washer"", ""Hair dryer"", ""Garden or backyard"", ""Long term stays allowed"", ""Hot water"", ""Lock on bedroom door"", ""TV"", ""Gym"", ""Smoke alarm"", ""Air conditioning"", ""Shampoo"", ""Dishes and silverware"", ""Carbon monoxide alarm"", ""Fire extinguisher"", ""Wifi"", ""Cable TV"", ""Free street parking""]",Private room in house,92.0,4,2,0.04574448696919993,89.0
596,4907055,0.99,0.625,45.5,-118.38992,33.95816,1.0,1.0,Private room,"[""Stove"", ""Dryer"", ""Bed linens"", ""Cooking basics"", ""First aid kit"", ""Kitchen"", ""Hangers"", ""Extra pillows and blankets"", ""Essentials"", ""Iron"", ""Oven"", ""Heating"", ""Washer"", ""Hair dryer"", ""Long term stays allowed"", ""Hot water"", ""Lock on bedroom door"", ""Dedicated workspace"", ""Keypad"", ""Coffee maker"", ""Smoke alarm"", ""Refrigerator"", ""Microwave"", ""Dishes and silverware"", ""Dishwasher"", ""Fire extinguisher"", ""Carbon monoxide alarm"", ""Private entrance"", ""Wifi"", ""Free street parking""]",Private room in house,96.0,1,1,0.32914160743575727,45.5
598,4923194,1.01,0.0,125.0,-118.32575,34.10892,1.0,2.0,Private room,"[""Heating"", ""Washer"", ""Wifi"", ""Long term stays allowed"", ""Shampoo"", ""Indoor fireplace"", ""Kitchen"", ""TV"", ""Essentials"", ""Dryer"", ""Smoke alarm""]",Private room in house,93.0,2,4,0.04574448696919993,125.0
606,5002496,1.4,0.5,59.0,-118.31136,34.05873,1.0,2.0,Private room,"[""Stove"", ""Dryer"", ""Fireplace guards"", ""Bed linens"", ""Luggage dropoff allowed"", ""Cooking basics"", ""Bathtub"", ""First aid kit"", ""Kitchen"", ""Hangers"", ""Extra pillows and blankets"", ""Essentials"", ""Iron"", ""Room-darkening shades"", ""Oven"", ""Heating"", ""Washer"", ""Baby safety gates"", ""Hair dryer"", ""Long term stays allowed"", ""Garden or backyard"", ""Patio or balcony"", ""Hot water"", ""Lock on bedroom door"", ""Dedicated workspace"", ""Keypad"", ""TV"", ""Coffee maker"", ""Free parking on premises"", ""Smoke alarm"", ""Refrigerator"", ""Microwave"", ""Air conditioning"", ""Shampoo"", ""Dishes and silverware"", ""Fire extinguisher"", ""Carbon monoxide alarm"", ""Wifi"", ""Cleaning before checkout"", ""Free street parking""]",Private room in house,97.0,6,2,0.3353380718060871,59.0
608,5022210,0.72,0.5916666666666667,61.25,-118.49267,34.25488,1.0,1.0,Private room,"[""Stove"", ""Dryer"", ""Cooking basics"", ""First aid kit"", ""Kitchen"", ""Hangers"", ""Essentials"", ""Iron"", ""Oven"", ""Heating"", ""Washer"", ""Hair dryer"", ""Long term stays allowed"", ""Hot water"", ""Lock on bedroom door"", ""TV"", ""Coffee maker"", ""Smoke alarm"", ""Breakfast"", ""Refrigerator"", ""Microwave"", ""Air conditioning"", ""Shampoo"", ""Indoor fireplace"", ""Host greets you"", ""Dishes and silverware"", ""Dishwasher"", ""Fire extinguisher"", ""Carbon monoxide alarm"", ""Wifi"", ""Cable TV"", ""Free street parking""]",Private room in house,94.0,3,2,0.3796245671587388,61.25
612,5059808,0.32,0.13333333333333333,46.0,-118.42682,34.31293,1.0,1.0,Private room,"[""Heating"", ""Long term stays allowed"", ""Shampoo"", ""Indoor fireplace"", ""First aid kit"", ""Kitchen"", ""Fire extinguisher"", ""Carbon monoxide alarm"", ""TV"", ""Wifi"", ""Essentials"", ""Free parking on premises"", ""Smoke alarm"", ""Pool""]",Private room in house,97.0,2,1,0.1530891197375615,46.0
614,5070776,0.3,0.15833333333333333,46.75,-117.98699,34.1497,1.0,1.0,Private room,"[""Dryer"", ""First aid kit"", ""Kitchen"", ""Hangers"", ""Essentials"", ""Iron"", ""Oven"", ""Heating"", ""Washer"", ""Hair dryer"", ""Long term stays allowed"", ""Hot water"", ""Dedicated workspace"", ""TV"", ""Free parking on premises"", ""Smoke alarm"", ""Air conditioning"", ""Shampoo"", ""Host greets you"", ""Carbon monoxide alarm"", ""Wifi"", ""Free street parking""]",Private room in house,95.0,5,1,0.16420630581374157,46.75
619,5127482,0.07,0.15,44.75,-117.98547,34.15078,1.0,1.0,Private room,"[""Dryer"", ""First aid kit"", ""Kitchen"", ""Hangers"", ""Essentials"", ""Iron"", ""Heating"", ""Washer"", ""Long term stays allowed"", ""Hot water"", ""Lock on bedroom door"", ""TV"", ""Free parking on premises"", ""Breakfast"", ""Smoke alarm"", ""Air conditioning"", ""Shampoo"", ""Host greets you"", ""Carbon monoxide alarm"", ""Wifi"", ""Free street parking""]",Private room in house,92.0,5,1,0.15782759249134318,44.75
8,23710,2.09,0.8500000000000001,156.0,-118.19038,34.12003,1.0,1.0,Entire home/apt,"[""Heating"", ""Bedroom comforts"", ""Washer"", ""Hair dryer"", ""Air conditioning"", ""Garden or backyard"", ""Full kitchen"", ""Dryer"", ""Self check-in"", ""Bathroom essentials"", ""TV"", ""Wifi"", ""Free parking on premises"", ""Coffee maker"", ""Carbon monoxide alarm"", ""Smoke alarm"", ""Fire extinguisher"", ""Iron"", ""Free street parking""]",Entire guest suite,98.0,1,2,0.7891379624567159,156.0
110,611841,1.36,0.725,170.0,-118.3228,34.11648,1.0,2.0,Entire home/apt,"[""Dryer"", ""Cooking basics"", ""First aid kit"", ""Kitchen"", ""Hangers"", ""Essentials"", ""Iron"", ""Heating"", ""Washer"", ""Hair dryer"", ""Long term stays allowed"", ""Hot water"", ""Dedicated workspace"", ""TV"", ""Free parking on premises"", ""Smoke alarm"", ""Air conditioning"", ""Shampoo"", ""Host greets you"", ""Dishes and silverware"", ""Fire extinguisher"", ""Carbon monoxide alarm"", ""Wifi"", ""Cable TV""]",Entire guest suite,99.0,1,3,0.7661745944960816,170.0
127,698357,4.75,0.47500000000000003,135.75,-118.37753,34.08742,1.0,1.0,Entire home/apt,"[""Luggage dropoff allowed"", ""First aid kit"", ""Kitchen"", ""Hangers"", ""Essentials"", ""Iron"", ""Heating"", ""Hair dryer"", ""Garden or backyard"", ""Long term stays allowed"", ""Patio or balcony"", ""Hot water"", ""Dedicated workspace"", ""TV"", ""Coffee maker"", ""Free parking on premises"", ""BBQ grill"", ""Smoke alarm"", ""Refrigerator"", ""Microwave"", ""Air conditioning"", ""Shampoo"", ""Host greets you"", ""Dishes and silverware"", ""Carbon monoxide alarm"", ""Wifi"", ""Cable TV"", ""Free street parking""]",Entire guest suite,96.0,2,2,0.537452159650082,135.75
