df_21.csv
,id,reviews_per_month,demand,price,longitude,latitude,bedrooms,beds,room_type,amenities,property_type,review_scores_rating,calculated_host_listings_count,accommodates,annual_return,price_per_bedroom
153,832900,2.58,0.7666666666666666,184.0,-118.42513,33.99898,1.0,1.0,Entire home/apt,"[""Barbecue utensils"", ""Hot water kettle"", ""Stove"", ""Clothing storage: closet"", ""Shower gel"", ""Dryer"", ""Bed linens"", ""Dining table"", ""Outdoor shower"", ""Luggage dropoff allowed"", ""Cleaning products"", ""Cooking basics"", ""Conditioner"", ""Bluetooth sound system"", ""First aid kit"", ""Kitchen"", ""Hangers"", ""Extra pillows and blankets"", ""Single level home"", ""Essentials"", ""Iron"", ""Room-darkening shades"", ""Oven"", ""Heating"", ""Washer"", ""Hair dryer"", ""Garden or backyard"", ""Long term stays allowed"", ""Patio or balcony"", ""Fire pit"", ""Hot water"", ""Dedicated workspace"", ""Keypad"", ""TV"", ""Coffee maker"", ""Outdoor dining area"", ""Wine glasses"", ""Smoke alarm"", ""BBQ grill"", ""Refrigerator"", ""Freezer"", ""Microwave"", ""Outdoor furniture"", ""Air conditioning"", ""Shampoo"", ""Baking sheet"", ""Ceiling fan"", ""Toaster"", ""Trash compactor"", ""Dishes and silverware"", ""Dishwasher"", ""Fire extinguisher"", ""Carbon monoxide alarm"", ""Ethernet connection"", ""Wifi"", ""Private entrance"", ""Shared hot tub"", ""Beach essentials"", ""Free street parking""]",Entire guest suite,99.0,1,2,0.8086386003280481,184.0
189,975453,2.43,0.7916666666666666,98.75,-118.33869,34.04262,1.0,2.0,Entire home/apt,"[""Barbecue utensils"", ""Shower gel"", ""Dryer"", ""Bed linens"", ""Lockbox"", ""Pocket wifi"", ""Luggage dropoff allowed"", ""Cooking basics"", ""First aid kit"", ""Hangers"", ""Extra pillows and blankets"", ""Essentials"", ""Iron"", ""Oven"", ""Heating"", ""Washer"", ""Hair dryer"", ""Long term stays allowed"", ""Garden or backyard"", ""Patio or balcony"", ""Hot water"", ""Dedicated workspace"", ""TV"", ""Coffee maker"", ""Free parking on premises"", ""BBQ grill"", ""Smoke alarm"", ""Refrigerator"", ""Microwave"", ""Air conditioning"", ""Baking sheet"", ""Shampoo"", ""Indoor fireplace"", ""Dishes and silverware"", ""Carbon monoxide alarm"", ""Ethernet connection"", ""Wifi"", ""Private entrance"", ""Cable TV"", ""Free street parking""]",Entire guest suite,95.0,2,3,0.5993256788773464,98.75
193,984743,1.1,0.8666666666666667,279.75,-118.31932,34.1281,2.0,2.0,Entire home/apt,"[""Barbecue utensils"", ""Hot water kettle"", ""Shower gel"", ""Dryer"", ""Fireplace guards"", ""Bed linens"", ""Dining table"", ""Children\u2019s books and toys"", ""Lockbox"", ""Clothing storage: dresser and closet"", ""Cooking basics"", ""Bathtub"", ""Conditioner"", ""First aid kit"", ""Hangers"", ""TV with Apple TV"", ""Extra pillows and blankets"", ""Essentials"", ""Rice maker"", ""Iron"", ""Bidet"", ""Hair dryer"", ""Board games"", ""Long term stays allowed"", ""Patio or balcony"", ""Hot water"", ""Dedicated workspace"", ""Central air conditioning"", ""Babysitter recommendations"", ""Coffee maker"", ""Outdoor dining area"", ""Free parking on premises"", ""Wine glasses"", ""Portable fans"", ""Smoke alarm"", ""BBQ grill"", ""Central heating"", ""Refrigerator"", ""Freezer"", ""Microwave"", ""Outdoor furniture"", ""Shampoo"", ""Ceiling fan"", ""Indoor fireplace"", ""Toaster"", ""Dishes and silverware"", ""Fire extinguisher"", ""Carbon monoxide alarm"", ""Mini fridge"", ""Wifi"", ""Private entrance"", ""Body soap"", ""Cable TV"", ""Free street parking""]",Entire guest suite,96.0,1,4,0.9159832330964097,139.875
201,1040399,2.27,0.8583333333333334,159.5,-118.28574,34.09686,1.0,2.0,Entire home/apt,"[""Stove"", ""Bed linens"", ""Pool"", ""Lockbox"", ""Cooking basics"", ""Kitchen"", ""Hangers"", ""Extra pillows and blankets"", ""Essentials"", ""Iron"", ""Oven"", ""Heating"", ""Hair dryer"", ""Garden or backyard"", ""Long term stays allowed"", ""Patio or balcony"", ""Hot water"", ""Dedicated workspace"", ""Babysitter recommendations"", ""TV"", ""Coffee maker"", ""Smoke alarm"", ""Refrigerator"", ""Microwave"", ""Air conditioning"", ""Dishes and silverware"", ""Fire extinguisher"", ""Carbon monoxide alarm"", ""Wifi"", ""Cable TV"", ""Free street parking""]",Entire guest suite,93.0,2,4,0.8003462730089302,159.5
223,1180428,1.47,0.8916666666666667,98.25,-118.21259,34.11121,1.0,1.0,Entire home/apt,"[""Shower gel"", ""Dryer"", ""Bed linens"", ""Lockbox"", ""Luggage dropoff allowed"", ""Cooking basics"", ""First aid kit"", ""Hangers"", ""Extra pillows and blankets"", ""Single level home"", ""Essentials"", ""Iron"", ""Room-darkening shades"", ""Heating"", ""Washer"", ""Hair dryer"", ""Garden or backyard"", ""Long term stays allowed"", ""Patio or balcony"", ""Hot water"", ""TV"", ""Coffee maker"", ""Free parking on premises"", ""Smoke alarm"", ""Refrigerator"", ""Microwave"", ""Air conditioning"", ""Shampoo"", ""Host greets you"", ""Dishes and silverware"", ""Carbon monoxide alarm"", ""Fire extinguisher"", ""Private entrance"", ""Wifi"", ""Cable TV"", ""Free street parking""]",Entire guest suite,99.0,1,2,0.6418808091853472,98.25
236,1305483,0.59,0.6833333333333333,167.5,-118.21933,34.11006,2.0,2.0,Entire home/apt,"[""Barbecue utensils"", ""Dryer"", ""Bed linens"", ""TV with Netflix, Amazon Prime Video, standard cable"", ""Luggage dropoff allowed"", ""Cooking basics"", ""Bathtub"", ""First aid kit"", ""Kitchen"", ""Hangers"", ""EV charger"", ""Extra pillows and blankets"", ""Essentials"", ""Iron"", ""Heating"", ""Washer"", ""Hair dryer"", ""Garden or backyard"", ""Long term stays allowed"", ""Patio or balcony"", ""Hot water"", ""Portable air conditioning"", ""Dedicated workspace"", ""Coffee maker"", ""Free parking on premises"", ""BBQ grill"", ""Portable fans"", ""Smoke alarm"", ""Microwave"", ""1 Burner Cooktop Induction - but the BBQ has a gas burner induction stove"", ""varies conditioner"", ""Shampoo"", ""Toaster Oven - for the basics oven"", ""Dishes and silverware"", ""Fire extinguisher"", ""Carbon monoxide alarm"", ""Mini fridge"", ""Wifi"", ""Private entrance"", ""Body soap"", ""Cable TV"", ""Free street parking""]",Entire guest suite,97.0,2,4,0.7424822307271733,83.75
240,1336082,1.37,0.7166666666666666,119.5,-118.45468,33.99043,,1.0,Entire home/apt,"[""Stove"", ""Lockbox"", ""Luggage dropoff allowed"", ""Cooking basics"", ""Kitchen"", ""Hangers"", ""Single level home"", ""Essentials"", ""Iron"", ""Heating"", ""Hair dryer"", ""Long term stays allowed"", ""Patio or balcony"", ""Hot water"", ""Dedicated workspace"", ""Coffee maker"", ""Smoke alarm"", ""Refrigerator"", ""Microwave"", ""Air conditioning"", ""Shampoo"", ""Dishes and silverware"", ""Carbon monoxide alarm"", ""Fire extinguisher"", ""Private entrance"", ""Wifi"", ""Free street parking""]",Entire guest suite,97.0,1,2,0.6316748678695098,
244,1365676,0.92,0.0,180.0,-118.40621,34.14785,1.0,1.0,Entire home/apt,"[""First aid kit"", ""Hangers"", ""Essentials"", ""Iron"", ""Heating"", ""Hair dryer"", ""Garden or backyard"", ""Long term stays allowed"", ""Hot water"", ""Dedicated workspace"", ""Keypad"", ""Coffee maker"", ""Smoke alarm"", ""Refrigerator"", ""Microwave"", ""Air conditioning"", ""Shampoo"", ""Host greets you"", ""Dishes and silverware"", ""Fire extinguisher"", ""Carbon monoxide alarm"", ""Wifi"", ""Hot tub"", ""Free street parking""]",Entire guest suite,94.0,1,2,0.04574448696919993,180.0
281,1700085,0.34,0.8,290.5,-118.31873,34.12125,1.0,1.0,Entire home/apt,"[""Heating"", ""Bedroom comforts"", ""Washer"", ""Hair dryer"", ""Garden or backyard"", ""Full kitchen"", ""Self check-in"", ""Bathroom essentials"", ""TV"", ""Wifi"", ""Dryer"", ""Coffee maker"", ""Carbon monoxide alarm"", ""Smoke alarm"", ""Iron"", ""Free street parking""]",Entire guest suite,98.0,8,2,0.9090577729178058,290.5
310,1831098,1.7,0.8583333333333334,99.0,-118.42264,34.14305,1.0,1.0,Entire home/apt,"[""Bed linens"", ""Pool"", ""Cooking basics"", ""Kitchen"", ""Hangers"", ""Extra pillows and blankets"", ""Essentials"", ""Iron"", ""Heating"", ""Hair dryer"", ""Long term stays allowed"", ""Patio or balcony"", ""Hot water"", ""Dedicated workspace"", ""Coffee maker"", ""Free parking on premises"", ""Smoke alarm"", ""Refrigerator"", ""Microwave"", ""Air conditioning"", ""Shampoo"", ""Host greets you"", ""Dishes and silverware"", ""Fire extinguisher"", ""Carbon monoxide alarm"", ""Wifi"", ""Beach essentials"", ""Free street parking""]",Entire guest suite,98.0,1,2,0.6287588846364134,99.0
315,1864439,2.23,0.825,150.0,-118.4861,34.04654,,2.0,Entire home/apt,"[""Stove"", ""Bed linens"", ""Luggage dropoff allowed"", ""Cooking basics"", ""Kitchen"", ""Hangers"", ""Extra pillows and blankets"", ""Essentials"", ""Iron"", ""Oven"", ""Heating"", ""Hair dryer"", ""Long term stays allowed"", ""Patio or balcony"", ""Hot water"", ""Dedicated workspace"", ""TV"", ""Coffee maker"", ""Free parking on premises"", ""Smoke alarm"", ""Refrigerator"", ""Microwave"", ""Shampoo"", ""Host greets you"", ""Dishes and silverware"", ""Fire extinguisher"", ""Carbon monoxide alarm"", ""Private entrance"", ""Wifi"", ""Cable TV"", ""Free street parking""]",Entire guest suite,99.0,1,4,0.7678148350646984,
325,1967264,2.16,0.6083333333333334,114.5,-118.34618,34.13459,1.0,1.0,Entire home/apt,"[""Pack \u2019n Play/travel crib"", ""Bed linens"", ""Lockbox"", ""Luggage dropoff allowed"", ""Cooking basics"", ""Bathtub"", ""Kitchen"", ""Hangers"", ""Essentials"", ""Iron"", ""Room-darkening shades"", ""Oven"", ""Heating"", ""Hair dryer"", ""Garden or backyard"", ""Long term stays allowed"", ""Patio or balcony"", ""Hot water"", ""Dedicated workspace"", ""TV"", ""Coffee maker"", ""Smoke alarm"", ""Refrigerator"", ""Microwave"", ""Air conditioning"", ""Shampoo"", ""Dishes and silverware"", ""Carbon monoxide alarm"", ""Private entrance"", ""Wifi"", ""Free street parking""]",Entire guest suite,96.0,1,2,0.5618735192272645,114.5
339,2058290,0.96,0.85,114.0,-118.46759,34.0076,1.0,4.0,Entire home/apt,"[""Shower gel"", ""Bed linens"", ""Pocket wifi"", ""Luggage dropoff allowed"", ""Cooking basics"", ""Conditioner"", ""First aid kit"", ""Kitchen"", ""Hangers"", ""Extra pillows and blankets"", ""Single level home"", ""Essentials"", ""Iron"", ""Heating"", ""Hair dryer"", ""Long term stays allowed"", ""Hot water"", ""Dedicated workspace"", ""Keypad"", ""TV"", ""Coffee maker"", ""Smoke alarm"", ""Refrigerator"", ""Freezer"", ""Microwave"", ""Air conditioning"", ""Shampoo"", ""Dishes and silverware"", ""Carbon monoxide alarm"", ""Fire extinguisher"", ""Ethernet connection"", ""Wifi"", ""Private entrance"", ""Cleaning before checkout"", ""Body soap"", ""Cable TV"", ""Free street parking""]",Entire guest suite,96.0,1,2,0.6812465828321487,114.0
400,2867922,3.72,0.8166666666666665,203.75,-118.25745,34.09476,1.0,1.0,Entire home/apt,"[""Heating"", ""Bedroom comforts"", ""Washer"", ""Hair dryer"", ""Air conditioning"", ""Full kitchen"", ""Dryer"", ""Self check-in"", ""Bathroom essentials"", ""TV"", ""Wifi"", ""Free parking on premises"", ""Coffee maker"", ""Carbon monoxide alarm"", ""Smoke alarm"", ""Iron""]",Entire guest suite,99.0,1,2,0.8459996355020959,203.75
401,2890368,2.62,0.7166666666666667,119.75,-118.37502,34.10738,1.0,1.0,Entire home/apt,"[""Stove"", ""Bed linens"", ""Lockbox"", ""Luggage dropoff allowed"", ""Cooking basics"", ""First aid kit"", ""Kitchen"", ""Hangers"", ""Extra pillows and blankets"", ""Essentials"", ""Iron"", ""Room-darkening shades"", ""Heating"", ""Hair dryer"", ""Long term stays allowed"", ""Patio or balcony"", ""Hot water"", ""Dedicated workspace"", ""TV"", ""Coffee maker"", ""Smoke alarm"", ""Refrigerator"", ""Microwave"", ""Air conditioning"", ""Shampoo"", ""Dishes and silverware"", ""Fire extinguisher"", ""Carbon monoxide alarm"", ""Private entrance"", ""Wifi"", ""Cable TV"", ""Free street parking""]",Entire guest suite,96.0,1,2,0.6322216147257154,119.75
424,3259107,8.02,0.525,113.5,-118.47296,33.99451,1.0,1.0,Entire home/apt,"[""Heating"", ""Washer"", ""Wifi"", ""Free street parking"", ""Long term stays allowed"", ""Shampoo"", ""Patio or balcony"", ""Lockbox"", ""Hot water"", ""Refrigerator"", ""Dishes and silverware"", ""Carbon monoxide alarm"", ""Essentials"", ""TV"", ""Dryer"", ""Coffee maker"", ""Smoke alarm"", ""Cable TV"", ""Microwave""]",Entire guest suite,95.0,1,2,0.5088390741753235,113.5
439,3416556,2.39,0.6916666666666667,114.0,-118.25803,34.08715,1.0,2.0,Entire home/apt,"[""Stove"", ""Bed linens"", ""Cooking basics"", ""Kitchen"", ""Hangers"", ""Extra pillows and blankets"", ""Essentials"", ""Heating"", ""Hair dryer"", ""Long term stays allowed"", ""Hot water"", ""Dedicated workspace"", ""Keypad"", ""TV"", ""Coffee maker"", ""Free parking on premises"", ""Smoke alarm"", ""Refrigerator"", ""Microwave"", ""Air conditioning"", ""Shampoo"", ""Dishes and silverware"", ""Fire extinguisher"", ""Wifi"", ""Free street parking""]",Entire guest suite,95.0,2,4,0.6034262802988882,114.0
445,3506410,5.61,0.8,128.0,-118.51023,34.03084,1.0,1.0,Entire home/apt,"[""Dryer \u2013 In building"", ""Hot water kettle"", ""Shower gel"", ""Laundromat nearby"", ""Bed linens"", ""Luggage dropoff allowed"", ""Cleaning products"", ""Cooking basics"", ""Conditioner"", ""First aid kit"", ""Clothing storage"", ""Hangers"", ""Kitchen"", ""Extra pillows and blankets"", ""Single level home"", ""Essentials"", ""Iron"", ""Heating"", ""Hair dryer"", ""Patio or balcony"", ""Hot water"", ""Dedicated workspace: desk"", ""Washer \u2013\u00a0In building"", ""Coffee maker"", ""Outdoor dining area"", ""Free parking on premises"", ""Wine glasses"", ""Portable fans"", ""Smoke alarm"", ""Freezer"", ""Microwave"", ""Drying rack for clothing"", ""Refrigerator"", ""Outdoor furniture"", ""Shampoo"", ""Toaster"", ""Pour-over coffee"", ""Dishes and silverware"", ""Host greets you"", ""Carbon monoxide alarm"", ""Fire extinguisher"", ""Private entrance"", ""Wifi"", ""Body soap"", ""Beach essentials"", ""Free street parking""]",Entire guest suite,97.0,1,2,0.7035720794605431,128.0
446,3533185,0.1,0.0,440.0,-118.59779,34.16314,1.0,2.0,Entire home/apt,"[""Washer"", ""Hair dryer"", ""Wifi"", ""Long term stays allowed"", ""Shampoo"", ""Cooking basics"", ""Indoor fireplace"", ""Breakfast"", ""Hangers"", ""Dedicated workspace"", ""Fire extinguisher"", ""Free parking on premises"", ""Essentials"", ""TV"", ""Dryer"", ""Smoke alarm"", ""Iron"", ""Cable TV""]",Entire guest suite,83.0,10,5,0.04574448696919993,440.0
450,3583498,1.01,0.8833333333333333,166.75,-118.48103,34.00965,1.0,2.0,Entire home/apt,"[""Stove"", ""Cooking basics"", ""Kitchen"", ""Hangers"", ""Essentials"", ""Iron"", ""Oven"", ""Heating"", ""Hair dryer"", ""Long term stays allowed"", ""Patio or balcony"", ""Hot water"", ""Dedicated workspace"", ""Keypad"", ""TV"", ""Coffee maker"", ""Free parking on premises"", ""Smoke alarm"", ""Refrigerator"", ""Microwave"", ""Air conditioning"", ""Shampoo"", ""Dishes and silverware"", ""Fire extinguisher"", ""Carbon monoxide alarm"", ""Private entrance"", ""Wifi"", ""Cable TV"", ""Free street parking""]",Entire guest suite,98.0,1,2,0.8203025332604338,166.75
459,3653599,0.05,0.0,180.0,-118.3394,34.10597,1.0,1.0,Entire home/apt,"[""Heating"", ""Washer"", ""Wifi"", ""Garden or backyard"", ""Shampoo"", ""Long term stays allowed"", ""Hot water"", ""Indoor fireplace"", ""First aid kit"", ""Kitchen"", ""Free parking on premises"", ""Essentials"", ""TV"", ""Dryer"", ""BBQ grill"", ""Smoke alarm"", ""Cable TV"", ""Free street parking""]",Entire guest suite,100.0,1,3,0.04574448696919993,180.0
470,3742898,2.54,0.7583333333333334,128.0,-118.42553,33.97269,1.0,1.0,Entire home/apt,"[""Bed linens"", ""Hangers"", ""Extra pillows and blankets"", ""Single level home"", ""Essentials"", ""Iron"", ""Heating"", ""Hair dryer"", ""Long term stays allowed"", ""Garden or backyard"", ""Hot water"", ""Dedicated workspace"", ""Keypad"", ""TV"", ""Coffee maker"", ""Smoke alarm"", ""Refrigerator"", ""Microwave"", ""Air conditioning"", ""Shampoo"", ""Dishes and silverware"", ""Fire extinguisher"", ""Carbon monoxide alarm"", ""Private entrance"", ""Wifi"", ""Cable TV"", ""Free street parking""]",Entire guest suite,98.0,2,2,0.6816110807362857,128.0
529,4217936,3.94,0.75,88.25,-118.3398,34.05231,,1.0,Entire home/apt,"[""Stove"", ""Dryer"", ""Bed linens"", ""Lockbox"", ""Luggage dropoff allowed"", ""Cooking basics"", ""First aid kit"", ""Kitchen"", ""Hangers"", ""EV charger"", ""Extra pillows and blankets"", ""Single level home"", ""Essentials"", ""Iron"", ""Heating"", ""Washer"", ""Hair dryer"", ""Garden or backyard"", ""Long term stays allowed"", ""Patio or balcony"", ""Hot water"", ""Dedicated workspace"", ""Coffee maker"", ""Free parking on premises"", ""BBQ grill"", ""Smoke alarm"", ""Refrigerator"", ""Microwave"", ""Air conditioning"", ""Shampoo"", ""Dishes and silverware"", ""Carbon monoxide alarm"", ""Fire extinguisher"", ""Private entrance"", ""Wifi"", ""Beach essentials"", ""Free street parking""]",Entire guest suite,98.0,1,2,0.5465646072535083,
548,4351047,2.76,0.7166666666666666,403.25,-118.64497,34.05225,1.0,3.0,Entire home/apt,"[""Barbecue utensils"", ""Stove"", ""Bed linens"", ""Lockbox"", ""Cooking basics"", ""First aid kit"", ""Kitchen"", ""Hangers"", ""Extra pillows and blankets"", ""Single level home"", ""Essentials"", ""Iron"", ""Oven"", ""Heating"", ""Hair dryer"", ""Long term stays allowed"", ""Garden or backyard"", ""Patio or balcony"", ""Hot water"", ""Dedicated workspace"", ""TV"", ""Coffee maker"", ""Free parking on premises"", ""BBQ grill"", ""Smoke alarm"", ""Refrigerator"", ""Microwave"", ""Shampoo"", ""Dishwasher"", ""Dishes and silverware"", ""Carbon monoxide alarm"", ""Fire extinguisher"", ""Private entrance"", ""Wifi"", ""Cable TV""]",Entire guest suite,96.0,3,4,0.9338436303991252,403.25
