df_21.csv
,id,reviews_per_month,demand,price,longitude,latitude,bedrooms,beds,room_type,amenities,property_type,review_scores_rating,calculated_host_listings_count,accommodates,annual_return,price_per_bedroom
562,4525134,3.6,0.8333333333333333,118.75,-118.28102,34.06217,1.0,2.0,Entire home/apt,"[""Pack \u2019n Play/travel crib"", ""Stove"", ""Record player"", ""Laundromat nearby"", ""Bed linens"", ""Lockbox"", ""Children\u2019s books and toys"", ""Luggage dropoff allowed"", ""Cooking basics"", ""First aid kit"", ""Kitchen"", ""Hangers"", ""Extra pillows and blankets"", ""Essentials"", ""Iron"", ""Oven"", ""Heating"", ""Hair dryer"", ""Garden or backyard"", ""Long term stays allowed"", ""Hot water"", ""Dedicated workspace"", ""TV"", ""Coffee maker"", ""Smoke alarm"", ""Portable fans"", ""Refrigerator"", ""Microwave"", ""Free driveway parking on premises \u2013 1 space"", ""Air conditioning"", ""Shampoo"", ""Dishes and silverware"", ""Fire extinguisher"", ""Private entrance"", ""Wifi"", ""Beach essentials"", ""Cable TV"", ""Free street parking""]",Entire guest suite,96.0,1,2,0.6892655367231638,118.75
563,4527218,3.75,0.4833333333333333,94.25,-118.45839,34.15788,1.0,2.0,Entire home/apt,"[""Dryer"", ""Bed linens"", ""Kitchen"", ""Hangers"", ""Extra pillows and blankets"", ""Essentials"", ""Iron"", ""Heating"", ""Washer"", ""Hair dryer"", ""Long term stays allowed"", ""Patio or balcony"", ""Hot water"", ""Dedicated workspace"", ""Keypad"", ""TV"", ""Coffee maker"", ""Free parking on premises"", ""BBQ grill"", ""Smoke alarm"", ""Refrigerator"", ""Microwave"", ""Air conditioning"", ""Shampoo"", ""Dishes and silverware"", ""Fire extinguisher"", ""Carbon monoxide alarm"", ""Private entrance"", ""Wifi"", ""Free street parking""]",Entire guest suite,93.0,2,2,0.43320575906688535,94.25
564,4540471,2.23,0.625,59.75,-118.42533,34.20748,,2.0,Entire home/apt,"[""Bed linens"", ""Cooking basics"", ""First aid kit"", ""Kitchen"", ""Hangers"", ""Extra pillows and blankets"", ""Essentials"", ""Iron"", ""Heating"", ""Hair dryer"", ""Garden or backyard"", ""Long term stays allowed"", ""Hot water"", ""Dedicated workspace"", ""TV"", ""Coffee maker"", ""Smoke alarm"", ""Refrigerator"", ""Microwave"", ""Air conditioning"", ""Shampoo"", ""Dishes and silverware"", ""Fire extinguisher"", ""Carbon monoxide alarm"", ""Private entrance"", ""Wifi"", ""Cable TV"", ""Free street parking""]",Entire guest suite,94.0,1,3,0.3863677783852743,
567,4573240,5.48,0.675,119.0,-118.42267,34.16419,1.0,1.0,Entire home/apt,"[""Dryer"", ""Bed linens"", ""Luggage dropoff allowed"", ""First aid kit"", ""Hangers"", ""Extra pillows and blankets"", ""Essentials"", ""Iron"", ""Heating"", ""Washer"", ""Hair dryer"", ""Garden or backyard"", ""Hot water"", ""Dedicated workspace"", ""Keypad"", ""TV"", ""Coffee maker"", ""Smoke alarm"", ""Refrigerator"", ""Microwave"", ""Air conditioning"", ""Shampoo"", ""Dishes and silverware"", ""Fire extinguisher"", ""Carbon monoxide alarm"", ""Private entrance"", ""Wifi"", ""Cable TV"", ""Free street parking""]",Entire guest suite,98.0,4,2,0.6083470020047385,119.0
585,4849148,1.43,0.575,165.0,-118.2735,34.09214,1.0,1.0,Entire home/apt,"[""Dryer"", ""Lockbox"", ""Luggage dropoff allowed"", ""First aid kit"", ""Kitchen"", ""Hangers"", ""Essentials"", ""Iron"", ""Heating"", ""Washer"", ""Hair dryer"", ""Long term stays allowed"", ""Hot water"", ""Dedicated workspace"", ""TV"", ""Coffee maker"", ""Smoke alarm"", ""Refrigerator"", ""Microwave"", ""Air conditioning"", ""Shampoo"", ""Dishes and silverware"", ""Fire extinguisher"", ""Carbon monoxide alarm"", ""Wifi"", ""Free street parking""]",Entire guest suite,97.0,2,2,0.6736832513213049,165.0
592,4892696,3.13,0.6916666666666667,208.0,-118.31341,34.07678,1.0,2.0,Entire home/apt,"[""Heating"", ""Bedroom comforts"", ""Washer"", ""Hair dryer"", ""Air conditioning"", ""Garden or backyard"", ""Smoke alarm"", ""Full kitchen"", ""Dryer"", ""Self check-in"", ""Bathroom essentials"", ""TV"", ""Wifi"", ""Free parking on premises"", ""Coffee maker"", ""Carbon monoxide alarm"", ""Pets allowed"", ""Fire extinguisher"", ""Iron"", ""Free street parking""]",Entire guest suite,99.0,1,2,0.8135593220338984,208.0
611,5057918,4.4,0.8500000000000001,91.0,-118.4289,34.01589,1.0,1.0,Entire home/apt,"[""Dryer"", ""Bed linens"", ""Pocket wifi"", ""Luggage dropoff allowed"", ""First aid kit"", ""Hangers"", ""Extra pillows and blankets"", ""Single level home"", ""Essentials"", ""Iron"", ""Heating"", ""Washer"", ""Hair dryer"", ""Patio or balcony"", ""Hot water"", ""Dedicated workspace"", ""TV"", ""Coffee maker"", ""Free parking on premises"", ""Gym"", ""Smoke alarm"", ""Refrigerator"", ""Microwave"", ""Air conditioning"", ""Shampoo"", ""Dishes and silverware"", ""Carbon monoxide alarm"", ""Fire extinguisher"", ""Ethernet connection"", ""Wifi"", ""Private entrance"", ""Beach essentials"", ""Cable TV"", ""Free street parking""]",Entire guest suite,100.0,1,2,0.5963185711682157,91.0
617,5116458,0.52,0.7166666666666668,55.5,-118.39922,34.03098,,1.0,Entire home/apt,"[""Heating"", ""Free street parking"", ""Hair dryer"", ""Garden or backyard"", ""Long term stays allowed"", ""Patio or balcony"", ""Hot water"", ""Dishes and silverware"", ""Hangers"", ""Dedicated workspace"", ""Fire extinguisher"", ""Carbon monoxide alarm"", ""Coffee maker"", ""Wifi"", ""Essentials"", ""Smoke alarm"", ""Iron"", ""Refrigerator"", ""Microwave""]",Entire guest suite,90.0,3,2,0.4000364497904137,
12,44062,0.76,0.125,146.5,-118.33111,34.09179,1.0,2.0,Entire home/apt,"[""brand new frigidaire stainless steel oven"", ""Bed linens"", ""Lockbox"", ""Luggage dropoff allowed"", ""Cooking basics"", ""Window AC unit"", ""First aid kit"", ""Kitchen"", ""Hangers"", ""Extra pillows and blankets"", ""Single level home"", ""Essentials"", ""brand new -- frigidaire 5 burner stainless steel gas stove"", ""Washer \u2013\u00a0In unit"", ""Iron"", ""Heating"", ""Hair dryer"", ""Garden or backyard"", ""Long term stays allowed"", ""Patio or balcony"", ""Hot water"", ""Portable air conditioning"", ""Dedicated workspace"", ""Coffee maker"", ""Free parking on premises"", ""Smoke alarm"", ""Portable fans"", ""Refrigerator"", ""Microwave"", ""Freezer"", ""Shampoo"", ""Baking sheet"", ""Ceiling fan"", ""Indoor fireplace"", ""Dishes and silverware"", ""Fire extinguisher"", ""Carbon monoxide alarm"", ""Ethernet connection"", ""Wifi"", ""Private entrance"", ""Free street parking""]",Entire house,93.0,3,2,0.2533260433752506,146.5
26,90986,0.01,0.24166666666666667,105.0,-118.34113,34.03954,1.0,1.0,Entire home/apt,"[""Washer"", ""Air conditioning"", ""Long term stays allowed"", ""Kitchen"", ""Dryer""]",Entire house,80.0,1,2,0.30708948423546567,105.0
44,217971,0.6,0.9000000000000001,182.5,-118.5157,34.02853,1.0,3.0,Entire home/apt,"[""Heating"", ""Washer"", ""Wifi"", ""Long term stays allowed"", ""Shampoo"", ""Kitchen"", ""Fire extinguisher"", ""Carbon monoxide alarm"", ""Essentials"", ""TV"", ""Dryer"", ""Smoke alarm"", ""Hot tub"", ""Cable TV""]",Entire house,98.0,3,5,0.843994897029342,182.5
46,242108,0.1,0.21666666666666667,276.75,-118.19476,33.84565,2.0,3.0,Entire home/apt,"[""Barbecue utensils"", ""Hot water kettle"", ""Stove"", ""Crib"", ""Shower gel"", ""Dryer"", ""Bed linens"", ""Luggage dropoff allowed"", ""Cooking basics"", ""Bathtub"", ""Conditioner"", ""First aid kit"", ""Kitchen"", ""Hangers"", ""Extra pillows and blankets"", ""Essentials"", ""Rice maker"", ""Iron"", ""Oven"", ""Heating"", ""Washer"", ""Hair dryer"", ""Garden or backyard"", ""Long term stays allowed"", ""Patio or balcony"", ""Hot water"", ""Dedicated workspace"", ""TV"", ""Coffee maker"", ""Free parking on premises"", ""BBQ grill"", ""Portable fans"", ""Smoke alarm"", ""Refrigerator"", ""Microwave"", ""Air conditioning"", ""Shampoo"", ""Baking sheet"", ""Ceiling fan"", ""Host greets you"", ""Dishwasher"", ""Dishes and silverware"", ""Fire extinguisher"", ""Carbon monoxide alarm"", ""Ethernet connection"", ""Wifi"", ""Cable TV"", ""Free street parking""]",Entire house,96.0,7,6,0.5104793147439403,138.375
47,253683,0.25,0.3666666666666667,273.5,-118.19557,33.84584,2.0,3.0,Entire home/apt,"[""Barbecue utensils"", ""Hot water kettle"", ""Outlet covers"", ""Stove"", ""Crib"", ""Shower gel"", ""Dryer"", ""Bed linens"", ""Bread maker"", ""Wifi"", ""Luggage dropoff allowed"", ""Cleaning products"", ""Cooking basics"", ""Bathtub"", ""Conditioner"", ""First aid kit"", ""Clothing storage"", ""Hangers"", ""Kitchen"", ""Extra pillows and blankets"", ""Children\u2019s dinnerware"", ""Essentials"", ""Iron"", ""Room-darkening shades"", ""Oven"", ""Heating"", ""Washer"", ""Hair dryer"", ""Baby bath"", ""Garden or backyard"", ""Patio or balcony"", ""Long term stays allowed"", ""Hot water"", ""Dedicated workspace"", ""TV"", ""Coffee maker"", ""Free parking on premises"", ""BBQ grill"", ""Portable fans"", ""Smoke alarm"", ""Refrigerator"", ""Microwave"", ""Air conditioning"", ""Shampoo"", ""Baking sheet"", ""Ceiling fan"", ""Host greets you"", ""Dishes and silverware"", ""Dishwasher"", ""Fire extinguisher"", ""Carbon monoxide alarm"", ""Ethernet connection"", ""High chair"", ""Private entrance"", ""Cleaning before checkout"", ""Cable TV"", ""Free street parking""]",Entire house,97.0,7,6,0.6949152542372882,136.75
49,254844,1.51,0.19166666666666665,863.5,-118.42726,34.0884,2.0,0.0,Entire home/apt,"[""Stove"", ""Dryer"", ""Pool"", ""Cooking basics"", ""Kitchen"", ""Hangers"", ""Iron"", ""Oven"", ""Heating"", ""Washer"", ""Hair dryer"", ""Garden or backyard"", ""Long term stays allowed"", ""Patio or balcony"", ""Hot water"", ""Dedicated workspace"", ""TV"", ""Coffee maker"", ""Free parking on premises"", ""Smoke alarm"", ""Refrigerator"", ""Microwave"", ""Air conditioning"", ""Indoor fireplace"", ""Host greets you"", ""Dishes and silverware"", ""Dishwasher"", ""Wifi"", ""Cable TV"", ""Free street parking""]",Entire house,92.0,1,4,0.8452706396938218,431.75
51,260698,0.05,0.625,500.0,-118.12139,34.16464,3.0,4.0,Entire home/apt,"[""Dryer"", ""Pool"", ""Children\u2019s books and toys"", ""First aid kit"", ""Kitchen"", ""Hangers"", ""Essentials"", ""Iron"", ""Heating"", ""Washer"", ""Hair dryer"", ""Long term stays allowed"", ""Hot water"", ""Dedicated workspace"", ""TV"", ""Free parking on premises"", ""Smoke alarm"", ""Shampoo"", ""Host greets you"", ""Fire extinguisher"", ""Carbon monoxide alarm"", ""Wifi"", ""Cable TV""]",Entire house,100.0,1,6,0.9398578458173865,166.66666666666666
52,266975,2.49,0.7916666666666666,221.75,-118.46439,33.99811,1.0,1.0,Entire home/apt,"[""Heating"", ""Bedroom comforts"", ""Washer"", ""Hair dryer"", ""Garden or backyard"", ""Kitchen"", ""Self check-in"", ""Bathroom essentials"", ""TV"", ""Wifi"", ""Dryer"", ""Coffee maker"", ""Carbon monoxide alarm"", ""Smoke alarm"", ""Fire extinguisher"", ""Iron"", ""Free street parking""]",Entire house,99.0,1,2,0.8578458173865501,221.75
54,287339,0.68,0.5583333333333333,1646.5,-118.62307,34.038,3.0,4.0,Entire home/apt,"[""Beachfront"", ""Stove"", ""Dryer"", ""Cooking basics"", ""First aid kit"", ""Kitchen"", ""Hangers"", ""Essentials"", ""Iron"", ""Oven"", ""Heating"", ""Washer"", ""Hair dryer"", ""Long term stays allowed"", ""Patio or balcony"", ""Hot water"", ""Dedicated workspace"", ""Keypad"", ""TV"", ""Coffee maker"", ""Smoke alarm"", ""Refrigerator"", ""Microwave"", ""Air conditioning"", ""Shampoo"", ""Dishes and silverware"", ""Dishwasher"", ""Carbon monoxide alarm"", ""Fire extinguisher"", ""Wifi"", ""Hot tub"", ""Cable TV"", ""Free street parking""]",Entire house,99.0,3,6,0.9934390377255331,548.8333333333334
59,295661,0.28,0.016666666666666666,695.0,-118.36884,34.08473,4.0,4.0,Entire home/apt,"[""Heating"", ""Washer"", ""Hair dryer"", ""Air conditioning"", ""Long term stays allowed"", ""Hot water"", ""Indoor fireplace"", ""Host greets you"", ""Kitchen"", ""Fire extinguisher"", ""Free parking on premises"", ""TV"", ""Wifi"", ""Dryer"", ""Smoke alarm"", ""Cable TV"", ""Free street parking""]",Entire house,95.0,3,8,0.19956260251503555,173.75
70,311176,0.79,0.09166666666666667,150.0,-118.33244,34.00918,2.0,2.0,Entire home/apt,"[""Stove"", ""Dryer"", ""Bed linens"", ""Lockbox"", ""Pocket wifi"", ""Luggage dropoff allowed"", ""Cooking basics"", ""First aid kit"", ""Kitchen"", ""Hangers"", ""Extra pillows and blankets"", ""Single level home"", ""Essentials"", ""Iron"", ""Oven"", ""Heating"", ""Washer"", ""Long term stays allowed"", ""Hot water"", ""Dedicated workspace"", ""TV"", ""Coffee maker"", ""Free parking on premises"", ""Smoke alarm"", ""Refrigerator"", ""Microwave"", ""Air conditioning"", ""Shampoo"", ""Indoor fireplace"", ""Dishes and silverware"", ""Dishwasher"", ""Fire extinguisher"", ""Carbon monoxide alarm"", ""Private entrance"", ""Wifi"", ""Cleaning before checkout"", ""Free street parking""]",Entire house,90.0,1,4,0.217058501913614,75.0
74,328989,0.05,0.016666666666666666,308.0,-118.36177,34.0652,2.0,2.0,Entire home/apt,"[""Dryer"", ""First aid kit"", ""Kitchen"", ""Hangers"", ""Essentials"", ""Iron"", ""Heating"", ""Washer"", ""Hair dryer"", ""Long term stays allowed"", ""Dedicated workspace"", ""TV"", ""Free parking on premises"", ""Smoke alarm"", ""Air conditioning"", ""Shampoo"", ""Indoor fireplace"", ""Host greets you"", ""Fire extinguisher"", ""Carbon monoxide alarm"", ""Wifi"", ""Cable TV""]",Entire house,87.0,1,6,0.14561691270275195,154.0
75,331450,0.01,0.0,1100.0,-118.49425,34.03727,5.0,6.0,Entire home/apt,"[""Heating"", ""Washer"", ""Wifi"", ""Air conditioning"", ""Long term stays allowed"", ""Indoor fireplace"", ""Kitchen"", ""Fire extinguisher"", ""Carbon monoxide alarm"", ""TV"", ""Essentials"", ""Dryer"", ""Free parking on premises"", ""Smoke alarm"", ""Cable TV""]",Entire house,100.0,1,6,0.04574448696919993,220.0
85,409740,1.46,0.43333333333333335,879.75,-118.35975,34.12403,2.0,2.0,Entire home/apt,"[""Pack \u2019n Play/travel crib"", ""Game console"", ""Stove"", ""Crib"", ""Dryer"", ""Bed linens"", ""Lockbox"", ""Children\u2019s books and toys"", ""Pocket wifi"", ""Luggage dropoff allowed"", ""Cooking basics"", ""Bathtub"", ""First aid kit"", ""Kitchen"", ""Hangers"", ""EV charger"", ""Extra pillows and blankets"", ""Essentials"", ""Iron"", ""Oven"", ""Heating"", ""Washer"", ""Hair dryer"", ""Baby safety gates"", ""Garden or backyard"", ""Long term stays allowed"", ""Patio or balcony"", ""Hot water"", ""Dedicated workspace"", ""TV"", ""Coffee maker"", ""Free parking on premises"", ""BBQ grill"", ""Smoke alarm"", ""Refrigerator"", ""Microwave"", ""Air conditioning"", ""Shampoo"", ""Indoor fireplace"", ""Dishwasher"", ""Dishes and silverware"", ""Fire extinguisher"", ""Carbon monoxide alarm"", ""Ethernet connection"", ""Wifi"", ""Cleaning before checkout"", ""Cable TV"", ""Free street parking""]",Entire house,98.0,1,5,0.9582649899763076,439.875
90,440208,1.08,0.25833333333333336,350.0,-118.59899,34.08964,1.0,1.0,Entire home/apt,"[""Heating"", ""Hair dryer"", ""Bed linens"", ""Shampoo"", ""Long term stays allowed"", ""Hot water"", ""Indoor fireplace"", ""First aid kit"", ""Breakfast"", ""Kitchen"", ""Hangers"", ""Dedicated workspace"", ""Extra pillows and blankets"", ""Wifi"", ""Essentials"", ""Free parking on premises"", ""Iron""]",Entire house,100.0,2,2,0.6564607253508292,350.0
91,462726,2.78,0.7666666666666666,85.5,-118.4578,34.16034,1.0,2.0,Entire home/apt,"[""Pack \u2019n Play/travel crib"", ""Hot water kettle"", ""Bed linens"", ""Lockbox"", ""Keurig coffee machine"", ""Luggage dropoff allowed"", ""Clothing storage: dresser and closet"", ""Cooking basics"", ""First aid kit"", ""Kitchen"", ""Hangers"", ""Extra pillows and blankets"", ""Single level home"", ""Essentials"", ""Iron"", ""Room-darkening shades"", ""Heating"", ""Hair dryer"", ""Long term stays allowed"", ""Patio or balcony"", ""Hot water"", ""TV"", ""Coffee maker"", ""Outdoor dining area"", ""Free parking on premises"", ""Wine glasses"", ""Smoke alarm"", ""Refrigerator"", ""Freezer"", ""Microwave"", ""Outdoor furniture"", ""Air conditioning"", ""Shampoo"", ""Safe"", ""Toaster"", ""Dishes and silverware"", ""Carbon monoxide alarm"", ""Fire extinguisher"", ""Mini fridge"", ""Wifi"", ""Private entrance"", ""Cable TV"", ""Free street parking""]",Entire house,99.0,1,2,0.5436486240204119,85.5
105,564102,1.95,0.825,109.0,-118.46625,34.00435,1.0,1.0,Entire home/apt,"[""Bed linens"", ""Luggage dropoff allowed"", ""Hangers"", ""Extra pillows and blankets"", ""Essentials"", ""Heating"", ""Hair dryer"", ""Garden or backyard"", ""Long term stays allowed"", ""Hot water"", ""Dedicated workspace"", ""Keypad"", ""TV"", ""Smoke alarm"", ""Refrigerator"", ""Air conditioning"", ""Dishes and silverware"", ""Carbon monoxide alarm"", ""Private entrance"", ""Wifi"", ""Cable TV"", ""Free street parking""]",Entire house,92.0,1,2,0.6540914889739384,109.0
106,565836,0.16,0.25000000000000006,297.5,-118.46698,33.992,2.0,2.0,Entire home/apt,"[""Stove"", ""Dryer"", ""Bed linens"", ""Cooking basics"", ""Kitchen"", ""Hangers"", ""Extra pillows and blankets"", ""Essentials"", ""Iron"", ""Oven"", ""Heating"", ""Washer"", ""Garden or backyard"", ""Long term stays allowed"", ""Patio or balcony"", ""Hot water"", ""Dedicated workspace"", ""TV"", ""Coffee maker"", ""Free parking on premises"", ""BBQ grill"", ""Smoke alarm"", ""Refrigerator"", ""Microwave"", ""Host greets you"", ""Dishes and silverware"", ""Dishwasher"", ""Carbon monoxide alarm"", ""Ethernet connection"", ""Wifi"", ""Private entrance"", ""Cable TV""]",Entire house,99.0,1,2,0.5801895389101512,148.75
108,589056,0.06,0.19166666666666668,296.25,-118.34454,34.09728,2.0,3.0,Entire home/apt,"[""Heating"", ""Washer"", ""Air conditioning"", ""Long term stays allowed"", ""Kitchen"", ""Dishes and silverware"", ""Free parking on premises"", ""TV"", ""Wifi"", ""Dryer"", ""Coffee maker"", ""Smoke alarm"", ""Microwave""]",Entire house,100.0,2,5,0.4918899216329506,148.125
