df_21.csv
,id,reviews_per_month,demand,price,longitude,latitude,bedrooms,beds,room_type,amenities,property_type,review_scores_rating,calculated_host_listings_count,accommodates,annual_return,price_per_bedroom
113,625983,0.16,0.6083333333333333,105.5,-118.36908,34.17188,2.0,2.0,Entire home/apt,"[""Stove"", ""Dryer"", ""Bed linens"", ""Cooking basics"", ""Kitchen"", ""Hangers"", ""Extra pillows and blankets"", ""Essentials"", ""Iron"", ""Oven"", ""Heating"", ""Washer"", ""Garden or backyard"", ""Long term stays allowed"", ""Patio or balcony"", ""Hot water"", ""TV"", ""Coffee maker"", ""Free parking on premises"", ""Smoke alarm"", ""Refrigerator"", ""Microwave"", ""Air conditioning"", ""Shampoo"", ""Dishes and silverware"", ""Carbon monoxide alarm"", ""Fire extinguisher"", ""Private entrance"", ""Wifi"", ""Cable TV"", ""Free street parking""]",Entire house,99.0,1,4,0.5363586659376709,52.75
117,647707,0.43,0.8,192.0,-118.25464,34.08993,3.0,5.0,Entire home/apt,"[""Clothing storage: dresser"", ""Pack \u2019n Play/travel crib"", ""Barbecue utensils"", ""Hot water kettle"", ""Game console"", ""Outlet covers"", ""Dryer"", ""Dining table"", ""Lockbox"", ""Children\u2019s books and toys"", ""Bread maker"", ""Wifi"", ""Luggage dropoff allowed"", ""Cleaning products"", ""Cooking basics"", ""Bathtub"", ""First aid kit"", ""Kitchen"", ""Hangers"", ""Bikes"", ""Extra pillows and blankets"", ""Children\u2019s dinnerware"", ""Changing table"", ""Essentials"", ""Stainless steel oven"", ""Rice maker"", ""Free parking on premises"", ""Iron"", ""Private garden or backyard"", ""Heating"", ""Washer"", ""Hair dryer"", ""Board games"", ""Baby bath"", ""Long term stays allowed"", ""Hot water"", ""Stainless steel gas stove"", ""Nespresso machine"", ""Dedicated workspace"", ""Babysitter recommendations"", ""TV"", ""Coffee maker"", ""Outdoor dining area"", ""Baby monitor"", ""Wine glasses"", ""Portable fans"", ""Smoke alarm"", ""BBQ grill"", ""Refrigerator"", ""Piano"", ""Drying rack for clothing"", ""Microwave"", ""Freezer"", ""Outdoor furniture"", ""Air conditioning"", ""Shampoo"", ""Baking sheet"", ""Ceiling fan"", ""Toaster"", ""Pour-over coffee"", ""Dishes and silverware"", ""Dishwasher"", ""Carbon monoxide alarm"", ""Fire extinguisher"", ""Ethernet connection"", ""High chair"", ""Private entrance"", ""Free street parking""]",Entire house,94.0,1,6,0.8277747402952433,64.0
120,662171,1.71,0.5416666666666667,337.5,-118.44205,34.0285,3.0,4.0,Entire home/apt,"[""Stove"", ""Dryer"", ""Lockbox"", ""Cooking basics"", ""Kitchen"", ""Hangers"", ""Essentials"", ""Iron"", ""Oven"", ""Heating"", ""Washer"", ""Hair dryer"", ""Garden or backyard"", ""Long term stays allowed"", ""Hot water"", ""Dedicated workspace"", ""TV"", ""Coffee maker"", ""Free parking on premises"", ""Smoke alarm"", ""Refrigerator"", ""Microwave"", ""Air conditioning"", ""Shampoo"", ""Indoor fireplace"", ""Dishes and silverware"", ""Dishwasher"", ""Fire extinguisher"", ""Carbon monoxide alarm"", ""High chair"", ""Wifi"", ""Free street parking""]",Entire house,95.0,10,6,0.8669582649899763,112.5
124,678709,0.23,0.8333333333333333,586.25,-118.38469,33.83549,3.0,5.0,Entire home/apt,"[""Heating"", ""Washer"", ""Air conditioning"", ""Long term stays allowed"", ""Shampoo"", ""Kitchen"", ""Carbon monoxide alarm"", ""TV"", ""Wifi"", ""Dryer"", ""Smoke alarm"", ""Cable TV""]",Entire house,100.0,4,8,0.9737561509021323,195.41666666666666
125,686726,2.03,0.8416666666666667,168.0,-118.32863,34.1646,1.0,2.0,Entire home/apt,"[""Stove"", ""Dryer"", ""Bed linens"", ""Cooking basics"", ""Kitchen"", ""Hangers"", ""Extra pillows and blankets"", ""Essentials"", ""Iron"", ""Oven"", ""Heating"", ""Washer"", ""Hair dryer"", ""Long term stays allowed"", ""Hot water"", ""Dedicated workspace"", ""Keypad"", ""TV"", ""Coffee maker"", ""Free parking on premises"", ""Smoke alarm"", ""Refrigerator"", ""Microwave"", ""Air conditioning"", ""Shampoo"", ""Dishes and silverware"", ""Carbon monoxide alarm"", ""Private entrance"", ""Wifi"", ""Cable TV"", ""Free street parking""]",Entire house,98.0,1,5,0.8093675961363223,168.0
130,707205,1.31,0.7083333333333334,249.5,-118.03599,33.97668,4.0,4.0,Entire home/apt,"[""Pack \u2019n Play/travel crib"", ""Full kitchen"", ""Outlet covers"", ""Dryer"", ""Bathroom essentials"", ""Iron"", ""Heating"", ""Bedroom comforts"", ""Washer"", ""Hair dryer"", ""Garden or backyard"", ""TV"", ""Coffee maker"", ""Smoke alarm"", ""Air conditioning"", ""Dishwasher"", ""Carbon monoxide alarm"", ""Fire extinguisher"", ""High chair"", ""Wifi"", ""Free street parking""]",Entire house,94.0,1,8,0.8591215600510297,62.375
136,739983,0.37,0.4666666666666667,318.75,-118.59798,34.08159,2.0,3.0,Entire home/apt,"[""Pack \u2019n Play/travel crib"", ""Children\u2019s books and toys for ages 0-2 years old, 2-5 years old, 5-10 years old, and 10+ years old"", ""Samsung stainless steel oven"", ""Hot water kettle"", ""Outlet covers"", ""Stove"", ""Crib"", ""Shower gel"", ""Laundromat nearby"", ""Fireplace guards"", ""Bed linens"", ""Dining table"", ""Pocket wifi"", ""Bread maker"", ""Lockbox"", ""Luggage dropoff allowed"", ""Cleaning products"", ""Cooking basics"", ""Bathtub"", ""Conditioner"", ""Clothing storage: closet and dresser"", ""First aid kit"", ""Kitchen"", ""Hangers"", ""Extra pillows and blankets"", ""TV with Amazon Prime Video, Netflix"", ""Children\u2019s dinnerware"", ""Changing table"", ""Single level home"", ""Essentials"", ""Rice maker"", ""Iron"", ""Room-darkening shades"", ""Board games"", ""Hair dryer"", ""Shared fenced garden or backyard"", ""Baby bath"", ""Long term stays allowed"", ""Patio or balcony"", ""Hot water"", ""Free driveway parking on premises \u2013 2 spaces"", ""Nespresso machine"", ""Radiant heating"", ""Dedicated workspace"", ""Coffee maker"", ""Outdoor dining area"", ""Wine glasses"", ""Portable fans"", ""Smoke alarm"", ""Central heating"", ""Microwave"", ""Refrigerator"", ""Freezer"", ""Outdoor furniture"", ""Air conditioning"", ""Shampoo"", ""Mosquito net"", ""Baking sheet"", ""Indoor fireplace"", ""Toaster"", ""Pour-over coffee"", ""Dishes and silverware"", ""Dishwasher"", ""Fire extinguisher"", ""Surround sound sound system with Bluetooth and aux"", ""Ethernet connection"", ""High chair"", ""Carbon monoxide alarm"", ""Wifi \u2013 196 Mbps"", ""Private entrance"", ""Body soap"", ""Beach essentials"", ""Free street parking""]",Entire house,93.0,2,4,0.8217605248769819,159.375
139,746115,1.36,0.825,214.75,-118.37298,34.09975,,1.0,Entire home/apt,"[""Stove"", ""Shower gel"", ""Bed linens"", ""Luggage dropoff allowed"", ""Cooking basics"", ""First aid kit"", ""Kitchen"", ""Hangers"", ""EV charger"", ""Extra pillows and blankets"", ""Single level home"", ""60\"" HDTV with Netflix, Amazon Prime Video"", ""Essentials"", ""Iron"", ""Oven"", ""Heating"", ""Hair dryer"", ""Long term stays allowed"", ""Patio or balcony"", ""Hot water"", ""Dedicated workspace"", ""Coffee maker"", ""Free parking on premises"", ""Smoke alarm"", ""Refrigerator"", ""Microwave"", ""Air conditioning"", ""Shampoo"", ""Dishwasher"", ""Dishes and silverware"", ""Carbon monoxide alarm"", ""Fire extinguisher"", ""Private entrance"", ""Wifi"", ""Smart lock"", ""Free street parking""]",Entire house,97.0,1,2,0.8596683069072353,
140,752388,3.81,0.6333333333333333,128.0,-118.4698,33.98166,1.0,2.0,Entire home/apt,"[""Pack \u2019n Play/travel crib"", ""Dryer"", ""Bed linens"", ""Cooking basics"", ""Kitchen"", ""Hangers"", ""Extra pillows and blankets"", ""Essentials"", ""Iron"", ""Heating"", ""Washer"", ""Hair dryer"", ""Garden or backyard"", ""Long term stays allowed"", ""Patio or balcony"", ""Hot water"", ""TV"", ""Coffee maker"", ""BBQ grill"", ""Smoke alarm"", ""Refrigerator"", ""Microwave"", ""Dishes and silverware"", ""Carbon monoxide alarm"", ""High chair"", ""Wifi"", ""Private entrance"", ""Beach essentials"", ""Cable TV"", ""Free street parking""]",Entire house,97.0,1,3,0.6121742299981775,128.0
141,752540,1.69,0.49166666666666664,493.0,-118.58104,34.17696,3.0,3.0,Entire home/apt,"[""Stove"", ""Dryer"", ""Bed linens"", ""Pool"", ""Cooking basics"", ""Bathtub"", ""First aid kit"", ""Kitchen"", ""Hangers"", ""Extra pillows and blankets"", ""Single level home"", ""Essentials"", ""Iron"", ""Oven"", ""Heating"", ""Washer"", ""Hair dryer"", ""Long term stays allowed"", ""Garden or backyard"", ""Patio or balcony"", ""Hot water"", ""Keypad"", ""TV"", ""Coffee maker"", ""Free parking on premises"", ""Smoke alarm"", ""Refrigerator"", ""Microwave"", ""Air conditioning"", ""Shampoo"", ""Indoor fireplace"", ""Dishwasher"", ""Dishes and silverware"", ""Private entrance"", ""Wifi"", ""Cable TV"", ""Free street parking""]",Entire house,96.0,1,6,0.9158009841443412,164.33333333333334
142,761629,0.53,0.7583333333333333,155.0,-118.40789,34.00853,1.0,1.0,Entire home/apt,"[""Washer"", ""Air conditioning"", ""Long term stays allowed"", ""Kitchen"", ""TV"", ""Wifi"", ""Dryer"", ""Cable TV""]",Entire house,95.0,3,2,0.7508656825223256,155.0
143,761630,0.45,0.7166666666666668,275.0,-118.40958,34.00958,2.0,2.0,Entire home/apt,"[""Heating"", ""Washer"", ""Long term stays allowed"", ""Kitchen"", ""TV"", ""Wifi"", ""Dryer"", ""Cable TV""]",Entire house,95.0,3,4,0.8828139238199381,137.5
148,783158,1.14,0.8333333333333334,275.0,-118.31421,34.1044,4.0,5.0,Entire home/apt,"[""Pack \u2019n Play/travel crib"", ""Stove"", ""Dryer"", ""Bed linens"", ""Wifi"", ""Luggage dropoff allowed"", ""Cooking basics"", ""Bathtub"", ""First aid kit"", ""Kitchen"", ""Hangers"", ""Extra pillows and blankets"", ""Essentials"", ""Iron"", ""Oven"", ""Heating"", ""Washer"", ""Hair dryer"", ""Garden or backyard"", ""Long term stays allowed"", ""Patio or balcony"", ""Hot water"", ""Dedicated workspace"", ""Keypad"", ""TV"", ""Coffee maker"", ""Free parking on premises"", ""Smoke alarm"", ""Refrigerator"", ""Microwave"", ""Air conditioning"", ""Shampoo"", ""Dishes and silverware"", ""Dishwasher"", ""Fire extinguisher"", ""Carbon monoxide alarm"", ""Ethernet connection"", ""High chair"", ""Private entrance"", ""Cable TV"", ""Free street parking""]",Entire house,91.0,1,8,0.9067796610169492,68.75
159,844386,1.08,0.7416666666666666,496.0,-118.44706,33.95293,3.0,4.0,Entire home/apt,"[""Pack \u2019n Play/travel crib"", ""Stove"", ""Dryer"", ""Bed linens"", ""Children\u2019s books and toys"", ""Luggage dropoff allowed"", ""Cooking basics"", ""Bathtub"", ""First aid kit"", ""Kitchen"", ""Hangers"", ""Extra pillows and blankets"", ""Single level home"", ""Children\u2019s dinnerware"", ""Essentials"", ""Iron"", ""Room-darkening shades"", ""Oven"", ""Heating"", ""Washer"", ""Hair dryer"", ""Garden or backyard"", ""Long term stays allowed"", ""Patio or balcony"", ""Fire pit"", ""Hot water"", ""Dedicated workspace"", ""Keypad"", ""TV"", ""Coffee maker"", ""Free parking on premises"", ""BBQ grill"", ""Smoke alarm"", ""Refrigerator"", ""Microwave"", ""Outdoor furniture"", ""Air conditioning"", ""Shampoo"", ""Dishes and silverware"", ""Dishwasher"", ""Fire extinguisher"", ""Carbon monoxide alarm"", ""High chair"", ""Wifi"", ""Body soap"", ""Cable TV"", ""Free street parking""]",Entire house,97.0,2,6,0.9555312556952797,165.33333333333334
161,862074,1.8,0.7833333333333333,125.0,-118.41657,34.0734,1.0,1.0,Entire home/apt,"[""Pool"", ""Lockbox"", ""Kitchen"", ""Hangers"", ""Essentials"", ""Iron"", ""Heating"", ""Hair dryer"", ""Long term stays allowed"", ""Dedicated workspace"", ""TV"", ""Coffee maker"", ""Free parking on premises"", ""Smoke alarm"", ""Air conditioning"", ""Shampoo"", ""Dishes and silverware"", ""Carbon monoxide alarm"", ""Wifi"", ""Cable TV"", ""Free street parking""]",Entire house,93.0,9,1,0.6853471842536906,125.0
164,869587,0.35,0.7166666666666667,164.0,-118.37376,33.87289,3.0,3.0,Entire home/apt,"[""Barbecue utensils"", ""Stove"", ""Shower gel"", ""Sound system"", ""Dryer"", ""Bed linens"", ""Suave body soap"", ""Cooking basics"", ""First aid kit"", ""Kitchen"", ""Hangers"", ""Extra pillows and blankets"", ""Essentials"", ""Iron"", ""Oven"", ""Heating"", ""Washer"", ""Hair dryer"", ""Long term stays allowed"", ""Patio or balcony"", ""Hot water"", ""Dedicated workspace"", ""TV"", ""Coffee maker"", ""Free parking on premises"", ""BBQ grill"", ""Portable fans"", ""Smoke alarm"", ""Refrigerator"", ""Microwave"", ""Freezer"", ""Air conditioning"", ""Shampoo"", ""Baking sheet"", ""Suave conditioner"", ""Indoor fireplace"", ""Trash compactor"", ""Dishes and silverware"", ""Dishwasher"", ""Fire extinguisher"", ""Carbon monoxide alarm"", ""Ethernet connection"", ""Wifi"", ""Beach essentials"", ""Cable TV"", ""Free street parking""]",Entire house,99.0,1,5,0.7505923090942227,54.666666666666664
165,873218,0.07,0.23333333333333334,400.0,-118.62012,34.17022,2.0,0.0,Entire home/apt,"[""Heating"", ""Air conditioning"", ""Long term stays allowed"", ""Indoor fireplace"", ""Kitchen"", ""TV"", ""Wifi"", ""Free parking on premises"", ""Cable TV""]",Entire house,94.0,1,4,0.6682157827592491,200.0
179,945663,0.04,0.375,603.75,-118.34339,34.06507,2.0,3.0,Entire home/apt,"[""Stove"", ""Dryer"", ""Bed linens"", ""Pool"", ""Luggage dropoff allowed"", ""Cooking basics"", ""Bathtub"", ""First aid kit"", ""Kitchen"", ""Hangers"", ""Extra pillows and blankets"", ""Essentials"", ""Iron"", ""Oven"", ""Heating"", ""Washer"", ""Hair dryer"", ""Garden or backyard"", ""Long term stays allowed"", ""Hot water"", ""Dedicated workspace"", ""Babysitter recommendations"", ""TV"", ""Coffee maker"", ""Free parking on premises"", ""BBQ grill"", ""Smoke alarm"", ""Refrigerator"", ""Microwave"", ""Air conditioning"", ""Shampoo"", ""Indoor fireplace"", ""Host greets you"", ""Dishes and silverware"", ""Dishwasher"", ""Fire extinguisher"", ""Carbon monoxide alarm"", ""Private entrance"", ""Wifi"", ""Cable TV""]",Entire house,93.0,1,5,0.9041370512119555,301.875
180,947993,0.36,0.016666666666666666,75.0,-118.43008,33.9974,1.0,2.0,Entire home/apt,"[""Heating"", ""Washer"", ""Air conditioning"", ""Long term stays allowed"", ""Shampoo"", ""Indoor fireplace"", ""Gym"", ""Kitchen"", ""Fire extinguisher"", ""Carbon monoxide alarm"", ""TV"", ""Wifi"", ""Dryer"", ""Essentials"", ""Smoke alarm"", ""Free parking on premises"", ""Cable TV""]",Entire house,97.0,2,4,0.1028795334426827,75.0
182,951515,0.16,0.5583333333333333,251.0,-118.48071,34.00302,2.0,0.0,Entire home/apt,"[""Heating"", ""Washer"", ""Hair dryer"", ""Long term stays allowed"", ""Shampoo"", ""Host greets you"", ""Kitchen"", ""Hangers"", ""TV"", ""Wifi"", ""Dryer"", ""Essentials"", ""Smoke alarm"", ""Cable TV""]",Entire house,86.0,2,3,0.8062693639511573,125.5
190,978130,0.3,0.09166666666666666,937.5,-118.41161,34.08713,1.0,1.0,Entire home/apt,"[""Stove"", ""Lockbox"", ""Luggage dropoff allowed"", ""Cooking basics"", ""Kitchen"", ""Hangers"", ""Essentials"", ""Iron"", ""Oven"", ""Heating"", ""Hair dryer"", ""Garden or backyard"", ""Long term stays allowed"", ""Patio or balcony"", ""Hot water"", ""Dedicated workspace"", ""TV"", ""Coffee maker"", ""Free parking on premises"", ""Smoke alarm"", ""Refrigerator"", ""Air conditioning"", ""Shampoo"", ""Dishes and silverware"", ""Fire extinguisher"", ""Carbon monoxide alarm"", ""Private entrance"", ""Wifi"", ""Cable TV"", ""Free street parking""]",Entire house,96.0,6,4,0.6330417350100237,937.5
192,981534,0.6,0.15833333333333333,249.5,-118.48028,33.99366,2.0,2.0,Entire home/apt,"[""Beachfront"", ""Stove"", ""Dryer"", ""Fireplace guards"", ""Bed linens"", ""Luggage dropoff allowed"", ""Cooking basics"", ""Bathtub"", ""First aid kit"", ""Kitchen"", ""Hangers"", ""EV charger"", ""Extra pillows and blankets"", ""Paid parking off premises"", ""Essentials"", ""Iron"", ""Oven"", ""Heating"", ""Washer"", ""Hair dryer"", ""Long term stays allowed"", ""Patio or balcony"", ""Hot water"", ""Coffee maker"", ""Free parking on premises"", ""BBQ grill"", ""Smoke alarm"", ""Refrigerator"", ""Microwave"", ""Shampoo"", ""Indoor fireplace"", ""Dishes and silverware"", ""Wifi"", ""Beach essentials"", ""Free street parking""]",Entire house,95.0,1,4,0.3980317113176599,124.75
196,1012454,1.76,0.675,337.5,-118.33886,34.10962,2.0,2.0,Entire home/apt,"[""Full kitchen"", ""Dryer"", ""Bathtub"", ""Bathroom essentials"", ""Iron"", ""Heating"", ""Bedroom comforts"", ""Washer"", ""Hair dryer"", ""Baby bath"", ""TV"", ""Coffee maker"", ""Free parking on premises"", ""Smoke alarm"", ""Air conditioning"", ""Dishwasher"", ""Self check-in"", ""Carbon monoxide alarm"", ""Fire extinguisher"", ""Wifi"", ""Free street parking""]",Entire house,98.0,1,4,0.9055950428285038,168.75
203,1043146,0.13,0.0,1229.0,-118.37359,34.0987,3.0,3.0,Entire home/apt,"[""Dryer"", ""Pool"", ""Luggage dropoff allowed"", ""First aid kit"", ""Kitchen"", ""Hangers"", ""Essentials"", ""Iron"", ""Heating"", ""Washer"", ""Hair dryer"", ""Long term stays allowed"", ""Hot water"", ""Dedicated workspace"", ""TV"", ""Coffee maker"", ""Free parking on premises"", ""Gym"", ""Smoke alarm"", ""Microwave"", ""Air conditioning"", ""Shampoo"", ""Indoor fireplace"", ""Dishes and silverware"", ""Carbon monoxide alarm"", ""Fire extinguisher"", ""Wifi"", ""Hot tub"", ""Cable TV"", ""Free street parking""]",Entire house,96.0,1,6,0.04574448696919993,409.6666666666667
208,1097756,0.64,0.7416666666666667,319.75,-118.59566,34.14858,3.0,3.0,Entire home/apt,"[""Stove"", ""Dryer"", ""Cooking basics"", ""Kitchen"", ""Hangers"", ""Essentials"", ""Iron"", ""Oven"", ""Heating"", ""Washer"", ""Hair dryer"", ""Long term stays allowed"", ""Patio or balcony"", ""Hot water"", ""Dedicated workspace"", ""TV"", ""Coffee maker"", ""Free parking on premises"", ""Smoke alarm"", ""Refrigerator"", ""Microwave"", ""Air conditioning"", ""Shampoo"", ""Indoor fireplace"", ""Dishes and silverware"", ""Dishwasher"", ""Fire extinguisher"", ""Carbon monoxide alarm"", ""Smart lock"", ""Wifi"", ""Cable TV"", ""Free street parking""]",Entire house,100.0,2,6,0.9127027519591763,106.58333333333333
