df_21.csv
,id,reviews_per_month,demand,price,longitude,latitude,bedrooms,beds,room_type,amenities,property_type,review_scores_rating,calculated_host_listings_count,accommodates,annual_return,price_per_bedroom
217,1156828,0.03,0.0,267.0,-118.4654,34.00011,2.0,0.0,Entire home/apt,"[""Heating"", ""Washer"", ""Long term stays allowed"", ""Kitchen"", ""TV"", ""Wifi""]",Entire house,78.0,1,6,0.04574448696919993,133.5
218,1159751,0.13,0.7666666666666667,795.0,-118.8156,34.00883,3.0,3.0,Entire home/apt,"[""Beachfront"", ""Dryer"", ""Bed linens"", ""Pool"", ""Kitchen"", ""Hangers"", ""Essentials"", ""Iron"", ""Heating"", ""Washer"", ""Hair dryer"", ""Long term stays allowed"", ""Hot water"", ""Dedicated workspace"", ""TV"", ""Free parking on premises"", ""Smoke alarm"", ""Carbon monoxide alarm"", ""Private entrance"", ""Wifi"", ""Cable TV""]",Entire house,98.0,3,6,0.9828685985055586,265.0
224,1186217,1.39,0.31666666666666665,620.0,-118.43347,34.10836,3.0,3.0,Entire home/apt,"[""Barbecue utensils"", ""Stove"", ""Shower gel"", ""Dryer"", ""Bed linens"", ""Pool"", ""Children\u2019s books and toys"", ""Cooking basics"", ""Bathtub"", ""First aid kit"", ""Kitchen"", ""Hangers"", ""Extra pillows and blankets"", ""Single level home"", ""Essentials"", ""Iron"", ""Oven"", ""Heating"", ""Washer"", ""Hair dryer"", ""Long term stays allowed"", ""Garden or backyard"", ""Patio or balcony"", ""Hot water"", ""Dedicated workspace"", ""TV"", ""Coffee maker"", ""Free parking on premises"", ""BBQ grill"", ""Smoke alarm"", ""Refrigerator"", ""Microwave"", ""Air conditioning"", ""Baking sheet"", ""Shampoo"", ""Indoor fireplace"", ""Host greets you"", ""Dishwasher"", ""Dishes and silverware"", ""Carbon monoxide alarm"", ""Fire extinguisher"", ""Ethernet connection"", ""Wifi"", ""High chair"", ""Cable TV""]",Entire house,95.0,1,8,0.8820849280116639,206.66666666666666
226,1213127,1.67,0.7083333333333334,184.25,-118.45035,34.00097,,2.0,Entire home/apt,"[""Stove"", ""Dryer"", ""Bed linens"", ""Cooking basics"", ""First aid kit"", ""Kitchen"", ""Hangers"", ""Essentials"", ""Iron"", ""Oven"", ""Heating"", ""Washer"", ""Hair dryer"", ""Garden or backyard"", ""Patio or balcony"", ""Hot water"", ""Dedicated workspace"", ""Keypad"", ""TV"", ""Coffee maker"", ""Gym"", ""BBQ grill"", ""Smoke alarm"", ""Refrigerator"", ""Microwave"", ""Shampoo"", ""Dishes and silverware"", ""Fire extinguisher"", ""Carbon monoxide alarm"", ""Private entrance"", ""Wifi"", ""Hot tub"", ""Beach essentials"", ""Cable TV"", ""Free street parking""]",Entire house,98.0,1,2,0.7838527428467287,
230,1243943,0.6,0.8583333333333334,508.0,-118.32431,34.11116,2.0,2.0,Entire home/apt,"[""Heating"", ""Bedroom comforts"", ""Washer"", ""Hair dryer"", ""Air conditioning"", ""Indoor fireplace"", ""Kitchen"", ""Dryer"", ""Dishwasher"", ""Carbon monoxide alarm"", ""Bathroom essentials"", ""TV"", ""Wifi"", ""Free parking on premises"", ""Coffee maker"", ""Smoke alarm"", ""Pets allowed"", ""Iron"", ""Room-darkening shades"", ""Free street parking""]",Entire house,99.0,1,4,0.9670129396755969,254.0
233,1264179,0.27,0.8416666666666667,349.0,-118.35359,34.08667,2.0,3.0,Entire home/apt,"[""Stove"", ""Dryer"", ""Bed linens"", ""Cooking basics"", ""Bathtub"", ""Kitchen"", ""Hangers"", ""Extra pillows and blankets"", ""Single level home"", ""Essentials"", ""Iron"", ""Oven"", ""Heating"", ""Washer"", ""Hair dryer"", ""Garden or backyard"", ""Long term stays allowed"", ""Patio or balcony"", ""Hot water"", ""Dedicated workspace"", ""TV"", ""Coffee maker"", ""Free parking on premises"", ""Smoke alarm"", ""Refrigerator"", ""Microwave"", ""Air conditioning"", ""Shampoo"", ""Indoor fireplace"", ""Dishes and silverware"", ""Dishwasher"", ""Private entrance"", ""Wifi"", ""Smart lock"", ""Cable TV"", ""Free street parking""]",Entire house,94.0,2,6,0.9353016220156735,174.5
234,1283815,2.22,0.21666666666666667,285.0,-118.29839,34.07604,3.0,3.0,Entire home/apt,"[""Dryer"", ""First aid kit"", ""Kitchen"", ""Hangers"", ""Essentials"", ""Iron"", ""Heating"", ""Washer"", ""Hair dryer"", ""Long term stays allowed"", ""Dedicated workspace"", ""TV"", ""Free parking on premises"", ""Smoke alarm"", ""Microwave"", ""Air conditioning"", ""Shampoo"", ""Indoor fireplace"", ""Carbon monoxide alarm"", ""Fire extinguisher"", ""Wifi"", ""Cable TV""]",Entire house,95.0,3,14,0.523236741388737,95.0
235,1294678,0.21,0.4916666666666667,787.5,-118.45781,33.99615,3.0,6.0,Entire home/apt,"[""Pack \u2019n Play/travel crib"", ""Stove"", ""Dryer"", ""Fireplace guards"", ""Bed linens"", ""Lockbox"", ""Children\u2019s books and toys"", ""Cooking basics"", ""Bathtub"", ""First aid kit"", ""Kitchen"", ""Hangers"", ""Extra pillows and blankets"", ""Essentials"", ""Iron"", ""Room-darkening shades"", ""Oven"", ""Heating"", ""Washer"", ""Hair dryer"", ""Garden or backyard"", ""Long term stays allowed"", ""Patio or balcony"", ""Hot water"", ""Dedicated workspace"", ""Babysitter recommendations"", ""TV"", ""Coffee maker"", ""Free parking on premises"", ""BBQ grill"", ""Smoke alarm"", ""Refrigerator"", ""Microwave"", ""Shampoo"", ""Indoor fireplace"", ""Dishwasher"", ""Dishes and silverware"", ""Fire extinguisher"", ""Carbon monoxide alarm"", ""Wifi"", ""Hot tub"", ""Cable TV"", ""Free street parking""]",Entire house,98.0,1,6,0.9593584836887188,262.5
245,1377873,0.5,0.20833333333333331,275.0,-118.44053,33.95695,2.0,4.0,Entire home/apt,"[""Heating"", ""Pool"", ""Washer"", ""Long term stays allowed"", ""Lockbox"", ""Cooking basics"", ""Elevator"", ""Indoor fireplace"", ""First aid kit"", ""Kitchen"", ""Fire extinguisher"", ""Carbon monoxide alarm"", ""TV"", ""Wifi"", ""Dryer"", ""Free parking on premises"", ""Smoke alarm"", ""Cable TV""]",Entire house,84.0,11,6,0.4950792782941498,137.5
246,1381369,2.74,0.7666666666666667,515.0,-118.27187,34.0922,4.0,6.0,Entire home/apt,"[""Barbecue utensils"", ""Stove"", ""Sound system"", ""Dryer"", ""Bed linens"", ""Children\u2019s books and toys"", ""Pocket wifi"", ""Luggage dropoff allowed"", ""Cooking basics"", ""Bathtub"", ""Body soap"", ""First aid kit"", ""Kitchen"", ""Hangers"", ""Extra pillows and blankets"", ""Essentials"", ""Iron"", ""Room-darkening shades"", ""Oven"", ""Heating"", ""Washer"", ""Baby safety gates"", ""Hair dryer"", ""Long term stays allowed"", ""Garden or backyard"", ""Patio or balcony"", ""Hot water"", ""Dedicated workspace"", ""TV"", ""Coffee maker"", ""Free parking on premises"", ""BBQ grill"", ""Smoke alarm"", ""Refrigerator"", ""Microwave"", ""Air conditioning"", ""Baking sheet"", ""Shampoo"", ""Host greets you"", ""Dishwasher"", ""Dishes and silverware"", ""Carbon monoxide alarm"", ""Fire extinguisher"", ""Wifi"", ""Hot tub"", ""Cable TV"", ""Free street parking""]",Entire house,98.0,1,8,0.9606342263531985,128.75
250,1423375,0.36,0.7416666666666667,521.75,-118.26643,34.1022,4.0,5.0,Entire home/apt,"[""Pack \u2019n Play/travel crib"", ""Full kitchen"", ""Dryer"", ""Pool"", ""Children\u2019s books and toys"", ""Bathtub"", ""Bathroom essentials"", ""Iron"", ""Room-darkening shades"", ""Heating"", ""Bedroom comforts"", ""Washer"", ""Hair dryer"", ""Garden or backyard"", ""TV"", ""Coffee maker"", ""Free parking on premises"", ""Private hot tub"", ""Smoke alarm"", ""Air conditioning"", ""Indoor fireplace"", ""Dishwasher"", ""Self check-in"", ""Pool toys"", ""Carbon monoxide alarm"", ""Wifi"", ""Fire extinguisher"", ""Free street parking""]",Entire house,98.0,1,4,0.9591762347366503,130.4375
254,1455223,0.39,0.75,209.0,-118.19674,33.87223,3.0,2.0,Entire home/apt,"[""Barbecue utensils"", ""Stove"", ""Dryer"", ""Bed linens"", ""Cooking basics"", ""First aid kit"", ""Kitchen"", ""Hangers"", ""Extra pillows and blankets"", ""Essentials"", ""Iron"", ""Oven"", ""Heating"", ""Washer"", ""Garden or backyard"", ""Long term stays allowed"", ""Patio or balcony"", ""Hot water"", ""Dedicated workspace"", ""Keypad"", ""TV"", ""Free parking on premises"", ""BBQ grill"", ""Smoke alarm"", ""Refrigerator"", ""Air conditioning"", ""Ceiling fan"", ""Indoor fireplace"", ""Dishes and silverware"", ""Dishwasher"", ""Carbon monoxide alarm"", ""Fire extinguisher"", ""Wifi"", ""Free street parking""]",Entire house,90.0,2,6,0.8323309640969564,69.66666666666667
256,1495256,0.44,0.7916666666666666,878.75,-118.45226,33.96043,3.0,4.0,Entire home/apt,"[""Pack \u2019n Play/travel crib"", ""Barbecue utensils"", ""Beachfront"", ""Stove"", ""Shower gel"", ""Sound system"", ""Dryer"", ""Bed linens"", ""Luggage dropoff allowed"", ""Cooking basics"", ""Bathtub"", ""Conditioner"", ""First aid kit"", ""Kitchen"", ""Hangers"", ""Essentials"", ""Iron"", ""Room-darkening shades"", ""Oven"", ""Heating"", ""Washer"", ""Hair dryer"", ""Garden or backyard"", ""Long term stays allowed"", ""Patio or balcony"", ""Hot water"", ""Dedicated workspace"", ""Keypad"", ""TV"", ""Coffee maker"", ""Free parking on premises"", ""BBQ grill"", ""Portable fans"", ""Smoke alarm"", ""Refrigerator"", ""Microwave"", ""Shampoo"", ""Baking sheet"", ""Indoor fireplace"", ""Dishes and silverware"", ""Dishwasher"", ""Fire extinguisher"", ""Carbon monoxide alarm"", ""Private entrance"", ""Wifi"", ""Body soap"", ""Beach essentials"", ""Cable TV"", ""Free street parking""]",Entire house,99.0,2,7,0.9877893202114088,292.9166666666667
257,1503555,0.2,0.6333333333333333,385.75,-118.38077,34.09523,2.0,2.0,Entire home/apt,"[""Full kitchen"", ""Dryer"", ""Pool"", ""Bathroom essentials"", ""Iron"", ""Room-darkening shades"", ""Heating"", ""Bedroom comforts"", ""Washer"", ""Hair dryer"", ""TV"", ""Coffee maker"", ""Free parking on premises"", ""Smoke alarm"", ""Air conditioning"", ""Indoor fireplace"", ""Dishwasher"", ""Carbon monoxide alarm"", ""Fire extinguisher"", ""Wifi"", ""Free street parking""]",Entire house,98.0,1,4,0.9163477310005468,192.875
261,1561140,0.71,0.05,830.0,-118.39197,34.10807,3.0,4.0,Entire home/apt,"[""Stove"", ""Crib"", ""Dryer"", ""Cooking basics"", ""First aid kit"", ""Kitchen"", ""Hangers"", ""Essentials"", ""Iron"", ""Oven"", ""Heating"", ""Washer"", ""Hair dryer"", ""Garden or backyard"", ""Patio or balcony"", ""Hot water"", ""Dedicated workspace"", ""TV"", ""Coffee maker"", ""Free parking on premises"", ""Smoke alarm"", ""Refrigerator"", ""Microwave"", ""Air conditioning"", ""Shampoo"", ""Dishwasher"", ""Dishes and silverware"", ""Carbon monoxide alarm"", ""Fire extinguisher"", ""Wifi"", ""Cable TV""]",Entire house,98.0,1,5,0.4140696190996902,276.6666666666667
270,1649330,1.96,0.4,122.25,-118.38458,33.87298,,2.0,Entire home/apt,"[""Barbecue utensils"", ""Stove"", ""Shower gel"", ""Dryer"", ""Bed linens"", ""Luggage dropoff allowed"", ""Building staff"", ""Cooking basics"", ""First aid kit"", ""Kitchen"", ""Hangers"", ""Extra pillows and blankets"", ""Essentials"", ""Iron"", ""Oven"", ""Heating"", ""Washer"", ""Hair dryer"", ""Long term stays allowed"", ""Patio or balcony"", ""Hot water"", ""Dedicated workspace"", ""TV"", ""Coffee maker"", ""Free parking on premises"", ""BBQ grill"", ""Smoke alarm"", ""Refrigerator"", ""Microwave"", ""Air conditioning"", ""Shampoo"", ""Baking sheet"", ""Dishes and silverware"", ""Fire extinguisher"", ""Carbon monoxide alarm"", ""Private entrance"", ""Wifi"", ""Hot tub"", ""Beach essentials"", ""Free street parking""]",Entire house,96.0,2,1,0.4519774011299435,
271,1650928,0.07,0.025,725.0,-118.34337,34.11339,4.0,4.0,Entire home/apt,"[""Heating"", ""Washer"", ""Hair dryer"", ""Air conditioning"", ""Wifi"", ""Shampoo"", ""Long term stays allowed"", ""Lockbox"", ""Indoor fireplace"", ""Kitchen"", ""Hangers"", ""Dedicated workspace"", ""Carbon monoxide alarm"", ""Free parking on premises"", ""Essentials"", ""TV"", ""Dryer"", ""Smoke alarm"", ""Iron"", ""Cable TV""]",Entire house,100.0,1,6,0.252779296519045,181.25
274,1681745,3.53,0.9166666666666667,381.5,-118.46371,33.98308,3.0,3.0,Entire home/apt,"[""Pack \u2019n Play/travel crib"", ""Full kitchen"", ""Crib"", ""Dryer"", ""Bathtub"", ""Table corner guards"", ""Children\u2019s dinnerware"", ""Bathroom essentials"", ""Iron"", ""Room-darkening shades"", ""Heating"", ""Bedroom comforts"", ""Washer"", ""Free street parking"", ""Baby safety gates"", ""Baby bath"", ""Hair dryer"", ""TV"", ""Coffee maker"", ""Free parking on premises"", ""Baby monitor"", ""Private hot tub"", ""Smoke alarm"", ""Air conditioning"", ""Indoor fireplace"", ""Dishwasher"", ""Self check-in"", ""Carbon monoxide alarm"", ""High chair"", ""Wifi"", ""Fire extinguisher"", ""Beach essentials"", ""Pets allowed""]",Entire house,97.0,1,8,0.9511572808456351,127.16666666666667
276,1687791,0.16,0.48333333333333334,848.5,-118.53394,34.05088,3.0,5.0,Entire home/apt,"[""Stove"", ""Dryer"", ""Children\u2019s books and toys"", ""Luggage dropoff allowed"", ""Cooking basics"", ""Kitchen"", ""Hangers"", ""Essentials"", ""Iron"", ""Oven"", ""Heating"", ""Washer"", ""Hair dryer"", ""Long term stays allowed"", ""Garden or backyard"", ""Patio or balcony"", ""Hot water"", ""Dedicated workspace"", ""TV"", ""Coffee maker"", ""Free parking on premises"", ""Smoke alarm"", ""Refrigerator"", ""Microwave"", ""Air conditioning"", ""Shampoo"", ""Indoor fireplace"", ""Host greets you"", ""Dishes and silverware"", ""Dishwasher"", ""Fire extinguisher"", ""Wifi"", ""Cable TV"", ""Free street parking""]",Entire house,100.0,1,9,0.9631857116821578,282.8333333333333
287,1726045,2.65,0.675,111.5,-118.38961,34.04638,,1.0,Entire home/apt,"[""Stove"", ""Bed linens"", ""Luggage dropoff allowed"", ""First aid kit"", ""Hangers"", ""Extra pillows and blankets"", ""Essentials"", ""Iron"", ""Heating"", ""Hair dryer"", ""Garden or backyard"", ""Long term stays allowed"", ""Hot water"", ""Dedicated workspace"", ""TV"", ""Coffee maker"", ""Smoke alarm"", ""Refrigerator"", ""Microwave"", ""Air conditioning"", ""Shampoo"", ""Host greets you"", ""Dishes and silverware"", ""Carbon monoxide alarm"", ""Fire extinguisher"", ""Private entrance"", ""Wifi"", ""Cable TV"", ""Free street parking""]",Entire house,99.0,2,2,0.5857481319482413,
288,1726056,0.08,0.0,375.0,-118.46185,33.99371,2.0,2.0,Entire home/apt,"[""Stove"", ""Dryer"", ""Cooking basics"", ""First aid kit"", ""Kitchen"", ""Hangers"", ""Essentials"", ""Oven"", ""Heating"", ""Washer"", ""Hair dryer"", ""Garden or backyard"", ""Long term stays allowed"", ""Patio or balcony"", ""Hot water"", ""TV"", ""Coffee maker"", ""Free parking on premises"", ""BBQ grill"", ""Smoke alarm"", ""Refrigerator"", ""Microwave"", ""Dishes and silverware"", ""Dishwasher"", ""Carbon monoxide alarm"", ""Wifi"", ""Cable TV""]",Entire house,100.0,2,4,0.04574448696919993,187.5
289,1732621,2.09,0.625,254.0,-118.3606,34.10725,3.0,3.0,Entire home/apt,"[""Pack \u2019n Play/travel crib"", ""Game console"", ""Stove"", ""Crib"", ""Dryer"", ""Bed linens"", ""Children\u2019s books and toys"", ""Cooking basics"", ""Bathtub"", ""Kitchen"", ""Hangers"", ""Extra pillows and blankets"", ""Essentials"", ""Iron"", ""Oven"", ""Heating"", ""Washer"", ""Hair dryer"", ""Garden or backyard"", ""Long term stays allowed"", ""Patio or balcony"", ""Hot water"", ""Dedicated workspace"", ""TV"", ""Coffee maker"", ""Free parking on premises"", ""BBQ grill"", ""Smoke alarm"", ""Refrigerator"", ""Microwave"", ""Air conditioning"", ""Shampoo"", ""Indoor fireplace"", ""Dishes and silverware"", ""Dishwasher"", ""Fire extinguisher"", ""Carbon monoxide alarm"", ""Private entrance"", ""Wifi"", ""Hot tub"", ""Beach essentials"", ""Cable TV"", ""Free street parking""]",Entire house,97.0,1,7,0.8357936941862584,84.66666666666667
293,1745439,3.37,0.0,225.0,-118.46345,33.99369,2.0,3.0,Entire home/apt,"[""Stove"", ""Dryer"", ""Bed linens"", ""Lockbox"", ""Cooking basics"", ""Bathtub"", ""Kitchen"", ""Hangers"", ""Extra pillows and blankets"", ""Single level home"", ""Essentials"", ""Iron"", ""Room-darkening shades"", ""Oven"", ""Heating"", ""Washer"", ""Hair dryer"", ""Garden or backyard"", ""Long term stays allowed"", ""Patio or balcony"", ""Hot water"", ""Dedicated workspace"", ""TV"", ""Coffee maker"", ""Free parking on premises"", ""BBQ grill"", ""Smoke alarm"", ""Refrigerator"", ""Microwave"", ""Dishwasher"", ""Dishes and silverware"", ""Wifi"", ""Cable TV"", ""Free street parking""]",Entire house,93.0,2,6,0.04574448696919993,112.5
295,1750808,0.52,0.6749999999999999,700.0,-118.48082,34.03958,3.0,4.0,Entire home/apt,"[""Pack \u2019n Play/travel crib"", ""Stove"", ""Dryer"", ""Bed linens"", ""Pool"", ""Children\u2019s books and toys"", ""Lockbox"", ""Luggage dropoff allowed"", ""Cooking basics"", ""Bathtub"", ""First aid kit"", ""Kitchen"", ""Hangers"", ""EV charger"", ""Extra pillows and blankets"", ""Essentials"", ""Iron"", ""Room-darkening shades"", ""Oven"", ""Heating"", ""Washer"", ""Hair dryer"", ""Garden or backyard"", ""Long term stays allowed"", ""Patio or balcony"", ""Hot water"", ""Dedicated workspace"", ""Babysitter recommendations"", ""TV"", ""Coffee maker"", ""Free parking on premises"", ""BBQ grill"", ""Smoke alarm"", ""Refrigerator"", ""Microwave"", ""Shampoo"", ""Indoor fireplace"", ""Dishes and silverware"", ""Dishwasher"", ""Fire extinguisher"", ""Carbon monoxide alarm"", ""Ethernet connection"", ""Wifi"", ""Private entrance"", ""Hot tub"", ""Cable TV"", ""Free street parking""]",Entire house,99.0,1,6,0.9713869145252415,233.33333333333334
308,1821859,1.31,0.5583333333333333,500.0,-118.46291,33.99505,3.0,4.0,Entire home/apt,"[""Pack \u2019n Play/travel crib"", ""Full kitchen"", ""Crib"", ""Dryer"", ""Children\u2019s books and toys"", ""Bathtub"", ""Children\u2019s dinnerware"", ""Changing table"", ""Bathroom essentials"", ""Iron"", ""Room-darkening shades"", ""Heating"", ""Bedroom comforts"", ""Washer"", ""Baby safety gates"", ""Hair dryer"", ""Garden or backyard"", ""TV"", ""Coffee maker"", ""Smoke alarm"", ""Dishwasher"", ""Self check-in"", ""Carbon monoxide alarm"", ""High chair"", ""Wifi"", ""Fire extinguisher"", ""Free street parking""]",Entire house,99.0,4,5,0.9298341534536176,166.66666666666666
