df_21.csv
,id,reviews_per_month,demand,price,longitude,latitude,bedrooms,beds,room_type,amenities,property_type,review_scores_rating,calculated_host_listings_count,accommodates,annual_return,price_per_bedroom
309,1828227,0.01,0.09166666666666666,1862.5,-118.4047,33.87403,4.0,4.0,Entire home/apt,"[""Beachfront"", ""Game console"", ""Stove"", ""Dryer"", ""Luggage dropoff allowed"", ""Cooking basics"", ""Bathtub"", ""First aid kit"", ""Kitchen"", ""Hangers"", ""Paid parking off premises"", ""Essentials"", ""Iron"", ""Oven"", ""Heating"", ""Washer"", ""Hair dryer"", ""Long term stays allowed"", ""Patio or balcony"", ""Hot water"", ""Dedicated workspace"", ""Keypad"", ""TV"", ""Coffee maker"", ""Free parking on premises"", ""BBQ grill"", ""Smoke alarm"", ""Refrigerator"", ""Microwave"", ""Shampoo"", ""Indoor fireplace"", ""Dishwasher"", ""Dishes and silverware"", ""Fire extinguisher"", ""Carbon monoxide alarm"", ""Wifi"", ""Beach essentials"", ""Cable TV"", ""Free street parking""]",Entire house,100.0,3,8,0.8503736103517405,465.625
311,1831489,4.03,0.7833333333333334,144.0,-118.35413,33.97119,2.0,4.0,Entire home/apt,"[""Stove"", ""Dryer"", ""Bed linens"", ""Cooking basics"", ""Kitchen"", ""Hangers"", ""Extra pillows and blankets"", ""Single level home"", ""Essentials"", ""Iron"", ""Oven"", ""Heating"", ""Washer"", ""Hair dryer"", ""Garden or backyard"", ""Long term stays allowed"", ""Patio or balcony"", ""Hot water"", ""Keypad"", ""TV"", ""Coffee maker"", ""Free parking on premises"", ""BBQ grill"", ""Smoke alarm"", ""Refrigerator"", ""Microwave"", ""Air conditioning"", ""Shampoo"", ""Indoor fireplace"", ""Dishes and silverware"", ""Carbon monoxide alarm"", ""Private entrance"", ""Wifi"", ""Cable TV""]",Entire house,99.0,1,5,0.7370147621651175,72.0
314,1861007,0.11,0.05,1068.75,-118.34928,34.11619,4.0,5.0,Entire home/apt,"[""Dryer"", ""Pool"", ""Children\u2019s books and toys"", ""Kitchen"", ""Hangers"", ""Essentials"", ""Iron"", ""Heating"", ""Washer"", ""Hair dryer"", ""Long term stays allowed"", ""Hot water"", ""Dedicated workspace"", ""TV"", ""Gym"", ""Free parking on premises"", ""Smoke alarm"", ""Air conditioning"", ""Shampoo"", ""Indoor fireplace"", ""Host greets you"", ""Fire extinguisher"", ""Carbon monoxide alarm"", ""Wifi"", ""Hot tub"", ""Cable TV"", ""Free street parking""]",Entire house,93.0,1,10,0.4731182795698925,267.1875
316,1892721,0.25,0.625,200.0,-118.44618,34.16886,2.0,2.0,Entire home/apt,"[""Dryer"", ""Lockbox"", ""Cooking basics"", ""First aid kit"", ""Kitchen"", ""Hangers"", ""Essentials"", ""Iron"", ""Oven"", ""Heating"", ""Washer"", ""Hair dryer"", ""Garden or backyard"", ""Long term stays allowed"", ""Dedicated workspace"", ""TV"", ""Free parking on premises"", ""Smoke alarm"", ""Breakfast"", ""Refrigerator"", ""Air conditioning"", ""Shampoo"", ""Dishes and silverware"", ""Fire extinguisher"", ""Carbon monoxide alarm"", ""Wifi"", ""Cable TV"", ""Free street parking""]",Entire house,97.0,1,2,0.7711864406779662,100.0
321,1941221,1.26,0.7416666666666667,330.5,-118.25552,34.10103,2.0,2.0,Entire home/apt,"[""Stove"", ""Shower gel"", ""Dryer"", ""Bed linens"", ""Lockbox"", ""Luggage dropoff allowed"", ""Cooking basics"", ""Bathtub"", ""First aid kit"", ""Kitchen"", ""Hangers"", ""Essentials"", ""Iron"", ""Room-darkening shades"", ""Oven"", ""Heating"", ""Washer"", ""Hair dryer"", ""Garden or backyard"", ""Long term stays allowed"", ""Patio or balcony"", ""Hot water"", ""Dedicated workspace"", ""TV"", ""Coffee maker"", ""Free parking on premises"", ""BBQ grill"", ""Smoke alarm"", ""Refrigerator"", ""Microwave"", ""Air conditioning"", ""Shampoo"", ""Indoor fireplace"", ""Dishes and silverware"", ""Dishwasher"", ""Fire extinguisher"", ""Carbon monoxide alarm"", ""Ethernet connection"", ""Wifi"", ""Private entrance"", ""Free street parking""]",Entire house,95.0,1,4,0.9168944778567524,165.25
326,1971977,0.1,0.4666666666666667,487.5,-118.57222,34.2145,5.0,6.0,Entire home/apt,"[""Stove"", ""Dryer"", ""Bed linens"", ""Wifi"", ""Cooking basics"", ""Bathtub"", ""Kitchen"", ""Hangers"", ""Extra pillows and blankets"", ""Essentials"", ""Iron"", ""Oven"", ""Heating"", ""Washer"", ""Hair dryer"", ""Garden or backyard"", ""Long term stays allowed"", ""Patio or balcony"", ""Hot water"", ""Dedicated workspace"", ""TV"", ""Coffee maker"", ""Free parking on premises"", ""Gym"", ""BBQ grill"", ""Smoke alarm"", ""Refrigerator"", ""Microwave"", ""Air conditioning"", ""Shampoo"", ""Indoor fireplace"", ""Host greets you"", ""Dishes and silverware"", ""Dishwasher"", ""Fire extinguisher"", ""Carbon monoxide alarm"", ""Ethernet connection"", ""High chair"", ""Private entrance"", ""Cleaning before checkout"", ""Hot tub"", ""Cable TV"", ""Free street parking""]",Entire house,100.0,2,12,0.9052305449243667,97.5
327,1975188,0.14,0.6166666666666667,427.5,-118.3349,34.09706,3.0,4.0,Entire home/apt,"[""Pack \u2019n Play/travel crib"", ""Barbecue utensils"", ""Hot water kettle"", ""Stove"", ""Dryer"", ""Fireplace guards"", ""Bed linens"", ""Dining table"", ""Wifi"", ""Luggage dropoff allowed"", ""Cleaning products"", ""Cooking basics"", ""Bathtub"", ""Clothing storage"", ""Hangers"", ""Kitchen"", ""Extra pillows and blankets"", ""Single level home"", ""Essentials"", ""Iron"", ""Oven"", ""Heating"", ""Washer"", ""Hair dryer"", ""Garden or backyard"", ""Patio or balcony"", ""Hot water"", ""HDTV with Amazon Prime Video, Apple TV, HBO Max, Netflix, Roku"", ""Coffee maker"", ""Outdoor dining area"", ""Free parking on premises"", ""Wine glasses"", ""Smoke alarm"", ""BBQ grill"", ""Refrigerator"", ""Microwave"", ""Freezer"", ""Air conditioning"", ""Shampoo"", ""Baking sheet"", ""Indoor fireplace"", ""Toaster"", ""Dishwasher"", ""Dishes and silverware"", ""Carbon monoxide alarm"", ""Ethernet connection"", ""High chair"", ""Private entrance"", ""Cable TV""]",Entire house,93.0,1,8,0.9250956806998359,142.5
342,2070289,1.64,0.7083333333333333,205.0,-118.11092,34.14302,1.0,1.0,Entire home/apt,"[""Heating"", ""Bedroom comforts"", ""Washer"", ""Hair dryer"", ""Air conditioning"", ""Garden or backyard"", ""Full kitchen"", ""Dishwasher"", ""Dryer"", ""Carbon monoxide alarm"", ""Bathroom essentials"", ""TV"", ""Wifi"", ""Free parking on premises"", ""Coffee maker"", ""Fire extinguisher"", ""Smoke alarm"", ""Iron"", ""Pets allowed""]",Entire house,99.0,3,2,0.8162019318388919,205.0
345,2079189,0.23,0.06666666666666668,701.0,-118.39704,33.87696,5.0,6.0,Entire home/apt,"[""Heating"", ""Washer"", ""Long term stays allowed"", ""Indoor fireplace"", ""Kitchen"", ""Carbon monoxide alarm"", ""Free parking on premises"", ""TV"", ""Wifi"", ""Dryer"", ""Smoke alarm"", ""Hot tub"", ""Pool""]",Entire house,93.0,1,8,0.4395844723892838,140.2
346,2079551,0.79,0.775,198.0,-118.27888,34.08636,1.0,2.0,Entire home/apt,"[""Stove"", ""Dryer"", ""Lockbox"", ""Cooking basics"", ""Kitchen"", ""Essentials"", ""Heating"", ""Washer"", ""Long term stays allowed"", ""Patio or balcony"", ""Hot water"", ""TV"", ""Coffee maker"", ""Free parking on premises"", ""Smoke alarm"", ""Refrigerator"", ""Microwave"", ""Air conditioning"", ""Dishes and silverware"", ""Carbon monoxide alarm"", ""Wifi"", ""Cable TV"", ""Free street parking""]",Entire house,99.0,1,4,0.8272279934390377,198.0
354,2216775,4.31,0.825,150.25,-118.3219,34.1104,1.0,1.0,Entire home/apt,"[""Stove"", ""Dryer"", ""Bed linens"", ""Children\u2019s books and toys"", ""Luggage dropoff allowed"", ""Building staff"", ""Cooking basics"", ""Bathtub"", ""First aid kit"", ""Kitchen"", ""Hangers"", ""Extra pillows and blankets"", ""Essentials"", ""Iron"", ""Oven"", ""Heating"", ""Washer"", ""Hair dryer"", ""Baby safety gates"", ""Garden or backyard"", ""Long term stays allowed"", ""Patio or balcony"", ""Hot water"", ""Dedicated workspace"", ""TV"", ""Coffee maker"", ""Free parking on premises"", ""Smoke alarm"", ""Refrigerator"", ""Microwave"", ""Air conditioning"", ""Shampoo"", ""Dishes and silverware"", ""Carbon monoxide alarm"", ""Fire extinguisher"", ""Private entrance"", ""Wifi"", ""Beach essentials"", ""Cable TV"", ""Free street parking""]",Entire house,98.0,1,5,0.7679970840167669,150.25
361,2268086,1.68,0.7166666666666666,156.25,-118.43119,34.01753,1.0,1.0,Entire home/apt,"[""Barbecue utensils"", ""Shower gel"", ""Laundromat nearby"", ""Dove body soap"", ""Bed linens"", ""Pocket wifi"", ""Keurig coffee machine"", ""Cooking basics"", ""Bathtub"", ""Kitchen"", ""Hangers"", ""Extra pillows and blankets"", ""Single level home"", ""Essentials"", ""Iron"", ""Oven"", ""Heating"", ""Hair dryer"", ""Garden or backyard"", ""Long term stays allowed"", ""Hot water"", ""Dedicated workspace"", ""TV"", ""Coffee maker"", ""Free parking on premises"", ""BBQ grill"", ""Smoke alarm"", ""Refrigerator"", ""Microwave"", ""Freezer"", ""Air conditioning"", ""Shampoo"", ""Ceiling fan"", ""Dishes and silverware"", ""Carbon monoxide alarm"", ""Fire extinguisher"", ""Private entrance"", ""Wifi"", ""Cable TV"", ""Free street parking""]",Entire house,100.0,1,2,0.7331875341716785,156.25
362,2291457,0.58,0.625,545.25,-118.46632,33.98795,3.0,6.0,Entire home/apt,"[""Pack \u2019n Play/travel crib"", ""Hot water kettle"", ""Stove"", ""Crib"", ""Shower gel"", ""Record player"", ""Dryer"", ""Laundromat nearby"", ""Bed linens"", ""Lockbox"", ""Children\u2019s books and toys"", ""Wifi"", ""Luggage dropoff allowed"", ""Cleaning products"", ""Cooking basics"", ""Bathtub"", ""Conditioner"", ""Kitchen"", ""Hangers"", ""Clothing storage: closet, dresser, and wardrobe"", ""Extra pillows and blankets"", ""Bikes"", ""Essentials"", ""Room-darkening shades"", ""Oven"", ""Heating"", ""Washer"", ""Hair dryer"", ""Sonos Bluetooth sound system"", ""Baby safety gates"", ""Board games"", ""Patio or balcony"", ""Garden or backyard"", ""Hot water"", ""Fire pit"", ""Long term stays allowed"", ""Dedicated workspace"", ""Babysitter recommendations"", ""TV"", ""Wine glasses"", ""Portable fans"", ""Smoke alarm"", ""BBQ grill"", ""Freezer"", ""Microwave"", ""Refrigerator"", ""Outdoor furniture"", ""Air conditioning"", ""Shampoo"", ""Baking sheet"", ""Indoor fireplace"", ""Pour-over coffee"", ""Toaster"", ""Dishes and silverware"", ""Dishwasher"", ""Fire extinguisher"", ""Carbon monoxide alarm"", ""High chair"", ""Piano"", ""Private entrance"", ""Beach essentials"", ""Cable TV"", ""Free street parking""]",Entire house,98.0,1,8,0.9491525423728814,181.75
363,2298801,1.79,0.6166666666666667,171.0,-118.38453,34.10739,2.0,2.0,Entire home/apt,"[""Crib"", ""Shower gel"", ""Bed linens"", ""Pool"", ""Children\u2019s books and toys"", ""Luggage dropoff allowed"", ""First aid kit"", ""Hangers"", ""Extra pillows and blankets"", ""Essentials"", ""Iron"", ""Heating"", ""Hair dryer"", ""Garden or backyard"", ""Long term stays allowed"", ""Patio or balcony"", ""Hot water"", ""Dedicated workspace"", ""TV"", ""Coffee maker"", ""Free parking on premises"", ""Gym"", ""Smoke alarm"", ""Refrigerator"", ""Microwave"", ""Air conditioning"", ""Shampoo"", ""Indoor fireplace"", ""Host greets you"", ""Dishes and silverware"", ""Fire extinguisher"", ""Carbon monoxide alarm"", ""High chair"", ""Wifi"", ""Private entrance"", ""Cable TV"", ""Free street parking""]",Entire house,93.0,2,4,0.7142336431565518,85.5
383,2586332,3.74,0.7333333333333333,194.25,-118.15576,33.76995,2.0,2.0,Entire home/apt,"[""Stove"", ""Crib"", ""Dryer"", ""Fireplace guards"", ""Bed linens"", ""Lockbox"", ""Wifi"", ""Luggage dropoff allowed"", ""Cooking basics"", ""Bathtub"", ""First aid kit"", ""Kitchen"", ""Hangers"", ""Extra pillows and blankets"", ""Essentials"", ""Iron"", ""Room-darkening shades"", ""Oven"", ""Heating"", ""Washer"", ""Hair dryer"", ""Garden or backyard"", ""Patio or balcony"", ""Hot water"", ""Dedicated workspace"", ""TV"", ""Coffee maker"", ""Free parking on premises"", ""BBQ grill"", ""Smoke alarm"", ""Refrigerator"", ""Microwave"", ""Air conditioning"", ""Shampoo"", ""Indoor fireplace"", ""Dishwasher"", ""Dishes and silverware"", ""Fire extinguisher"", ""Carbon monoxide alarm"", ""Ethernet connection"", ""High chair"", ""Private entrance"", ""Cleaning before checkout"", ""Beach essentials"", ""Cable TV"", ""Free street parking""]",Entire house,98.0,1,4,0.8111900856570075,97.125
385,2586819,3.27,0.31666666666666665,66.5,-118.13051,34.08351,1.0,1.0,Entire home/apt,"[""Heating"", ""Hair dryer"", ""Air conditioning"", ""Long term stays allowed"", ""Shampoo"", ""Hot water"", ""Dedicated workspace"", ""Hangers"", ""TV"", ""Wifi"", ""Essentials"", ""Private entrance"", ""Smoke alarm"", ""Free parking on premises"", ""Refrigerator""]",Entire house,89.0,4,2,0.27446692181519955,66.5
393,2701715,1.46,0.9083333333333334,100.0,-118.39271,34.16188,1.0,1.0,Entire home/apt,"[""Stove"", ""Bed linens"", ""Cooking basics"", ""First aid kit"", ""Kitchen"", ""Hangers"", ""Extra pillows and blankets"", ""Essentials"", ""Iron"", ""Oven"", ""Heating"", ""Hair dryer"", ""Long term stays allowed"", ""Hot water"", ""Dedicated workspace"", ""Keypad"", ""TV"", ""Coffee maker"", ""Free parking on premises"", ""Smoke alarm"", ""Refrigerator"", ""Microwave"", ""Air conditioning"", ""Shampoo"", ""Dishes and silverware"", ""Fire extinguisher"", ""Carbon monoxide alarm"", ""Private entrance"", ""Wifi"", ""Cable TV"", ""Free street parking""]",Entire house,99.0,1,2,0.6586477127756516,100.0
395,2760374,0.31,0.24166666666666667,195.0,-118.411,33.95979,2.0,3.0,Entire home/apt,"[""Barbecue utensils"", ""Wifi \u2013 45 Mbps"", ""55\"" HDTV with Amazon Prime Video, Netflix"", ""Bed linens"", ""Bose Surround Sound Bluetooth sound system"", ""Luggage dropoff allowed"", ""Cooking basics"", ""Neutrogena and Dial Basic body soap"", ""Bathtub"", ""Window AC unit"", ""First aid kit"", ""Kitchen"", ""Hangers"", ""Extra pillows and blankets"", ""Essentials"", ""Washer \u2013\u00a0In unit"", ""Rice maker"", ""Iron"", ""Oven"", ""Heating"", ""Hair dryer"", ""Garden or backyard"", ""Long term stays allowed"", ""Patio or balcony"", ""Hot water"", ""Nespresso machine"", ""Dedicated workspace"", ""Nexxus conditioner"", ""Dryer \u2013\u00a0In unit"", ""Coffee maker"", ""Gym"", ""Free parking on premises"", ""BBQ grill"", ""Portable fans"", ""Smoke alarm"", ""Breakfast"", ""Freezer"", ""Microwave"", ""Frigidaire Gallery stainless steel gas stove"", ""Baking sheet"", ""Ceiling fan"", ""Nexxus shampoo"", ""Indoor fireplace"", ""Pour-over coffee"", ""Host greets you"", ""Dishes and silverware"", ""Dishwasher"", ""Carbon monoxide alarm"", ""Fire extinguisher"", ""Frigidaire Gallery refrigerator"", ""Private entrance"", ""Beach essentials"", ""Cable TV"", ""Free street parking""]",Entire house,93.0,1,5,0.4421359577182431,97.5
396,2777698,0.1,0.0,275.0,-118.36808,34.08733,1.0,2.0,Entire home/apt,"[""Heating"", ""Washer"", ""Wifi"", ""Air conditioning"", ""Long term stays allowed"", ""Kitchen"", ""Carbon monoxide alarm"", ""TV"", ""Essentials"", ""Dryer"", ""Smoke alarm"", ""Cable TV""]",Entire house,100.0,3,4,0.04574448696919993,275.0
397,2804245,2.4,0.825,461.25,-118.43273,34.14134,3.0,3.0,Entire home/apt,"[""Stove"", ""Dryer"", ""Cooking basics"", ""Kitchen"", ""Hangers"", ""Essentials"", ""Iron"", ""Oven"", ""Heating"", ""Washer"", ""Hair dryer"", ""Garden or backyard"", ""Long term stays allowed"", ""Patio or balcony"", ""Hot water"", ""Dedicated workspace"", ""TV"", ""Coffee maker"", ""Free parking on premises"", ""Smoke alarm"", ""Refrigerator"", ""Microwave"", ""Air conditioning"", ""Shampoo"", ""Indoor fireplace"", ""Dishes and silverware"", ""Dishwasher"", ""Carbon monoxide alarm"", ""Wifi"", ""Cable TV"", ""Free street parking""]",Entire house,99.0,1,6,0.9580827410242391,153.75
403,2933879,0.63,0.41666666666666663,169.0,-118.30561,34.08766,1.0,1.0,Entire home/apt,"[""Outlet covers"", ""Stove"", ""Dryer"", ""Fireplace guards"", ""Bed linens"", ""Pocket wifi"", ""Luggage dropoff allowed"", ""Cooking basics"", ""Bathtub"", ""First aid kit"", ""Kitchen"", ""Hangers"", ""Extra pillows and blankets"", ""Single level home"", ""Essentials"", ""Iron"", ""Oven"", ""Heating"", ""Washer"", ""Hair dryer"", ""Garden or backyard"", ""Long term stays allowed"", ""Patio or balcony"", ""Hot water"", ""Dedicated workspace"", ""TV"", ""Coffee maker"", ""Free parking on premises"", ""BBQ grill"", ""Smoke alarm"", ""Refrigerator"", ""Microwave"", ""Air conditioning"", ""Shampoo"", ""Indoor fireplace"", ""Host greets you"", ""Dishes and silverware"", ""Dishwasher"", ""Fire extinguisher"", ""Carbon monoxide alarm"", ""Ethernet connection"", ""Wifi"", ""Private entrance"", ""Cleaning before checkout"", ""Cable TV""]",Entire house,99.0,3,3,0.5651540003644979,169.0
413,3102027,1.07,0.09166666666666666,579.0,-118.4672,33.98265,3.0,4.0,Entire home/apt,"[""Pack \u2019n Play/travel crib"", ""Full kitchen"", ""Dryer"", ""Bathtub"", ""Bathroom essentials"", ""Iron"", ""Room-darkening shades"", ""Heating"", ""Bedroom comforts"", ""Washer"", ""Hair dryer"", ""Garden or backyard"", ""TV"", ""Coffee maker"", ""Free parking on premises"", ""Smoke alarm"", ""Air conditioning"", ""Indoor fireplace"", ""Dishwasher"", ""Carbon monoxide alarm"", ""High chair"", ""Wifi"", ""Free street parking""]",Entire house,98.0,1,6,0.4718425369054128,193.0
420,3167605,0.51,0.6666666666666666,185.0,-118.37013,34.10433,1.0,1.0,Entire home/apt,"[""Stove"", ""Dryer"", ""Bed linens"", ""Luggage dropoff allowed"", ""Cooking basics"", ""Bathtub"", ""Kitchen"", ""Hangers"", ""Extra pillows and blankets"", ""Essentials"", ""Iron"", ""Heating"", ""Washer"", ""Garden or backyard"", ""Long term stays allowed"", ""Patio or balcony"", ""Hot water"", ""Dedicated workspace"", ""TV"", ""Coffee maker"", ""Free parking on premises"", ""Smoke alarm"", ""Refrigerator"", ""Microwave"", ""Air conditioning"", ""Dishes and silverware"", ""Fire extinguisher"", ""Carbon monoxide alarm"", ""Private entrance"", ""Wifi"", ""Cable TV"", ""Free street parking""]",Entire house,100.0,1,5,0.7663568434481501,185.0
