df_21.csv
,id,reviews_per_month,demand,price,longitude,latitude,bedrooms,beds,room_type,amenities,property_type,review_scores_rating,calculated_host_listings_count,accommodates,annual_return,price_per_bedroom
432,3321593,0.03,0.45833333333333337,768.75,-118.40556,33.88025,5.0,8.0,Entire home/apt,"[""Heating"", ""Washer"", ""Long term stays allowed"", ""Shampoo"", ""Indoor fireplace"", ""Kitchen"", ""Fire extinguisher"", ""Free parking on premises"", ""Wifi"", ""Dryer"", ""Smoke alarm"", ""Cable TV""]",Entire house,100.0,3,8,0.9515217787497722,153.75
433,3333016,1.65,0.45,362.75,-118.32389,34.11705,2.0,6.0,Entire home/apt,"[""Stove"", ""Dryer"", ""Bed linens"", ""Cooking basics"", ""Bathtub"", ""First aid kit"", ""Kitchen"", ""Hangers"", ""Essentials"", ""Iron"", ""Oven"", ""Heating"", ""Washer"", ""Hair dryer"", ""Long term stays allowed"", ""Patio or balcony"", ""Hot water"", ""Dedicated workspace"", ""TV"", ""Coffee maker"", ""Free parking on premises"", ""BBQ grill"", ""Smoke alarm"", ""Breakfast"", ""Refrigerator"", ""Microwave"", ""Air conditioning"", ""Shampoo"", ""Indoor fireplace"", ""Dishes and silverware"", ""Dishwasher"", ""Carbon monoxide alarm"", ""Fire extinguisher"", ""Private entrance"", ""Wifi"", ""Cable TV"", ""Free street parking""]",Entire house,97.0,1,4,0.8423546564607254,181.375
437,3371332,0.77,0.4916666666666667,90.75,-118.52893,34.044,1.0,2.0,Entire home/apt,"[""Stove"", ""Bed linens"", ""Cooking basics"", ""Kitchen"", ""Hangers"", ""Extra pillows and blankets"", ""Essentials"", ""Iron"", ""Oven"", ""Heating"", ""Hair dryer"", ""Long term stays allowed"", ""Patio or balcony"", ""Hot water"", ""Dedicated workspace"", ""Keypad"", ""TV"", ""Coffee maker"", ""Free parking on premises"", ""Smoke alarm"", ""Refrigerator"", ""Microwave"", ""Air conditioning"", ""Shampoo"", ""Dishes and silverware"", ""High chair"", ""Wifi"", ""Private entrance"", ""Cable TV"", ""Free street parking""]",Entire house,91.0,40,4,0.4291962821213778,90.75
441,3433356,1.62,0.38333333333333336,105.75,-117.73743,34.11448,1.0,1.0,Entire home/apt,"[""Heating"", ""Hair dryer"", ""Air conditioning"", ""Long term stays allowed"", ""Shampoo"", ""First aid kit"", ""Kitchen"", ""Hangers"", ""Dedicated workspace"", ""Fire extinguisher"", ""Carbon monoxide alarm"", ""Free parking on premises"", ""Wifi"", ""Essentials"", ""Smoke alarm"", ""Iron"", ""Cable TV""]",Entire house,91.0,1,2,0.40605066520867505,105.75
442,3441263,1.47,0.7,510.75,-118.4444,33.9939,3.0,4.0,Entire home/apt,"[""Pack \u2019n Play/travel crib"", ""Barbecue utensils"", ""Outlet covers"", ""Stove"", ""Hot tub"", ""Shower gel"", ""Laundromat nearby"", ""Dryer"", ""Bed linens"", ""Pool"", ""Children\u2019s books and toys"", ""Keurig coffee machine"", ""Luggage dropoff allowed"", ""Cooking basics"", ""Bathtub"", ""Conditioner"", ""First aid kit"", ""Kitchen"", ""Hangers"", ""Extra pillows and blankets"", ""Children\u2019s dinnerware"", ""Essentials"", ""Rice maker"", ""Iron"", ""Room-darkening shades"", ""Heating"", ""Washer"", ""Hair dryer"", ""Baby safety gates"", ""Baby bath"", ""Garden or backyard"", ""Patio or balcony"", ""Long term stays allowed"", ""Hot water"", ""Dedicated workspace"", ""Keypad"", ""TV"", ""Coffee maker"", ""Free parking on premises"", ""Baby monitor"", ""BBQ grill"", ""Portable fans"", ""Smoke alarm"", ""Freezer"", ""Refrigerator"", ""Microwave"", ""Air conditioning"", ""Shampoo"", ""Baking sheet"", ""Dishes and silverware"", ""Dishwasher"", ""Fire extinguisher"", ""Carbon monoxide alarm"", ""High chair"", ""Wifi"", ""Private entrance"", ""Body soap"", ""Beach essentials"", ""Cable TV"", ""Free street parking""]",Entire house,97.0,2,7,0.9529797703663204,170.25
444,3488199,0.48,0.4666666666666667,421.5,-118.32248,34.11497,3.0,3.0,Entire home/apt,"[""Heating"", ""Washer"", ""Hair dryer"", ""Air conditioning"", ""Wifi"", ""Shampoo"", ""Long term stays allowed"", ""Indoor fireplace"", ""Breakfast"", ""Kitchen"", ""Hangers"", ""Dedicated workspace"", ""Carbon monoxide alarm"", ""Free parking on premises"", ""Essentials"", ""TV"", ""Dryer"", ""Smoke alarm"", ""Iron"", ""Cable TV""]",Entire house,98.0,4,7,0.882449425915801,140.5
448,3544380,2.11,0.8833333333333333,105.0,-118.34946,34.09288,,1.0,Entire home/apt,"[""Stove"", ""Shower gel"", ""Dryer"", ""Bed linens"", ""Luggage dropoff allowed"", ""Cooking basics"", ""Kitchen"", ""Hangers"", ""Extra pillows and blankets"", ""Essentials"", ""Iron"", ""Oven"", ""Heating"", ""Washer"", ""Hair dryer"", ""Long term stays allowed"", ""Hot water"", ""Dedicated workspace"", ""TV"", ""Coffee maker"", ""Smoke alarm"", ""Refrigerator"", ""Microwave"", ""Air conditioning"", ""Shampoo"", ""Dishes and silverware"", ""Fire extinguisher"", ""Carbon monoxide alarm"", ""Private entrance"", ""Wifi"", ""Cable TV"", ""Free street parking""]",Entire house,98.0,1,2,0.666757791142701,
449,3563533,10.28,0.8166666666666667,238.25,-118.32077,34.11655,1.0,1.0,Entire home/apt,"[""Heating"", ""Bedroom comforts"", ""Hair dryer"", ""Air conditioning"", ""Full kitchen"", ""Self check-in"", ""Bathroom essentials"", ""TV"", ""Wifi"", ""Coffee maker"", ""Carbon monoxide alarm"", ""Fire extinguisher"", ""Smoke alarm"", ""Iron"", ""Free street parking""]",Entire house,98.0,1,2,0.8791689447785676,238.25
453,3605568,0.93,0.8666666666666667,267.5,-118.32684,34.11715,2.0,3.0,Entire home/apt,"[""Outlet covers"", ""Stove"", ""Crib"", ""Window guards"", ""Dryer"", ""Fireplace guards"", ""Lockbox"", ""Children\u2019s books and toys"", ""Cooking basics"", ""Bathtub"", ""First aid kit"", ""Kitchen"", ""Hangers"", ""Children\u2019s dinnerware"", ""Lake access"", ""Essentials"", ""Iron"", ""Room-darkening shades"", ""Oven"", ""Heating"", ""Washer"", ""Hair dryer"", ""Baby safety gates"", ""Baby bath"", ""Garden or backyard"", ""Patio or balcony"", ""Long term stays allowed"", ""Hot water"", ""Dedicated workspace"", ""Babysitter recommendations"", ""TV"", ""Coffee maker"", ""Free parking on premises"", ""Smoke alarm"", ""Refrigerator"", ""Microwave"", ""Air conditioning"", ""Shampoo"", ""Indoor fireplace"", ""Dishes and silverware"", ""Dishwasher"", ""Carbon monoxide alarm"", ""Fire extinguisher"", ""Private entrance"", ""Wifi"", ""Cable TV"", ""Free street parking""]",Entire house,96.0,1,4,0.9079642792053946,133.75
457,3626184,1.19,0.7916666666666667,254.25,-118.44849,34.00023,2.0,3.0,Entire home/apt,"[""Pack \u2019n Play/travel crib"", ""Full kitchen"", ""Dryer"", ""Bathroom essentials"", ""Iron"", ""Room-darkening shades"", ""Heating"", ""Bedroom comforts"", ""Washer"", ""Hair dryer"", ""Garden or backyard"", ""TV"", ""Coffee maker"", ""Free parking on premises"", ""Smoke alarm"", ""Air conditioning"", ""Dishwasher"", ""Carbon monoxide alarm"", ""Fire extinguisher"", ""Wifi"", ""Free street parking""]",Entire house,95.0,1,5,0.8875523965737196,127.125
458,3646645,0.26,0.6833333333333333,329.0,-118.41696,33.99045,4.0,5.0,Entire home/apt,"[""Heating"", ""Washer"", ""Hair dryer"", ""Pack \u2019n Play/travel crib"", ""Wifi"", ""Shampoo"", ""Free street parking"", ""Long term stays allowed"", ""Kitchen"", ""Dishes and silverware"", ""Fire extinguisher"", ""Free parking on premises"", ""Essentials"", ""TV"", ""Dryer"", ""Coffee maker"", ""Smoke alarm"", ""Cable TV"", ""Children\u2019s books and toys""]",Entire house,97.0,1,8,0.9028613085474758,82.25
460,3653912,2.43,0.725,222.25,-118.12723,33.81073,3.0,3.0,Entire home/apt,"[""Free washer\u2013In unit"", ""Barbecue utensils"", ""Hot water kettle"", ""Free dryer\u2013In unit"", ""Stove"", ""Shower gel"", ""Bed linens"", ""Dining table"", ""125\"" HDTV with Apple TV, HBO Max, Netflix, standard cable"", ""Game console: PS4"", ""Keurig coffee machine"", ""Cooking basics"", ""Samsung refrigerator"", ""Bathtub"", ""Conditioner"", ""Bluetooth sound system"", ""First aid kit"", ""Kitchen"", ""Hangers"", ""Extra pillows and blankets"", ""Single level home"", ""Essentials"", ""Iron"", ""Room-darkening shades"", ""Oven"", ""Wifi \u2013 500 Mbps"", ""Hair dryer"", ""Garden or backyard"", ""Long term stays allowed"", ""Patio or balcony"", ""Hot water"", ""Central air conditioning"", ""Coffee maker"", ""Free parking on premises"", ""Wine glasses"", ""Portable fans"", ""Smoke alarm"", ""Dedicated workspace: table and desk"", ""Central heating"", ""Freezer"", ""Microwave"", ""BBQ grill"", ""Shampoo"", ""Baking sheet"", ""Ceiling fan"", ""Toaster"", ""Dishwasher"", ""Dishes and silverware"", ""Carbon monoxide alarm"", ""Fire extinguisher"", ""Ethernet connection"", ""Private entrance"", ""Smart lock"", ""Clothing storage: closet, wardrobe, and dresser"", ""Body soap"", ""Cable TV"", ""Free street parking""]",Entire house,97.0,1,8,0.839803171131766,74.08333333333333
468,3710503,0.11,0.0,2000.0,-118.33464,34.14843,1.0,1.0,Entire home/apt,"[""Barbecue utensils"", ""Hot water kettle"", ""Game console: PS3"", ""Host greets you"", ""Dryer"", ""Fireplace guards"", ""Bed linens"", ""Dining table"", ""Luggage dropoff allowed"", ""Clothing storage: wardrobe"", ""Cleaning products"", ""54\"" HDTV with Netflix, premium cable"", ""Cooking basics"", ""Wifi \u2013 100 Mbps"", ""First aid kit"", ""Kitchen"", ""Hangers"", ""Extra pillows and blankets"", ""Essentials"", ""Iron"", ""Room-darkening shades"", ""Heating"", ""Washer"", ""Hair dryer"", ""Bosch stainless steel oven"", ""Long term stays allowed"", ""Hot water"", ""Private fenced garden or backyard"", ""Dedicated workspace"", ""Central air conditioning"", ""Coffee maker"", ""Gym"", ""Free parking on premises"", ""Wine glasses"", ""Portable fans"", ""Smoke alarm"", ""BBQ grill"", ""Freezer"", ""Microwave"", ""Private hot tub"", ""Shampoo"", ""Baking sheet"", ""Ceiling fan"", ""Bosch refrigerator"", ""Indoor fireplace"", ""Bosch stainless steel gas stove"", ""Toaster"", ""Dishes and silverware"", ""Dishwasher"", ""Pour-over coffee"", ""Paid street parking off premises"", ""Fire extinguisher"", ""Carbon monoxide alarm"", ""Ethernet connection"", ""Private entrance"", ""Cable TV"", ""Free street parking""]",Entire house,100.0,2,16,0.04574448696919993,2000.0
473,3757786,0.33,0.2916666666666667,856.0,-118.51592,34.23256,5.0,6.0,Entire home/apt,"[""Pack \u2019n Play/travel crib"", ""Stove"", ""Dryer"", ""Pool"", ""Children\u2019s books and toys"", ""Luggage dropoff allowed"", ""Cooking basics"", ""First aid kit"", ""Kitchen"", ""Hangers"", ""Essentials"", ""Iron"", ""Oven"", ""Heating"", ""Washer"", ""Hair dryer"", ""Garden or backyard"", ""Long term stays allowed"", ""Patio or balcony"", ""Hot water"", ""Dedicated workspace"", ""TV"", ""Coffee maker"", ""Free parking on premises"", ""Smoke alarm"", ""Refrigerator"", ""Microwave"", ""Air conditioning"", ""Shampoo"", ""Indoor fireplace"", ""Host greets you"", ""Dishwasher"", ""Dishes and silverware"", ""Carbon monoxide alarm"", ""High chair"", ""Wifi"", ""Hot tub"", ""Cable TV"", ""Free street parking""]",Entire house,100.0,8,12,0.9188992163295061,171.2
474,3761519,5.39,0.8500000000000001,233.5,-118.42194,34.01256,2.0,4.0,Entire home/apt,"[""Stove"", ""Shower gel"", ""Sound system"", ""Dryer"", ""Bed linens"", ""Pool"", ""Luggage dropoff allowed"", ""Cooking basics"", ""Kitchen"", ""Hangers"", ""Extra pillows and blankets"", ""Single level home"", ""Essentials"", ""Iron"", ""Oven"", ""Heating"", ""Washer"", ""Hair dryer"", ""Garden or backyard"", ""Long term stays allowed"", ""Patio or balcony"", ""Hot water"", ""Dedicated workspace"", ""Keypad"", ""TV"", ""Coffee maker"", ""BBQ grill"", ""Smoke alarm"", ""Refrigerator"", ""Microwave"", ""Air conditioning"", ""Shampoo"", ""Ceiling fan"", ""Dishwasher"", ""Dishes and silverware"", ""Carbon monoxide alarm"", ""Fire extinguisher"", ""Private entrance"", ""Wifi"", ""Hot tub"", ""Beach essentials"", ""Cable TV"", ""Free street parking""]",Entire house,96.0,1,6,0.8842719154364862,116.75
476,3774747,0.03,0.058333333333333334,1000.0,-118.44903,33.9615,3.0,3.0,Entire home/apt,"[""Stove"", ""Dryer"", ""Bed linens"", ""Cooking basics"", ""Kitchen"", ""Hangers"", ""Extra pillows and blankets"", ""Essentials"", ""Iron"", ""Oven"", ""Heating"", ""Washer"", ""Hair dryer"", ""Garden or backyard"", ""Long term stays allowed"", ""Patio or balcony"", ""Hot water"", ""Dedicated workspace"", ""TV"", ""Coffee maker"", ""Free parking on premises"", ""BBQ grill"", ""Smoke alarm"", ""Refrigerator"", ""Microwave"", ""Air conditioning"", ""Shampoo"", ""Indoor fireplace"", ""Dishwasher"", ""Dishes and silverware"", ""Carbon monoxide alarm"", ""Fire extinguisher"", ""Wifi"", ""Cable TV"", ""Free street parking""]",Entire house,100.0,1,8,0.5005467468562056,333.3333333333333
482,3817210,0.27,0.09166666666666667,505.0,-118.38418,34.11421,3.0,3.0,Entire home/apt,"[""Heating"", ""Washer"", ""Wifi"", ""Air conditioning"", ""Long term stays allowed"", ""Shampoo"", ""Cooking basics"", ""Hot water"", ""Kitchen"", ""Dishes and silverware"", ""Carbon monoxide alarm"", ""Free parking on premises"", ""Essentials"", ""TV"", ""Dryer"", ""Smoke alarm"", ""Hot tub"", ""Free street parking""]",Entire house,70.0,1,5,0.43739748496446146,168.33333333333334
483,3822579,0.16,0.016666666666666666,290.0,-118.46465,34.17685,3.0,4.0,Entire home/apt,"[""Pack \u2019n Play/travel crib"", ""Dryer"", ""Children\u2019s books and toys"", ""Luggage dropoff allowed"", ""Cooking basics"", ""First aid kit"", ""Kitchen"", ""Hangers"", ""Essentials"", ""Iron"", ""Heating"", ""Washer"", ""Hair dryer"", ""Garden or backyard"", ""Long term stays allowed"", ""Patio or balcony"", ""Hot water"", ""Dedicated workspace"", ""Keypad"", ""TV"", ""Coffee maker"", ""Free parking on premises"", ""Smoke alarm"", ""Refrigerator"", ""Microwave"", ""Air conditioning"", ""Shampoo"", ""Dishes and silverware"", ""Carbon monoxide alarm"", ""Wifi"", ""Cable TV"", ""Free street parking""]",Entire house,100.0,8,6,0.14215418261344998,96.66666666666667
494,3939786,0.14,0.5583333333333333,495.0,-117.99996,33.90105,4.0,7.0,Entire home/apt,"[""Pack \u2019n Play/travel crib"", ""Barbecue utensils"", ""Hot water kettle"", ""Stove"", ""Crib"", ""Shower gel"", ""Dryer"", ""Bed linens"", ""Dining table"", ""Children\u2019s books and toys"", ""Dr Bronners body soap"", ""Pool"", ""Lockbox"", ""LG 55\"" sound system"", ""Wifi"", ""Luggage dropoff allowed"", ""Cleaning products"", ""Cooking basics"", ""Bathtub"", ""Table corner guards"", ""First aid kit"", ""Kitchen"", ""Hangers"", ""Extra pillows and blankets"", ""Single level home"", ""Children\u2019s dinnerware"", ""Essentials"", ""Rice maker"", ""Iron"", ""Room-darkening shades"", ""Oven"", ""Heating"", ""Washer"", ""Hair dryer"", ""Baby safety gates"", ""Board games"", ""Garden or backyard"", ""Patio or balcony"", ""Long term stays allowed"", ""Hot water"", ""Dedicated workspace"", ""Aussie conditioner"", ""TV"", ""Coffee maker"", ""Outdoor dining area"", ""Free parking on premises"", ""Wine glasses"", ""Portable fans"", ""Smoke alarm"", ""BBQ grill"", ""Refrigerator"", ""Microwave"", ""Drying rack for clothing"", ""Freezer"", ""Outdoor furniture"", ""Air conditioning"", ""Shampoo"", ""Baking sheet"", ""Ceiling fan"", ""Indoor fireplace"", ""Safe"", ""Toaster"", ""Dishwasher"", ""Dishes and silverware"", ""Fire extinguisher"", ""Carbon monoxide alarm"", ""Ethernet connection"", ""High chair"", ""Private entrance"", ""Beach essentials"", ""Cable TV"", ""Free street parking""]",Entire house,100.0,1,10,0.9287406597412065,123.75
496,3992862,1.17,0.225,97.0,-118.31964,34.09867,3.0,6.0,Entire home/apt,"[""Pack \u2019n Play/travel crib"", ""Stove"", ""Bed linens"", ""Cooking basics"", ""Bathtub"", ""Kitchen"", ""Hangers"", ""Extra pillows and blankets"", ""Essentials"", ""Iron"", ""Oven"", ""Heating"", ""Hair dryer"", ""Long term stays allowed"", ""Hot water"", ""Dedicated workspace"", ""Keypad"", ""TV"", ""Coffee maker"", ""Free parking on premises"", ""Smoke alarm"", ""Refrigerator"", ""Microwave"", ""Indoor fireplace"", ""Dishes and silverware"", ""Dishwasher"", ""Carbon monoxide alarm"", ""Fire extinguisher"", ""Private entrance"", ""Wifi"", ""Free street parking""]",Entire house,83.0,13,8,0.28121013304173503,32.333333333333336
504,4090410,0.13,0.26666666666666666,750.0,-118.30424,34.52052,4.0,4.0,Entire home/apt,"[""Heating"", ""Washer"", ""Air conditioning"", ""Long term stays allowed"", ""Shampoo"", ""Indoor fireplace"", ""Kitchen"", ""Carbon monoxide alarm"", ""Fire extinguisher"", ""Essentials"", ""Wifi"", ""Dryer"", ""Free parking on premises"", ""Smoke alarm"", ""Cable TV""]",Entire house,91.0,1,8,0.8856387825770001,187.5
515,4136476,0.92,0.4916666666666667,288.5,-118.44412,33.99473,2.0,2.0,Entire home/apt,"[""Stove"", ""Dryer"", ""Bed linens"", ""Cooking basics"", ""Kitchen"", ""Hangers"", ""Extra pillows and blankets"", ""Essentials"", ""Iron"", ""Oven"", ""Heating"", ""Washer"", ""Hair dryer"", ""Garden or backyard"", ""Long term stays allowed"", ""Patio or balcony"", ""Hot water"", ""Dedicated workspace"", ""Keypad"", ""TV"", ""Coffee maker"", ""Free parking on premises"", ""Smoke alarm"", ""Refrigerator"", ""Microwave"", ""Air conditioning"", ""Shampoo"", ""Indoor fireplace"", ""Dishes and silverware"", ""Carbon monoxide alarm"", ""Wifi"", ""Body soap"", ""Cable TV"", ""Free street parking""]",Entire house,96.0,24,4,0.8102788408966648,144.25
516,4141906,0.03,0.03333333333333333,700.0,-118.40479,33.8812,3.0,5.0,Entire home/apt,"[""Long term stays allowed""]",Entire house,100.0,3,7,0.2926918170220521,233.33333333333334
