df_21.csv
,id,reviews_per_month,demand,price,longitude,latitude,bedrooms,beds,room_type,amenities,property_type,review_scores_rating,calculated_host_listings_count,accommodates,annual_return,price_per_bedroom
520,4175917,1.94,0.4,441.0,-118.27912,33.92279,6.0,11.0,Entire home/apt,"[""Barbecue utensils"", ""Stove"", ""Crib"", ""Shower gel"", ""Dryer"", ""Bed linens"", ""Luggage dropoff allowed"", ""Cooking basics"", ""Bathtub"", ""First aid kit"", ""Kitchen"", ""Hangers"", ""Extra pillows and blankets"", ""Single level home"", ""Essentials"", ""Iron"", ""Oven"", ""Heating"", ""Washer"", ""Hair dryer"", ""Garden or backyard"", ""Long term stays allowed"", ""Patio or balcony"", ""Hot water"", ""Dedicated workspace"", ""TV"", ""Coffee maker"", ""Free parking on premises"", ""BBQ grill"", ""Smoke alarm"", ""Refrigerator"", ""Microwave"", ""Air conditioning"", ""Shampoo"", ""Baking sheet"", ""Dishes and silverware"", ""Dishwasher"", ""Carbon monoxide alarm"", ""Fire extinguisher"", ""Ethernet connection"", ""Wifi"", ""Private entrance"", ""Cable TV"", ""Free street parking""]",Entire house,85.0,3,16,0.8585748131948241,73.5
521,4180134,1.86,0.7583333333333333,280.75,-118.59053,34.11718,2.0,2.0,Entire home/apt,"[""Stove"", ""Dryer"", ""Bed linens"", ""Cooking basics"", ""Kitchen"", ""Essentials"", ""Iron"", ""Oven"", ""Heating"", ""Washer"", ""Hair dryer"", ""Garden or backyard"", ""Patio or balcony"", ""Hot water"", ""Dedicated workspace"", ""TV"", ""Coffee maker"", ""Free parking on premises"", ""BBQ grill"", ""Smoke alarm"", ""Refrigerator"", ""Air conditioning"", ""Indoor fireplace"", ""Dishes and silverware"", ""Fire extinguisher"", ""Private entrance"", ""Wifi"", ""Cable TV"", ""Free street parking""]",Entire house,98.0,1,4,0.8946601057043923,140.375
524,4191637,0.15,0.875,120.0,-118.41911,33.90194,1.0,1.0,Entire home/apt,"[""Stove"", ""Dryer"", ""Lockbox"", ""Cooking basics"", ""Kitchen"", ""Hangers"", ""Essentials"", ""Iron"", ""Oven"", ""Heating"", ""Washer"", ""Hair dryer"", ""Long term stays allowed"", ""Patio or balcony"", ""Hot water"", ""Dedicated workspace"", ""TV"", ""Coffee maker"", ""Free parking on premises"", ""Smoke alarm"", ""Refrigerator"", ""Microwave"", ""Shampoo"", ""Dishes and silverware"", ""Fire extinguisher"", ""Carbon monoxide alarm"", ""Wifi"", ""Cable TV"", ""Free street parking""]",Entire house,96.0,2,3,0.7128667760160379,120.0
530,4224505,0.65,0.2583333333333333,242.0,-118.33122,34.09595,4.0,11.0,Entire home/apt,"[""Dryer"", ""First aid kit"", ""Kitchen"", ""Hangers"", ""Essentials"", ""Iron"", ""Heating"", ""Washer"", ""Hair dryer"", ""Long term stays allowed"", ""Dedicated workspace"", ""TV"", ""Gym"", ""Free parking on premises"", ""Smoke alarm"", ""Air conditioning"", ""Shampoo"", ""Indoor fireplace"", ""Fire extinguisher"", ""Wifi"", ""Cable TV""]",Entire house,94.0,1,8,0.5276107162383816,60.5
543,4311740,2.4,0.8333333333333335,75.75,-118.61389,34.21168,1.0,2.0,Entire home/apt,"[""Crib"", ""Shower gel"", ""Fireplace guards"", ""Bed linens"", ""Pocket wifi"", ""Luggage dropoff allowed"", ""Cooking basics"", ""Bathtub"", ""First aid kit"", ""Kitchen"", ""Hangers"", ""Extra pillows and blankets"", ""Single level home"", ""Essentials"", ""Iron"", ""Heating"", ""Hair dryer"", ""Long term stays allowed"", ""Garden or backyard"", ""Patio or balcony"", ""Hot water"", ""Dedicated workspace"", ""TV"", ""Coffee maker"", ""Smoke alarm"", ""Refrigerator"", ""Microwave"", ""Air conditioning"", ""Shampoo"", ""Indoor fireplace"", ""Dishes and silverware"", ""Fire extinguisher"", ""Carbon monoxide alarm"", ""Private entrance"", ""Wifi"", ""Smart lock"", ""Free street parking""]",Entire house,97.0,2,4,0.5302533260433753,75.75
552,4377952,1.6,0.8083333333333333,421.5,-118.58981,34.15236,4.0,4.0,Entire home/apt,"[""Pack \u2019n Play/travel crib"", ""Stove"", ""Dryer"", ""Fireplace guards"", ""Children\u2019s books and toys"", ""Cooking basics"", ""Bathtub"", ""First aid kit"", ""Kitchen"", ""EV charger"", ""Essentials"", ""Iron"", ""Room-darkening shades"", ""Oven"", ""Heating"", ""Washer"", ""Hair dryer"", ""Long term stays allowed"", ""Patio or balcony"", ""Hot water"", ""Dedicated workspace"", ""TV"", ""Coffee maker"", ""Free parking on premises"", ""Smoke alarm"", ""Refrigerator"", ""Microwave"", ""Air conditioning"", ""Shampoo"", ""Indoor fireplace"", ""Dishwasher"", ""Dishes and silverware"", ""Fire extinguisher"", ""Carbon monoxide alarm"", ""Wifi"", ""Hot tub"", ""Cable TV"", ""Free street parking""]",Entire house,99.0,1,8,0.9489702934208128,105.375
575,4658566,0.32,0.08333333333333333,2500.0,-118.58063,34.11527,3.0,6.0,Entire home/apt,"[""Pool"", ""Lockbox"", ""Luggage dropoff allowed"", ""First aid kit"", ""Kitchen"", ""Hangers"", ""Essentials"", ""Iron"", ""Heating"", ""Hair dryer"", ""Long term stays allowed"", ""Hot water"", ""Dedicated workspace"", ""TV"", ""Free parking on premises"", ""Breakfast"", ""Smoke alarm"", ""Air conditioning"", ""Shampoo"", ""Indoor fireplace"", ""Fire extinguisher"", ""Carbon monoxide alarm"", ""Wifi"", ""Cable TV""]",Entire house,100.0,8,6,0.8919263714233643,833.3333333333334
581,4830835,0.15,0.4666666666666667,503.25,-118.40299,33.93015,2.0,2.0,Entire home/apt,"[""Pack \u2019n Play/travel crib"", ""Barbecue utensils"", ""Stove"", ""Shower gel"", ""Sound system"", ""Dryer"", ""Laundromat nearby"", ""Bed linens"", ""Lockbox"", ""Children\u2019s books and toys"", ""Cooking basics"", ""Bathtub"", ""Conditioner"", ""First aid kit"", ""Kitchen"", ""Hangers"", ""Extra pillows and blankets"", ""Single level home"", ""Essentials"", ""Iron"", ""Oven"", ""Heating"", ""Washer"", ""Hair dryer"", ""Garden or backyard"", ""Long term stays allowed"", ""Patio or balcony"", ""Hot water"", ""Nespresso machine"", ""Dedicated workspace"", ""TV"", ""Coffee maker"", ""Free parking on premises"", ""BBQ grill"", ""Portable fans"", ""Smoke alarm"", ""Refrigerator"", ""Microwave"", ""Freezer"", ""Shampoo"", ""Baking sheet"", ""Ceiling fan"", ""Dishes and silverware"", ""Dishwasher"", ""Carbon monoxide alarm"", ""Fire extinguisher"", ""High chair"", ""Wifi"", ""Private entrance"", ""Body soap"", ""Cable TV"", ""Free street parking""]",Entire house,100.0,1,4,0.9114270092946966,251.625
602,4973552,0.01,0.21666666666666667,450.0,-118.49918,34.03498,2.0,2.0,Entire home/apt,"[""Heating"", ""Washer"", ""Hair dryer"", ""Wifi"", ""Long term stays allowed"", ""Shampoo"", ""Indoor fireplace"", ""First aid kit"", ""Kitchen"", ""Hangers"", ""Dedicated workspace"", ""Carbon monoxide alarm"", ""Fire extinguisher"", ""Essentials"", ""TV"", ""Dryer"", ""Free parking on premises"", ""Smoke alarm"", ""Iron"", ""Cable TV""]",Entire house,100.0,1,4,0.6841625660652452,225.0
604,4974923,5.95,0.8333333333333334,67.5,-118.2196,34.09303,1.0,2.0,Entire home/apt,"[""Stove"", ""Bed linens"", ""Cooking basics"", ""Kitchen"", ""Essentials"", ""Oven"", ""Heating"", ""Hair dryer"", ""Garden or backyard"", ""Hot water"", ""TV"", ""Coffee maker"", ""Free parking on premises"", ""Smoke alarm"", ""Refrigerator"", ""Microwave"", ""Air conditioning"", ""Shampoo"", ""Host greets you"", ""Dishes and silverware"", ""Carbon monoxide alarm"", ""Private entrance"", ""Wifi""]",Entire house,95.0,3,2,0.48933843630399126,67.5
609,5031326,3.31,0.8083333333333333,199.75,-118.35699,33.88917,4.0,7.0,Entire home/apt,"[""Dryer"", ""Cooking basics"", ""First aid kit"", ""Kitchen"", ""Hangers"", ""Essentials"", ""Iron"", ""Heating"", ""Washer"", ""Hair dryer"", ""Long term stays allowed"", ""Patio or balcony"", ""Dedicated workspace"", ""Keypad"", ""TV"", ""Coffee maker"", ""Free parking on premises"", ""Smoke alarm"", ""Refrigerator"", ""Microwave"", ""Air conditioning"", ""Shampoo"", ""Dishes and silverware"", ""Fire extinguisher"", ""Carbon monoxide alarm"", ""Wifi"", ""Cable TV""]",Entire house,97.0,4,8,0.8403499179879715,49.9375
19,53945,1.15,0.24166666666666667,135.0,-118.3703,34.06132,1.0,1.0,Entire home/apt,"[""Dryer"", ""Bed linens"", ""First aid kit"", ""Kitchen"", ""Hangers"", ""Extra pillows and blankets"", ""Essentials"", ""Iron"", ""Heating"", ""Washer"", ""Hair dryer"", ""Long term stays allowed"", ""Hot water"", ""Dedicated workspace"", ""TV"", ""Smoke alarm"", ""Air conditioning"", ""Shampoo"", ""Elevator"", ""Host greets you"", ""Carbon monoxide alarm"", ""Wifi"", ""Cable TV"", ""Free street parking""]",Entire apartment,96.0,1,2,0.35511208310552217,135.0
32,124199,0.43,0.875,123.0,-118.40422,34.06547,2.0,2.0,Entire home/apt,"[""Stove"", ""Shower gel"", ""Dryer"", ""Bed linens"", ""Cooking basics"", ""Kitchen"", ""Hangers"", ""Extra pillows and blankets"", ""Essentials"", ""Iron"", ""Oven"", ""Heating"", ""Washer"", ""Hair dryer"", ""Long term stays allowed"", ""Patio or balcony"", ""Hot water"", ""Dedicated workspace"", ""TV"", ""Coffee maker"", ""Smoke alarm"", ""Refrigerator"", ""Microwave"", ""Air conditioning"", ""Baking sheet"", ""Shampoo"", ""Dishes and silverware"", ""Fire extinguisher"", ""Carbon monoxide alarm"", ""Private entrance"", ""Wifi"", ""Cable TV"", ""Free street parking""]",Entire apartment,96.0,2,2,0.7204301075268817,61.5
33,134553,3.63,0.4166666666666667,91.25,-118.61736,34.09728,1.0,1.0,Entire home/apt,"[""Heating"", ""Cooking basics"", ""Patio or balcony"", ""Hot water"", ""Stove"", ""Kitchen"", ""Hangers"", ""Dedicated workspace"", ""Extra pillows and blankets"", ""Dishes and silverware"", ""Keypad"", ""Coffee maker"", ""Wifi"", ""Essentials"", ""Private entrance"", ""Free parking on premises"", ""Bed linens"", ""Refrigerator"", ""Oven""]",Entire apartment,90.0,7,2,0.38964825952250776,91.25
37,165978,0.2,0.125,187.5,-118.346,34.06824,2.0,2.0,Entire home/apt,"[""Stove"", ""Dryer"", ""Bed linens"", ""Cooking basics"", ""Kitchen"", ""Hangers"", ""Essentials"", ""Iron"", ""Oven"", ""Heating"", ""Washer"", ""Hair dryer"", ""Long term stays allowed"", ""Patio or balcony"", ""Hot water"", ""Dedicated workspace"", ""Keypad"", ""TV"", ""Coffee maker"", ""Free parking on premises"", ""Smoke alarm"", ""Refrigerator"", ""Microwave"", ""Air conditioning"", ""Shampoo"", ""Dishwasher"", ""Dishes and silverware"", ""Carbon monoxide alarm"", ""Fire extinguisher"", ""Wifi"", ""Cable TV""]",Entire apartment,92.0,3,4,0.2934208128303262,93.75
50,255701,0.23,0.55,149.25,-118.32366,34.10336,2.0,4.0,Entire home/apt,"[""Dryer"", ""Cooking basics"", ""Kitchen"", ""Hangers"", ""Essentials"", ""Iron"", ""Heating"", ""Washer"", ""Hair dryer"", ""Long term stays allowed"", ""Hot water"", ""Dedicated workspace"", ""Keypad"", ""TV"", ""Free parking on premises"", ""Smoke alarm"", ""Air conditioning"", ""Dishes and silverware"", ""Fire extinguisher"", ""Carbon monoxide alarm"", ""Wifi"", ""Cable TV""]",Entire apartment,82.0,6,6,0.6167304537998907,74.625
58,295630,0.12,0.025,158.75,-118.33267,34.08597,1.0,1.0,Entire home/apt,"[""Heating"", ""Hair dryer"", ""Air conditioning"", ""Long term stays allowed"", ""Hot water"", ""Host greets you"", ""Kitchen"", ""Fire extinguisher"", ""TV"", ""Wifi"", ""Essentials"", ""Smoke alarm"", ""Cable TV"", ""Free street parking""]",Entire apartment,100.0,3,2,0.13486422453070895,158.75
67,306438,0.2,0.26666666666666666,285.0,-118.388,34.07151,2.0,2.0,Entire home/apt,"[""Heating"", ""Washer"", ""Hair dryer"", ""Air conditioning"", ""Wifi"", ""Long term stays allowed"", ""Hot water"", ""Host greets you"", ""Kitchen"", ""Fire extinguisher"", ""Free parking on premises"", ""Essentials"", ""TV"", ""Dryer"", ""Smoke alarm"", ""Cable TV"", ""Free street parking""]",Entire apartment,98.0,3,4,0.589119737561509,142.5
87,431476,0.19,0.26666666666666666,129.5,-118.32366,34.10336,1.0,2.0,Entire home/apt,"[""Stove"", ""Dryer"", ""Cooking basics"", ""Kitchen"", ""Hangers"", ""Essentials"", ""Iron"", ""Heating"", ""Washer"", ""Hair dryer"", ""Garden or backyard"", ""Long term stays allowed"", ""Patio or balcony"", ""Hot water"", ""Dedicated workspace"", ""Keypad"", ""TV"", ""Coffee maker"", ""Free parking on premises"", ""Smoke alarm"", ""Refrigerator"", ""Microwave"", ""Air conditioning"", ""Shampoo"", ""Dishes and silverware"", ""Fire extinguisher"", ""Carbon monoxide alarm"", ""Wifi"", ""Cable TV""]",Entire apartment,89.0,6,4,0.36878075451066156,129.5
88,437082,1.55,0.6833333333333333,67.5,-118.61835,34.09618,1.0,1.0,Entire home/apt,"[""Heating"", ""Cooking basics"", ""Patio or balcony"", ""Hot water"", ""Stove"", ""Kitchen"", ""Dedicated workspace"", ""Dishes and silverware"", ""Keypad"", ""Coffee maker"", ""Wifi"", ""Essentials"", ""Private entrance"", ""Free parking on premises"", ""Bed linens"", ""Refrigerator"", ""Oven""]",Entire apartment,94.0,7,2,0.43621286677601606,67.5
89,438464,5.95,0.575,105.0,-118.61728,34.09597,1.0,1.0,Entire home/apt,"[""Heating"", ""Garden or backyard"", ""Cooking basics"", ""Hot water"", ""Stove"", ""Kitchen"", ""Dishes and silverware"", ""Extra pillows and blankets"", ""Coffee maker"", ""Wifi"", ""Essentials"", ""Private entrance"", ""Free parking on premises"", ""Bed linens"", ""Refrigerator""]",Entire apartment,93.0,7,2,0.5133952979770366,105.0
104,537943,0.09,0.31666666666666665,191.5,-118.49377,34.03269,3.0,4.0,Entire home/apt,"[""Stove"", ""Dryer"", ""Bed linens"", ""Luggage dropoff allowed"", ""Cooking basics"", ""Kitchen"", ""Hangers"", ""Extra pillows and blankets"", ""Single level home"", ""Essentials"", ""Iron"", ""Oven"", ""Heating"", ""Washer"", ""Hair dryer"", ""Long term stays allowed"", ""Patio or balcony"", ""Hot water"", ""Dedicated workspace"", ""TV"", ""Coffee maker"", ""Free parking on premises"", ""Smoke alarm"", ""Refrigerator"", ""Microwave"", ""Air conditioning"", ""Indoor fireplace"", ""Dishes and silverware"", ""Dishwasher"", ""Carbon monoxide alarm"", ""Wifi"", ""Cable TV"", ""Free street parking""]",Entire apartment,100.0,3,8,0.5152177874977218,63.833333333333336
111,621233,5.75,0.55,108.5,-118.61372,34.09597,2.0,0.0,Entire home/apt,"[""Heating"", ""Garden or backyard"", ""Cooking basics"", ""Hot water"", ""Stove"", ""Kitchen"", ""Dishes and silverware"", ""Coffee maker"", ""Wifi"", ""Essentials"", ""Private entrance"", ""Free parking on premises"", ""Bed linens"", ""Refrigerator""]",Entire apartment,89.0,7,4,0.5093858210315291,54.25
126,697178,4.83,0.4666666666666667,91.75,-118.61745,34.09739,1.0,1.0,Entire home/apt,"[""Heating"", ""Garden or backyard"", ""Cooking basics"", ""Hot water"", ""Indoor fireplace"", ""Stove"", ""Microwave"", ""Kitchen"", ""Dedicated workspace"", ""Dishes and silverware"", ""Extra pillows and blankets"", ""Private entrance"", ""Wifi"", ""Essentials"", ""Free parking on premises"", ""Bed linens"", ""Refrigerator"", ""Oven""]",Entire apartment,92.0,7,2,0.4200838345179515,91.75
131,728759,0.24,0.875,166.5,-118.37166,34.03466,1.0,2.0,Entire home/apt,"[""Stove"", ""Dryer"", ""Bed linens"", ""Cooking basics"", ""First aid kit"", ""Kitchen"", ""Hangers"", ""Extra pillows and blankets"", ""Essentials"", ""Iron"", ""Oven"", ""Heating"", ""Washer"", ""Hair dryer"", ""Long term stays allowed"", ""Patio or balcony"", ""Hot water"", ""Dedicated workspace"", ""TV"", ""Coffee maker"", ""Free parking on premises"", ""Smoke alarm"", ""Refrigerator"", ""Microwave"", ""Air conditioning"", ""Shampoo"", ""Dishes and silverware"", ""Carbon monoxide alarm"", ""Private entrance"", ""Wifi"", ""Smart lock"", ""Cable TV""]",Entire apartment,97.0,2,3,0.8177510479314744,166.5
135,737444,0.1,0.30000000000000004,170.0,-118.46017,34.04974,1.0,1.0,Entire home/apt,"[""Dryer"", ""Pool"", ""Kitchen"", ""Hangers"", ""Paid parking off premises"", ""Essentials"", ""Iron"", ""Heating"", ""Washer"", ""Long term stays allowed"", ""Hot water"", ""Dedicated workspace"", ""TV"", ""Gym"", ""Free parking on premises"", ""Smoke alarm"", ""Air conditioning"", ""Shampoo"", ""Elevator"", ""Host greets you"", ""Fire extinguisher"", ""Wifi"", ""Cable TV"", ""Free street parking""]",Entire apartment,98.0,1,3,0.46090759978130125,170.0
144,764074,0.01,0.35,275.0,-118.47531,33.99339,2.0,3.0,Entire home/apt,"[""Heating"", ""Washer"", ""Hair dryer"", ""Long term stays allowed"", ""Kitchen"", ""Hangers"", ""Fire extinguisher"", ""TV"", ""Wifi"", ""Essentials"", ""Smoke alarm"", ""Iron"", ""Cable TV""]",Entire apartment,100.0,13,4,0.6777838527428467,137.5
147,776941,0.69,0.03333333333333333,136.75,-118.44851,34.0016,1.0,1.0,Entire home/apt,"[""Stove"", ""Dryer"", ""Cooking basics"", ""Kitchen"", ""Hangers"", ""Essentials"", ""Iron"", ""Oven"", ""Heating"", ""Washer"", ""Hair dryer"", ""Long term stays allowed"", ""Patio or balcony"", ""Hot water"", ""Dedicated workspace"", ""TV"", ""Smoke alarm"", ""Refrigerator"", ""Microwave"", ""Elevator"", ""Indoor fireplace"", ""Dishes and silverware"", ""Wifi"", ""Free street parking""]",Entire apartment,93.0,1,2,0.14033169309276472,136.75
150,802935,0.36,0.025,129.0,-118.34717,34.10604,1.0,1.0,Entire home/apt,"[""Stove"", ""Dryer"", ""Bed linens"", ""Pool"", ""Lockbox"", ""Cooking basics"", ""Kitchen"", ""Hangers"", ""Essentials"", ""Iron"", ""Oven"", ""Heating"", ""Washer"", ""Hair dryer"", ""Long term stays allowed"", ""Patio or balcony"", ""Hot water"", ""Dedicated workspace"", ""TV"", ""Coffee maker"", ""Free parking on premises"", ""Smoke alarm"", ""Refrigerator"", ""Microwave"", ""Air conditioning"", ""Shampoo"", ""Elevator"", ""Dishes and silverware"", ""Dishwasher"", ""Fire extinguisher"", ""Carbon monoxide alarm"", ""Wifi"", ""Hot tub""]",Entire apartment,94.0,1,3,0.1288500091124476,129.0
168,900567,0.31,0.075,106.0,-118.40051,34.02668,1.0,1.0,Entire home/apt,"[""Stove"", ""Dryer"", ""Pool"", ""Cooking basics"", ""Kitchen"", ""Hangers"", ""Essentials"", ""Iron"", ""Oven"", ""Heating"", ""Washer"", ""Long term stays allowed"", ""Hot water"", ""Dedicated workspace"", ""TV"", ""Smoke alarm"", ""Refrigerator"", ""Microwave"", ""Air conditioning"", ""Shampoo"", ""Indoor fireplace"", ""Dishes and silverware"", ""Dishwasher"", ""Wifi"", ""Hot tub"", ""Cable TV"", ""Free street parking""]",Entire apartment,92.0,1,2,0.1702205212320029,106.0
