df_21.csv
,id,reviews_per_month,demand,price,longitude,latitude,bedrooms,beds,room_type,amenities,property_type,review_scores_rating,calculated_host_listings_count,accommodates,annual_return,price_per_bedroom
183,953971,0.44,0.47500000000000003,114.75,-118.39315,34.06553,1.0,1.0,Entire home/apt,"[""Heating"", ""Hair dryer"", ""Long term stays allowed"", ""Shampoo"", ""Hot water"", ""Kitchen"", ""Hangers"", ""TV"", ""Wifi"", ""Essentials"", ""Private entrance"", ""Iron""]",Entire apartment,85.0,1,1,0.4782212502278112,114.75
187,970942,0.37,0.0,185.25,-118.36739,34.07194,1.0,1.0,Entire home/apt,"[""Paid parking on premises"", ""Stove"", ""Dryer"", ""Bed linens"", ""Lockbox"", ""Luggage dropoff allowed"", ""Cooking basics"", ""Kitchen"", ""Hangers"", ""Extra pillows and blankets"", ""Single level home"", ""Essentials"", ""Iron"", ""Oven"", ""Heating"", ""Washer"", ""Hair dryer"", ""Garden or backyard"", ""Long term stays allowed"", ""Patio or balcony"", ""Hot water"", ""Dedicated workspace"", ""TV"", ""Coffee maker"", ""Free parking on premises"", ""Smoke alarm"", ""Refrigerator"", ""Microwave"", ""Air conditioning"", ""Shampoo"", ""Dishwasher"", ""Dishes and silverware"", ""Carbon monoxide alarm"", ""Private entrance"", ""Wifi"", ""Beach essentials"", ""Cable TV"", ""Free street parking""]",Entire apartment,94.0,2,2,0.04574448696919993,185.25
197,1021820,1.59,0.008333333333333333,312.5,-118.4703,33.98955,2.0,2.0,Entire home/apt,"[""Stove"", ""Dryer"", ""Bed linens"", ""Luggage dropoff allowed"", ""Cooking basics"", ""First aid kit"", ""Kitchen"", ""Hangers"", ""Extra pillows and blankets"", ""Essentials"", ""Iron"", ""Oven"", ""Heating"", ""Washer"", ""Hair dryer"", ""Long term stays allowed"", ""Patio or balcony"", ""Hot water"", ""Dedicated workspace"", ""Keypad"", ""TV"", ""Coffee maker"", ""Free parking on premises"", ""BBQ grill"", ""Smoke alarm"", ""Refrigerator"", ""Microwave"", ""Air conditioning"", ""Shampoo"", ""Indoor fireplace"", ""Dishes and silverware"", ""Dishwasher"", ""Carbon monoxide alarm"", ""Fire extinguisher"", ""Private entrance"", ""Wifi"", ""Beach essentials"", ""Cable TV"", ""Free street parking""]",Entire apartment,94.0,14,4,0.12201567340987789,156.25
198,1025047,5.87,0.825,112.75,-118.48048,34.01188,1.0,1.0,Entire home/apt,"[""Shower gel"", ""Dryer"", ""Bed linens"", ""Luggage dropoff allowed"", ""First aid kit"", ""Hangers"", ""Extra pillows and blankets"", ""Single level home"", ""Essentials"", ""Iron"", ""Heating"", ""Washer"", ""Hair dryer"", ""Long term stays allowed"", ""Hot water"", ""Dedicated workspace"", ""Keypad"", ""TV"", ""Coffee maker"", ""Smoke alarm"", ""Refrigerator"", ""Microwave"", ""Shampoo"", ""Dishes and silverware"", ""Carbon monoxide alarm"", ""Fire extinguisher"", ""Wifi"", ""Cable TV"", ""Free street parking""]",Entire apartment,93.0,3,2,0.6672134135228722,112.75
202,1041616,0.01,0.025,113.5,-118.38659,34.07457,2.0,2.0,Entire home/apt,"[""Heating"", ""Washer"", ""Pack \u2019n Play/travel crib"", ""Air conditioning"", ""Wifi"", ""Long term stays allowed"", ""Kitchen"", ""High chair"", ""TV"", ""Dryer"", ""Free parking on premises""]",Entire apartment,80.0,2,4,0.12447603426280299,56.75
206,1079544,0.17,0.0,364.0,-118.37507,34.08449,2.0,2.0,Entire home/apt,"[""Dryer"", ""Kitchen"", ""Hangers"", ""Essentials"", ""Iron"", ""Heating"", ""Washer"", ""Hair dryer"", ""Long term stays allowed"", ""Dedicated workspace"", ""TV"", ""Free parking on premises"", ""Smoke alarm"", ""Air conditioning"", ""Shampoo"", ""Elevator"", ""Indoor fireplace"", ""Fire extinguisher"", ""Carbon monoxide alarm"", ""Wifi"", ""Cable TV""]",Entire apartment,100.0,1,3,0.04574448696919993,182.0
207,1089331,0.12,0.6416666666666666,96.0,-118.46323,33.97625,1.0,1.0,Entire home/apt,"[""Stove"", ""Dryer"", ""Bed linens"", ""Luggage dropoff allowed"", ""Cooking basics"", ""Kitchen"", ""Hangers"", ""Extra pillows and blankets"", ""Essentials"", ""Iron"", ""Oven"", ""Heating"", ""Washer"", ""Hair dryer"", ""Long term stays allowed"", ""Hot water"", ""Dedicated workspace"", ""Keypad"", ""TV"", ""Coffee maker"", ""BBQ grill"", ""Smoke alarm"", ""Refrigerator"", ""Microwave"", ""Shampoo"", ""Dishwasher"", ""Dishes and silverware"", ""Carbon monoxide alarm"", ""Ethernet connection"", ""Wifi"", ""Private entrance"", ""Beach essentials"", ""Cable TV"", ""Free street parking""]",Entire apartment,96.0,12,2,0.5221432476763258,96.0
225,1200696,0.59,0.7333333333333334,100.25,-118.35527,34.08936,1.0,1.0,Entire home/apt,"[""Heating"", ""Washer"", ""Air conditioning"", ""Long term stays allowed"", ""Kitchen"", ""TV"", ""Wifi"", ""Dryer"", ""Free parking on premises""]",Entire apartment,95.0,1,2,0.5771824312010206,100.25
247,1393501,0.01,0.20833333333333331,175.0,-118.3106,34.07118,2.0,0.0,Entire home/apt,"[""Stove"", ""Shower gel"", ""Dryer"", ""Bed linens"", ""Cooking basics"", ""First aid kit"", ""Kitchen"", ""Hangers"", ""Essentials"", ""Iron"", ""Oven"", ""Heating"", ""Washer"", ""Garden or backyard"", ""Long term stays allowed"", ""Hot water"", ""Dedicated workspace"", ""TV"", ""Coffee maker"", ""Free parking on premises"", ""Smoke alarm"", ""Refrigerator"", ""Air conditioning"", ""Shampoo"", ""Dishes and silverware"", ""Fire extinguisher"", ""Carbon monoxide alarm"", ""Wifi"", ""Cable TV""]",Entire apartment,100.0,1,3,0.38071806087115,87.5
251,1423430,0.55,0.22499999999999998,358.25,-118.3901,33.81305,1.0,1.0,Entire home/apt,"[""Stove"", ""Dryer"", ""Cooking basics"", ""Kitchen"", ""Hangers"", ""Essentials"", ""Iron"", ""Oven"", ""Heating"", ""Washer"", ""Hair dryer"", ""Garden or backyard"", ""Long term stays allowed"", ""Patio or balcony"", ""Hot water"", ""Dedicated workspace"", ""TV"", ""Coffee maker"", ""Free parking on premises"", ""Smoke alarm"", ""Refrigerator"", ""Microwave"", ""Shampoo"", ""Indoor fireplace"", ""Dishes and silverware"", ""Carbon monoxide alarm"", ""Wifi"", ""Cable TV"", ""Free street parking""]",Entire apartment,98.0,5,2,0.6101694915254238,358.25
255,1493379,2.19,0.008333333333333333,110.5,-118.27943,34.09313,1.0,1.0,Entire home/apt,"[""Stove"", ""Dryer"", ""Cooking basics"", ""Kitchen"", ""Hangers"", ""Essentials"", ""Iron"", ""Oven"", ""Heating"", ""Washer"", ""Hair dryer"", ""Long term stays allowed"", ""Hot water"", ""Dedicated workspace"", ""TV"", ""Coffee maker"", ""Smoke alarm"", ""Refrigerator"", ""Microwave"", ""Air conditioning"", ""Shampoo"", ""Host greets you"", ""Dishes and silverware"", ""Fire extinguisher"", ""Carbon monoxide alarm"", ""Wifi"", ""Free street parking""]",Entire apartment,94.0,1,2,0.09841443411700383,110.5
258,1508079,0.84,0.7833333333333333,313.75,-118.46946,33.98288,2.0,2.0,Entire home/apt,"[""Barbecue utensils"", ""Hot water kettle"", ""Beachfront"", ""Stove"", ""Dryer"", ""Bed linens"", ""Dining table"", ""Lockbox"", ""Wifi"", ""Cooking basics"", ""First aid kit"", ""Kitchen"", ""Hangers"", ""EV charger"", ""Extra pillows and blankets"", ""Single level home"", ""Essentials"", ""Paid parking garage on premises \u2013 2 spaces"", ""Iron"", ""Oven"", ""Washer"", ""Hair dryer"", ""Long term stays allowed"", ""Patio or balcony"", ""Hot water"", ""Dedicated workspace"", ""TV"", ""Coffee maker"", ""Outdoor dining area"", ""Free parking on premises"", ""Wine glasses"", ""Smoke alarm"", ""Portable fans"", ""Central heating"", ""Refrigerator"", ""Microwave"", ""Freezer"", ""Outdoor furniture"", ""Shampoo"", ""Baking sheet"", ""Indoor fireplace"", ""Pour-over coffee"", ""Toaster"", ""Dishes and silverware"", ""Clothing storage: walk-in closet"", ""Dishwasher"", ""Fire extinguisher"", ""Carbon monoxide alarm"", ""Ethernet connection"", ""Children\u2019s books and toys for ages 2-5 years old"", ""Cable TV"", ""Free street parking""]",Entire apartment,94.0,3,6,0.9178057226170949,156.875
264,1602772,1.15,0.6916666666666667,116.5,-118.18522,34.08804,,1.0,Entire home/apt,"[""Lockbox"", ""Luggage dropoff allowed"", ""Cooking basics"", ""Kitchen"", ""Hangers"", ""Essentials"", ""Iron"", ""Heating"", ""Hair dryer"", ""Garden or backyard"", ""Long term stays allowed"", ""Patio or balcony"", ""Hot water"", ""Dedicated workspace"", ""TV"", ""Coffee maker"", ""Free parking on premises"", ""Smoke alarm"", ""Refrigerator"", ""Microwave"", ""Air conditioning"", ""Shampoo"", ""Dishes and silverware"", ""Carbon monoxide alarm"", ""Wifi""]",Entire apartment,98.0,2,2,0.6092582467650811,
265,1623443,0.93,0.7666666666666666,77.0,-118.47381,33.98851,1.0,1.0,Entire home/apt,"[""Dryer"", ""Luggage dropoff allowed"", ""Cooking basics"", ""Hangers"", ""Extra pillows and blankets"", ""Essentials"", ""Iron"", ""Washer"", ""Long term stays allowed"", ""Hot water"", ""Dedicated workspace"", ""TV"", ""Smoke alarm"", ""Refrigerator"", ""Microwave"", ""Shampoo"", ""Dishes and silverware"", ""Carbon monoxide alarm"", ""Fire extinguisher"", ""Wifi"", ""Beach essentials"", ""Free street parking""]",Entire apartment,91.0,1,1,0.5046473482777474,77.0
266,1628415,2.09,0.8333333333333334,235.75,-118.88495,34.04232,1.0,2.0,Entire home/apt,"[""Stove"", ""Dryer"", ""Bed linens"", ""Pocket wifi"", ""Building staff"", ""Cooking basics"", ""Kitchen"", ""Hangers"", ""Extra pillows and blankets"", ""Essentials"", ""Iron"", ""Oven"", ""Heating"", ""Washer"", ""Hair dryer"", ""Long term stays allowed"", ""Patio or balcony"", ""Hot water"", ""Dedicated workspace"", ""TV"", ""Coffee maker"", ""Free parking on premises"", ""Smoke alarm"", ""Refrigerator"", ""Microwave"", ""Air conditioning"", ""Shampoo"", ""Dishes and silverware"", ""Fire extinguisher"", ""Carbon monoxide alarm"", ""Private entrance"", ""Wifi"", ""Cable TV""]",Entire apartment,99.0,1,4,0.8822671769637325,235.75
275,1683776,1.46,0.0,149.0,-118.35552,34.08103,1.0,1.0,Entire home/apt,"[""Heating"", ""Washer"", ""Air conditioning"", ""Long term stays allowed"", ""Kitchen"", ""TV"", ""Wifi"", ""Dryer"", ""Free parking on premises"", ""Cable TV""]",Entire apartment,97.0,1,2,0.04574448696919993,149.0
280,1691763,0.06,0.0,200.0,-118.37073,34.07388,2.0,2.0,Entire home/apt,"[""Heating"", ""Long term stays allowed"", ""Gym"", ""Kitchen"", ""TV"", ""Wifi"", ""Cable TV""]",Entire apartment,99.0,1,5,0.04574448696919993,100.0
283,1708668,0.51,0.5916666666666667,225.0,-118.41629,33.89861,2.0,3.0,Entire home/apt,"[""Stove"", ""Dryer"", ""Bed linens"", ""Cooking basics"", ""Kitchen"", ""Hangers"", ""Extra pillows and blankets"", ""Essentials"", ""Iron"", ""Oven"", ""Heating"", ""Washer"", ""Hair dryer"", ""Long term stays allowed"", ""Patio or balcony"", ""Hot water"", ""TV"", ""Coffee maker"", ""Free parking on premises"", ""Smoke alarm"", ""Refrigerator"", ""Air conditioning"", ""Dishes and silverware"", ""Dishwasher"", ""Carbon monoxide alarm"", ""Ethernet connection"", ""Wifi"", ""Private entrance"", ""Cable TV"", ""Free street parking""]",Entire apartment,99.0,3,6,0.7904137051211956,112.5
284,1712669,0.1,0.48333333333333334,264.75,-118.36169,34.06306,2.0,2.0,Entire home/apt,"[""Heating"", ""Washer"", ""Air conditioning"", ""Long term stays allowed"", ""Elevator"", ""Indoor fireplace"", ""Kitchen"", ""Wifi"", ""Dryer"", ""Smoke alarm"", ""Free parking on premises"", ""Cable TV""]",Entire apartment,90.0,2,2,0.7778385274284673,132.375
291,1741837,0.7,0.25833333333333336,149.0,-118.55276,34.04472,1.0,2.0,Entire home/apt,"[""Stove"", ""Dryer"", ""Bed linens"", ""Pool"", ""Lockbox"", ""Cooking basics"", ""Bathtub"", ""First aid kit"", ""Kitchen"", ""Hangers"", ""Extra pillows and blankets"", ""Essentials"", ""Iron"", ""Oven"", ""Heating"", ""Washer"", ""Hair dryer"", ""Long term stays allowed"", ""Hot water"", ""Dedicated workspace"", ""TV"", ""Coffee maker"", ""Free parking on premises"", ""BBQ grill"", ""Smoke alarm"", ""Refrigerator"", ""Microwave"", ""Air conditioning"", ""Shampoo"", ""Elevator"", ""Indoor fireplace"", ""Dishes and silverware"", ""Dishwasher"", ""Carbon monoxide alarm"", ""Fire extinguisher"", ""Wifi"", ""Hot tub"", ""Beach essentials"", ""Cable TV"", ""Free street parking""]",Entire apartment,98.0,1,4,0.3924731182795699,149.0
292,1742144,0.19,0.0,122.0,-118.1467,34.15136,1.0,1.0,Entire home/apt,"[""Heating"", ""Washer"", ""Hair dryer"", ""Air conditioning"", ""Wifi"", ""Shampoo"", ""Long term stays allowed"", ""Kitchen"", ""Hangers"", ""Dedicated workspace"", ""Carbon monoxide alarm"", ""Fire extinguisher"", ""Essentials"", ""TV"", ""Dryer"", ""Free parking on premises"", ""Smoke alarm"", ""Iron"", ""Cable TV""]",Entire apartment,99.0,2,2,0.04574448696919993,122.0
294,1747848,0.43,0.8833333333333333,207.5,-118.29187,33.71363,2.0,2.0,Entire home/apt,"[""Pack \u2019n Play/travel crib"", ""Stove"", ""Crib"", ""Shower gel"", ""Dryer"", ""Fireplace guards"", ""Bed linens"", ""Luggage dropoff allowed"", ""Cooking basics"", ""Table corner guards"", ""First aid kit"", ""Kitchen"", ""Hangers"", ""Extra pillows and blankets"", ""Essentials"", ""Iron"", ""Room-darkening shades"", ""Oven"", ""Heating"", ""Washer"", ""Hair dryer"", ""Baby safety gates"", ""Long term stays allowed"", ""Patio or balcony"", ""Hot water"", ""Dedicated workspace"", ""Keypad"", ""TV"", ""Coffee maker"", ""Free parking on premises"", ""Smoke alarm"", ""Refrigerator"", ""Microwave"", ""Shampoo"", ""Indoor fireplace"", ""Dishes and silverware"", ""Dishwasher"", ""Carbon monoxide alarm"", ""Fire extinguisher"", ""High chair"", ""Wifi"", ""Beach essentials"", ""Free street parking""]",Entire apartment,90.0,1,5,0.8680517587023875,103.75
299,1782340,1.22,0.23333333333333334,250.0,-118.37681,34.08858,1.0,1.0,Entire home/apt,"[""Dryer"", ""Bathtub"", ""Kitchen"", ""Hangers"", ""Essentials"", ""Iron"", ""Heating"", ""Washer"", ""Hair dryer"", ""Long term stays allowed"", ""Hot water"", ""Dedicated workspace"", ""TV"", ""Coffee maker"", ""Free parking on premises"", ""Smoke alarm"", ""Air conditioning"", ""Shampoo"", ""Elevator"", ""Dishwasher"", ""Carbon monoxide alarm"", ""Private entrance"", ""Wifi"", ""Cable TV"", ""Free street parking""]",Entire apartment,97.0,1,3,0.5005467468562056,250.0
313,1847918,0.15,0.016666666666666666,1000.0,-118.367,34.06107,2.0,2.0,Entire home/apt,"[""Heating"", ""Washer"", ""Hair dryer"", ""Air conditioning"", ""Wifi"", ""Shampoo"", ""Long term stays allowed"", ""Kitchen"", ""Hangers"", ""Dedicated workspace"", ""Carbon monoxide alarm"", ""Essentials"", ""TV"", ""Dryer"", ""Smoke alarm""]",Entire apartment,100.0,1,4,0.24047749225441953,500.0
318,1909799,2.44,0.525,224.75,-118.47103,33.98463,,1.0,Entire home/apt,"[""Heating"", ""Hair dryer"", ""Air conditioning"", ""Bed linens"", ""Shampoo"", ""Luggage dropoff allowed"", ""Hot water"", ""Hangers"", ""Carbon monoxide alarm"", ""Free parking on premises"", ""TV"", ""Wifi"", ""Essentials"", ""Refrigerator"", ""Private entrance"", ""Smoke alarm"", ""Iron"", ""Cable TV"", ""Microwave""]",Entire apartment,99.0,1,2,0.7521414251868052,
323,1961417,0.96,0.4166666666666667,156.25,-118.47933,33.99594,1.0,1.0,Entire home/apt,"[""Stove"", ""Dryer"", ""Cooking basics"", ""First aid kit"", ""Kitchen"", ""Hangers"", ""Essentials"", ""Iron"", ""Oven"", ""Heating"", ""Washer"", ""Hair dryer"", ""Long term stays allowed"", ""Hot water"", ""Dedicated workspace"", ""TV"", ""Coffee maker"", ""Smoke alarm"", ""Refrigerator"", ""Shampoo"", ""Dishes and silverware"", ""Carbon monoxide alarm"", ""Private entrance"", ""Wifi"", ""Free street parking""]",Entire apartment,96.0,1,2,0.5418261344997266,156.25
331,1995651,0.17,0.20833333333333331,269.5,-118.4123,33.97788,2.0,2.0,Entire home/apt,"[""Dryer"", ""Pool"", ""Kitchen"", ""Hangers"", ""Essentials"", ""Iron"", ""Heating"", ""Washer"", ""Hair dryer"", ""Long term stays allowed"", ""Patio or balcony"", ""Hot water"", ""Dedicated workspace"", ""TV"", ""Coffee maker"", ""Free parking on premises"", ""Gym"", ""Refrigerator"", ""Microwave"", ""Air conditioning"", ""Shampoo"", ""Elevator"", ""Indoor fireplace"", ""Dishes and silverware"", ""Wifi"", ""Hot tub"", ""Cable TV"", ""Free street parking""]",Entire apartment,97.0,2,4,0.4881538181155458,134.75
332,1997451,0.01,0.0,109.0,-118.41368,34.01732,1.0,1.0,Entire home/apt,"[""Heating"", ""Air conditioning"", ""Long term stays allowed"", ""Indoor fireplace"", ""Dedicated workspace"", ""Carbon monoxide alarm"", ""TV"", ""Wifi"", ""Smoke alarm""]",Entire apartment,100.0,1,1,0.04574448696919993,109.0
340,2062949,2.73,0.0,75.0,-118.42489,34.00189,,1.0,Entire home/apt,"[""Dryer"", ""Bed linens"", ""First aid kit"", ""Hangers"", ""Extra pillows and blankets"", ""Single level home"", ""Essentials"", ""Iron"", ""Room-darkening shades"", ""Heating"", ""Washer"", ""Hair dryer"", ""Long term stays allowed"", ""Hot water"", ""TV"", ""Smoke alarm"", ""Refrigerator"", ""Microwave"", ""Air conditioning"", ""Shampoo"", ""Host greets you"", ""Dishes and silverware"", ""Fire extinguisher"", ""Carbon monoxide alarm"", ""Wifi"", ""Cable TV"", ""Free street parking""]",Entire apartment,92.0,1,2,0.04574448696919993,
348,2127148,1.73,0.75,123.0,-118.40463,34.06624,2.0,2.0,Entire home/apt,"[""Free washer\u2013In unit"", ""Hot water kettle"", ""Clothing storage: closet"", ""Shower gel"", ""Laundromat nearby"", ""Bed linens"", ""Dining table"", ""Cleaning products"", ""Cooking basics"", ""Window AC unit"", ""Bathtub"", ""Conditioner"", ""First aid kit"", ""Kitchen"", ""Hangers"", ""Extra pillows and blankets"", ""Single level home"", ""Essentials"", ""Iron"", ""Room-darkening shades"", ""Oven"", ""Heating"", ""Hair dryer"", ""Long term stays allowed"", ""Hot water"", ""TV"", ""Coffee maker"", ""Wine glasses"", ""Portable fans"", ""Smoke alarm"", ""Refrigerator"", ""Microwave"", ""Drying rack for clothing"", ""Shampoo"", ""Baking sheet"", ""Gas stove"", ""Dedicated workspace: table, desk, and office chair"", ""Dishes and silverware"", ""Carbon monoxide alarm"", ""Fire extinguisher"", ""Private entrance"", ""Wifi"", ""Body soap"", ""Cable TV"", ""Free street parking""]",Entire apartment,97.0,2,2,0.6644796792418444,61.5
