df_21.csv
,id,reviews_per_month,demand,price,longitude,latitude,bedrooms,beds,room_type,amenities,property_type,review_scores_rating,calculated_host_listings_count,accommodates,annual_return,price_per_bedroom
356,2227679,0.46,0.5333333333333333,125.0,-118.34275,34.14619,1.0,2.0,Entire home/apt,"[""Stove"", ""Dryer"", ""Pool"", ""Kitchen"", ""Hangers"", ""Essentials"", ""Iron"", ""Oven"", ""Heating"", ""Washer"", ""Hair dryer"", ""Long term stays allowed"", ""Hot water"", ""TV"", ""Coffee maker"", ""Free parking on premises"", ""Gym"", ""Smoke alarm"", ""Refrigerator"", ""Air conditioning"", ""Shampoo"", ""Ceiling fan"", ""Host greets you"", ""Dishes and silverware"", ""Dishwasher"", ""Carbon monoxide alarm"", ""Fire extinguisher"", ""Wifi"", ""Cable TV"", ""Free street parking""]",Entire apartment,98.0,14,5,0.5488427191543649,125.0
360,2253536,0.08,0.041666666666666664,138.0,-118.40512,34.03092,1.0,0.0,Entire home/apt,"[""Heating"", ""Washer"", ""Hair dryer"", ""Air conditioning"", ""Wifi"", ""Shampoo"", ""Long term stays allowed"", ""Kitchen"", ""Hangers"", ""Free parking on premises"", ""Essentials"", ""TV"", ""Dryer"", ""Smoke alarm"", ""Iron"", ""Pool""]",Entire apartment,100.0,2,2,0.14980863860032806,138.0
367,2375030,1.86,0.18333333333333332,143.75,-118.30312,34.0964,2.0,2.0,Entire home/apt,"[""Heating"", ""Washer"", ""Hair dryer"", ""Air conditioning"", ""Wifi"", ""Shampoo"", ""Long term stays allowed"", ""Hot water"", ""Kitchen"", ""Hangers"", ""Dedicated workspace"", ""Carbon monoxide alarm"", ""Free parking on premises"", ""Essentials"", ""TV"", ""Dryer"", ""Smoke alarm"", ""Iron""]",Entire apartment,96.0,4,4,0.3132859486057955,71.875
370,2397049,0.12,0.025,185.0,-118.32357,34.10552,,1.0,Entire home/apt,"[""Dryer"", ""Bed linens"", ""Pool"", ""Pocket wifi"", ""Kitchen"", ""Hangers"", ""Extra pillows and blankets"", ""Essentials"", ""Iron"", ""Heating"", ""Washer"", ""Hair dryer"", ""Long term stays allowed"", ""Hot water"", ""Dedicated workspace"", ""TV"", ""Gym"", ""Free parking on premises"", ""Smoke alarm"", ""Air conditioning"", ""Shampoo"", ""Elevator"", ""Host greets you"", ""Wifi"", ""Hot tub"", ""Cable TV""]",Entire apartment,96.0,1,2,0.14069619099690175,
371,2413370,2.08,0.016666666666666666,1000.0,-118.26219,34.05245,,1.0,Entire home/apt,"[""Dryer"", ""Pool"", ""Kitchen"", ""Hangers"", ""Essentials"", ""Iron"", ""Heating"", ""Washer"", ""Hair dryer"", ""Long term stays allowed"", ""Dedicated workspace"", ""Keypad"", ""TV"", ""Gym"", ""Smoke alarm"", ""Breakfast"", ""Air conditioning"", ""Shampoo"", ""Elevator"", ""Carbon monoxide alarm"", ""Fire extinguisher"", ""Wifi"", ""Hot tub"", ""Cable TV""]",Entire apartment,92.0,1,2,0.24047749225441953,
389,2653811,1.13,0.0,225.0,-118.41653,33.9974,3.0,0.0,Entire home/apt,"[""Pack \u2019n Play/travel crib"", ""Crib"", ""Dryer"", ""Bed linens"", ""Luggage dropoff allowed"", ""Bathtub"", ""Kitchen"", ""Hangers"", ""Extra pillows and blankets"", ""Essentials"", ""Iron"", ""Room-darkening shades"", ""Heating"", ""Washer"", ""Hair dryer"", ""Baby bath"", ""Garden or backyard"", ""Long term stays allowed"", ""Hot water"", ""Dedicated workspace"", ""Babysitter recommendations"", ""TV"", ""Coffee maker"", ""Free parking on premises"", ""Smoke alarm"", ""Refrigerator"", ""Microwave"", ""Shampoo"", ""Dishes and silverware"", ""Carbon monoxide alarm"", ""High chair"", ""Wifi"", ""Private entrance"", ""Cable TV"", ""Free street parking""]",Entire apartment,91.0,1,8,0.04574448696919993,75.0
398,2831393,1.19,0.3583333333333333,249.0,-118.41067,33.90104,1.0,1.0,Entire home/apt,"[""Pack \u2019n Play/travel crib"", ""Stove"", ""Cooking basics"", ""Kitchen"", ""Hangers"", ""Essentials"", ""Iron"", ""Heating"", ""Hair dryer"", ""Long term stays allowed"", ""Hot water"", ""Dedicated workspace"", ""TV"", ""Coffee maker"", ""Free parking on premises"", ""Smoke alarm"", ""Refrigerator"", ""Microwave"", ""Air conditioning"", ""Shampoo"", ""Dishes and silverware"", ""Dishwasher"", ""Carbon monoxide alarm"", ""Wifi"", ""Cable TV""]",Entire apartment,99.0,2,2,0.6498997630763623,249.0
405,2948900,0.7,0.0,220.0,-118.24471,34.04574,1.0,1.0,Entire home/apt,"[""Dryer"", ""Pool"", ""First aid kit"", ""Kitchen"", ""Essentials"", ""Iron"", ""Heating"", ""Washer"", ""Hair dryer"", ""Long term stays allowed"", ""Dedicated workspace"", ""TV"", ""Gym"", ""Breakfast"", ""Smoke alarm"", ""Air conditioning"", ""Shampoo"", ""Elevator"", ""Carbon monoxide alarm"", ""Fire extinguisher"", ""Wifi""]",Entire apartment,91.0,1,3,0.04574448696919993,220.0
419,3166991,4.46,0.016666666666666666,344.0,-118.46229,33.97502,2.0,2.0,Entire home/apt,"[""Heating"", ""Bedroom comforts"", ""Hair dryer"", ""Air conditioning"", ""Smoke alarm"", ""Full kitchen"", ""Self check-in"", ""Children\u2019s dinnerware"", ""TV"", ""Wifi"", ""Free parking on premises"", ""Bathroom essentials"", ""Coffee maker"", ""Carbon monoxide alarm"", ""Fire extinguisher"", ""Iron"", ""Room-darkening shades"", ""Free street parking""]",Entire apartment,97.0,1,4,0.14962638964825953,172.0
426,3284198,3.53,0.275,487.5,-118.46783,33.98875,1.0,1.0,Entire home/apt,"[""Heating"", ""Washer"", ""Hair dryer"", ""Wifi"", ""Long term stays allowed"", ""Shampoo"", ""Kitchen"", ""Hangers"", ""Dedicated workspace"", ""Fire extinguisher"", ""Carbon monoxide alarm"", ""Essentials"", ""TV"", ""Dryer"", ""Free parking on premises"", ""Smoke alarm"", ""Iron"", ""Cable TV""]",Entire apartment,97.0,2,4,0.7931474394022234,487.5
429,3294293,0.03,0.425,185.0,-118.32752,34.10186,1.0,1.0,Entire home/apt,"[""Stove"", ""Dryer"", ""Bed linens"", ""Building staff"", ""Cooking basics"", ""First aid kit"", ""Kitchen"", ""Hangers"", ""Essentials"", ""Iron"", ""Oven"", ""Heating"", ""Washer"", ""Hair dryer"", ""Long term stays allowed"", ""Dedicated workspace"", ""TV"", ""Coffee maker"", ""Free parking on premises"", ""Smoke alarm"", ""Refrigerator"", ""Microwave"", ""Air conditioning"", ""Shampoo"", ""Elevator"", ""Dishes and silverware"", ""Dishwasher"", ""Carbon monoxide alarm"", ""Fire extinguisher"", ""Wifi""]",Entire apartment,90.0,5,3,0.6022416621104428,185.0
447,3540852,0.17,0.25833333333333336,196.5,-118.48892,34.03083,2.0,2.0,Entire home/apt,"[""Heating"", ""Washer"", ""Hair dryer"", ""Wifi"", ""Long term stays allowed"", ""Shampoo"", ""Kitchen"", ""Hangers"", ""Dedicated workspace"", ""Fire extinguisher"", ""Carbon monoxide alarm"", ""Essentials"", ""TV"", ""Dryer"", ""Free parking on premises"", ""Smoke alarm"", ""Iron"", ""Cable TV""]",Entire apartment,100.0,1,4,0.4593584836887188,98.25
461,3655176,0.17,0.45833333333333337,140.0,-118.30813,34.05657,2.0,3.0,Entire home/apt,"[""Heating"", ""Washer"", ""Hair dryer"", ""Air conditioning"", ""Wifi"", ""Shampoo"", ""Elevator"", ""Long term stays allowed"", ""Hot water"", ""Host greets you"", ""Kitchen"", ""Hangers"", ""Dedicated workspace"", ""Free parking on premises"", ""Essentials"", ""TV"", ""Dryer"", ""Smoke alarm"", ""Iron"", ""Cable TV""]",Entire apartment,94.0,1,6,0.5359030435574995,70.0
462,3668984,2.06,0.4666666666666666,144.0,-118.25271,34.08781,1.0,2.0,Entire home/apt,"[""Stove"", ""Dryer"", ""Bed linens"", ""Cooking basics"", ""First aid kit"", ""Kitchen"", ""Hangers"", ""Extra pillows and blankets"", ""Single level home"", ""Essentials"", ""Iron"", ""Oven"", ""Heating"", ""Washer"", ""Hair dryer"", ""Garden or backyard"", ""Long term stays allowed"", ""Patio or balcony"", ""Hot water"", ""Dedicated workspace"", ""TV"", ""Coffee maker"", ""Smoke alarm"", ""Refrigerator"", ""Microwave"", ""Air conditioning"", ""Indoor fireplace"", ""Dishwasher"", ""Dishes and silverware"", ""Fire extinguisher"", ""Carbon monoxide alarm"", ""Ethernet connection"", ""Wifi"", ""Free street parking""]",Entire apartment,99.0,3,4,0.5507563331510844,144.0
465,3687771,0.48,0.275,118.75,-118.53005,34.04548,1.0,2.0,Entire home/apt,"[""Stove"", ""Dryer"", ""Bed linens"", ""Cooking basics"", ""Kitchen"", ""Hangers"", ""Extra pillows and blankets"", ""Single level home"", ""Essentials"", ""Iron"", ""Heating"", ""Washer"", ""Hair dryer"", ""Long term stays allowed"", ""Patio or balcony"", ""Hot water"", ""Dedicated workspace"", ""Keypad"", ""TV"", ""Coffee maker"", ""Smoke alarm"", ""Refrigerator"", ""Microwave"", ""Shampoo"", ""Dishes and silverware"", ""Private entrance"", ""Wifi"", ""Cable TV"", ""Free street parking""]",Entire apartment,90.0,40,4,0.35556770548569344,118.75
466,3688991,0.08,0.10833333333333334,105.0,-118.31523,34.08016,1.0,1.0,Entire home/apt,"[""Heating"", ""Washer"", ""Long term stays allowed"", ""First aid kit"", ""Kitchen"", ""Carbon monoxide alarm"", ""Free parking on premises"", ""Essentials"", ""Wifi"", ""Dryer"", ""Smoke alarm""]",Entire apartment,97.0,1,1,0.1979223619464188,105.0
469,3721550,5.77,0.4666666666666667,103.25,-118.46868,33.99248,,1.0,Entire home/apt,"[""Stove"", ""Dryer"", ""Bed linens"", ""Lockbox"", ""Cooking basics"", ""First aid kit"", ""Kitchen"", ""Hangers"", ""Extra pillows and blankets"", ""Essentials"", ""Iron"", ""Heating"", ""Washer"", ""Hair dryer"", ""Long term stays allowed"", ""Patio or balcony"", ""Hot water"", ""Dedicated workspace"", ""Coffee maker"", ""Free parking on premises"", ""Smoke alarm"", ""Refrigerator"", ""Microwave"", ""Shampoo"", ""Dishes and silverware"", ""Carbon monoxide alarm"", ""Fire extinguisher"", ""Wifi"", ""Beach essentials"", ""Free street parking""]",Entire apartment,97.0,3,2,0.448332422088573,
471,3757057,2.49,0.0,88.25,-118.32858,34.00755,1.0,1.0,Entire home/apt,"[""Stove"", ""Shower gel"", ""Bed linens"", ""Cooking basics"", ""Kitchen"", ""Hangers"", ""Extra pillows and blankets"", ""Essentials"", ""Iron"", ""Oven"", ""Heating"", ""Hair dryer"", ""Long term stays allowed"", ""Hot water"", ""Dedicated workspace"", ""TV"", ""Coffee maker"", ""Smoke alarm"", ""Refrigerator"", ""Microwave"", ""Air conditioning"", ""Shampoo"", ""Dishes and silverware"", ""Carbon monoxide alarm"", ""Wifi"", ""Free street parking""]",Entire apartment,92.0,4,2,0.04574448696919993,88.25
475,3772401,0.04,0.675,120.0,-118.49415,34.00959,,1.0,Entire home/apt,"[""Paid parking on premises"", ""Stove"", ""Dryer"", ""Bed linens"", ""Building staff"", ""Cooking basics"", ""Kitchen"", ""Hangers"", ""Paid parking off premises"", ""Essentials"", ""Iron"", ""Oven"", ""Heating"", ""Washer"", ""Hair dryer"", ""Long term stays allowed"", ""Garden or backyard"", ""Patio or balcony"", ""Hot water"", ""Dedicated workspace"", ""TV"", ""Coffee maker"", ""Smoke alarm"", ""Refrigerator"", ""Microwave"", ""Dishwasher"", ""Dishes and silverware"", ""Fire extinguisher"", ""Private entrance"", ""Wifi"", ""Cable TV"", ""Free street parking""]",Entire apartment,87.0,15,2,0.611991981046109,
481,3793365,0.03,0.025,235.0,-118.36379,34.10086,1.0,1.0,Entire home/apt,"[""Heating"", ""Pool"", ""Washer"", ""Air conditioning"", ""Long term stays allowed"", ""Shampoo"", ""Kitchen"", ""Free parking on premises"", ""TV"", ""Wifi"", ""Essentials"", ""Smoke alarm"", ""Cable TV""]",Entire apartment,100.0,1,2,0.15144887916894478,235.0
486,3855260,0.77,0.6416666666666666,100.0,-118.47701,34.00052,,1.0,Entire home/apt,"[""Bed linens"", ""Keurig coffee machine"", ""Hangers"", ""Essentials"", ""Iron"", ""Heating"", ""Hair dryer"", ""Long term stays allowed"", ""Hot water"", ""Dedicated workspace"", ""Central air conditioning"", ""TV"", ""Coffee maker"", ""Free parking on premises"", ""Smoke alarm"", ""Portable fans"", ""Refrigerator"", ""Microwave"", ""Shampoo"", ""Host greets you"", ""Dishes and silverware"", ""Private entrance"", ""Wifi"", ""Cleaning before checkout"", ""Cable TV"", ""Free street parking""]",Entire apartment,95.0,1,1,0.5356296701293968,
492,3924206,0.57,0.625,90.25,-118.43514,34.04858,1.0,1.0,Entire home/apt,"[""Stove"", ""Dryer"", ""Bed linens"", ""Cooking basics"", ""Kitchen"", ""Hangers"", ""Paid parking off premises"", ""Single level home"", ""Essentials"", ""Iron"", ""Oven"", ""Heating"", ""Washer"", ""Hair dryer"", ""Long term stays allowed"", ""Hot water"", ""Dedicated workspace"", ""Keypad"", ""TV"", ""Coffee maker"", ""Free parking on premises"", ""Smoke alarm"", ""Refrigerator"", ""Microwave"", ""Air conditioning"", ""Shampoo"", ""Elevator"", ""Dishes and silverware"", ""Fire extinguisher"", ""Private entrance"", ""Wifi"", ""Cable TV"", ""Free street parking""]",Entire apartment,91.0,40,4,0.4904319300164024,90.25
493,3932334,0.54,0.6083333333333334,99.0,-118.43579,34.0483,1.0,1.0,Entire home/apt,"[""Stove"", ""Dryer"", ""Bed linens"", ""Cooking basics"", ""Kitchen"", ""Hangers"", ""Single level home"", ""Paid parking off premises"", ""Essentials"", ""Iron"", ""Oven"", ""Heating"", ""Washer"", ""Hair dryer"", ""Long term stays allowed"", ""Hot water"", ""Dedicated workspace"", ""Keypad"", ""TV"", ""Coffee maker"", ""Free parking on premises"", ""Smoke alarm"", ""Refrigerator"", ""Microwave"", ""Air conditioning"", ""Shampoo"", ""Elevator"", ""Dishes and silverware"", ""Fire extinguisher"", ""Private entrance"", ""Wifi"", ""Cable TV"", ""Free street parking""]",Entire apartment,90.0,40,4,0.512848551120831,99.0
498,4025357,0.3,0.26666666666666666,79.25,-118.4355,34.04651,,1.0,Entire home/apt,"[""Stove"", ""Dryer"", ""Bed linens"", ""Cooking basics"", ""Kitchen"", ""Hangers"", ""Single level home"", ""Paid parking off premises"", ""Essentials"", ""Iron"", ""Heating"", ""Washer"", ""Hair dryer"", ""Long term stays allowed"", ""Hot water"", ""Dedicated workspace"", ""Keypad"", ""TV"", ""Coffee maker"", ""Free parking on premises"", ""Smoke alarm"", ""Refrigerator"", ""Microwave"", ""Air conditioning"", ""Shampoo"", ""Elevator"", ""Dishes and silverware"", ""Fire extinguisher"", ""Private entrance"", ""Wifi"", ""Cable TV"", ""Free street parking""]",Entire apartment,83.0,40,2,0.2751959176234737,
502,4086241,0.49,0.7416666666666667,135.25,-118.37191,34.09181,2.0,2.0,Entire home/apt,"[""Barbecue utensils"", ""Game console"", ""Stove"", ""Record player"", ""Laundromat nearby"", ""Bed linens"", ""Lockbox"", ""Cooking basics"", ""Bathtub"", ""First aid kit"", ""Kitchen"", ""Hangers"", ""Extra pillows and blankets"", ""Single level home"", ""Essentials"", ""Iron"", ""Oven"", ""Heating"", ""Hair dryer"", ""Long term stays allowed"", ""Hot water"", ""Dedicated workspace"", ""Coffee maker"", ""Free parking on premises"", ""BBQ grill"", ""Smoke alarm"", ""Portable fans"", ""Refrigerator"", ""Microwave"", ""Freezer"", ""Air conditioning"", ""Shampoo"", ""Harmon Kardon sound system with aux"", ""Ceiling fan"", ""Dishes and silverware"", ""Dishwasher"", ""100\"" HDTV with Apple TV, Netflix"", ""Carbon monoxide alarm"", ""Private entrance"", ""Wifi"", ""Free street parking""]",Entire apartment,97.0,1,2,0.6950975031893567,67.625
505,4091470,0.18,0.8416666666666667,95.0,-118.35999,34.06058,1.0,1.0,Entire home/apt,"[""Stove"", ""Shower gel"", ""Dryer"", ""Bed linens"", ""Luggage dropoff allowed"", ""Cooking basics"", ""Bathtub"", ""Kitchen"", ""Hangers"", ""Extra pillows and blankets"", ""Essentials"", ""Iron"", ""Room-darkening shades"", ""Oven"", ""Heating"", ""Washer"", ""Long term stays allowed"", ""Hot water"", ""Dedicated workspace"", ""Coffee maker"", ""Gym"", ""Smoke alarm"", ""Refrigerator"", ""Microwave"", ""Air conditioning"", ""Shampoo"", ""Dishes and silverware"", ""Carbon monoxide alarm"", ""Wifi"", ""Hot tub"", ""Free street parking""]",Entire apartment,96.0,3,1,0.6072535082923273,95.0
506,4093959,0.34,0.5333333333333333,163.25,-118.34125,34.14639,2.0,4.0,Entire home/apt,"[""Dryer"", ""Pool"", ""Kitchen"", ""Hangers"", ""Essentials"", ""Iron"", ""Heating"", ""Washer"", ""Hair dryer"", ""Long term stays allowed"", ""Hot water"", ""Dedicated workspace"", ""TV"", ""Free parking on premises"", ""Smoke alarm"", ""Air conditioning"", ""Shampoo"", ""Host greets you"", ""Fire extinguisher"", ""Carbon monoxide alarm"", ""Wifi"", ""Cable TV"", ""Free street parking""]",Entire apartment,98.0,14,8,0.6387825770001823,81.625
510,4121097,0.53,0.55,87.5,-118.42364,33.99647,1.0,1.0,Entire home/apt,"[""Stove"", ""Dryer"", ""Kitchen"", ""Hangers"", ""Essentials"", ""Iron"", ""Oven"", ""Heating"", ""Washer"", ""Hair dryer"", ""Long term stays allowed"", ""Dedicated workspace"", ""Keypad"", ""TV"", ""Free parking on premises"", ""Smoke alarm"", ""Refrigerator"", ""Microwave"", ""Air conditioning"", ""Shampoo"", ""Dishes and silverware"", ""Carbon monoxide alarm"", ""Wifi"", ""Cable TV""]",Entire apartment,95.0,7,2,0.4473300528521961,87.5
517,4143181,4.48,0.625,123.0,-118.47438,33.99237,,1.0,Entire home/apt,"[""Bed linens"", ""Lockbox"", ""First aid kit"", ""Kitchen"", ""Hangers"", ""Extra pillows and blankets"", ""Essentials"", ""Iron"", ""Heating"", ""Hair dryer"", ""Long term stays allowed"", ""Hot water"", ""Dedicated workspace"", ""TV"", ""Coffee maker"", ""Free parking on premises"", ""Smoke alarm"", ""Refrigerator"", ""Microwave"", ""Air conditioning"", ""Shampoo"", ""Dishes and silverware"", ""Fire extinguisher"", ""Carbon monoxide alarm"", ""Private entrance"", ""Wifi"", ""Cable TV""]",Entire apartment,92.0,7,2,0.5929469655549481,
518,4171821,1.33,0.6333333333333333,185.0,-118.43143,34.05187,1.0,0.0,Entire home/apt,"[""Dryer"", ""Lockbox"", ""Bathtub"", ""First aid kit"", ""Kitchen"", ""Hangers"", ""Essentials"", ""Iron"", ""Heating"", ""Washer"", ""Hair dryer"", ""Long term stays allowed"", ""Dedicated workspace"", ""TV"", ""Free parking on premises"", ""Smoke alarm"", ""Air conditioning"", ""Shampoo"", ""Elevator"", ""Indoor fireplace"", ""Carbon monoxide alarm"", ""Fire extinguisher"", ""Wifi"", ""Hot tub"", ""Cable TV""]",Entire apartment,100.0,1,4,0.7499544377619829,185.0
