df_21.csv
,id,reviews_per_month,demand,price,longitude,latitude,bedrooms,beds,room_type,amenities,property_type,review_scores_rating,calculated_host_listings_count,accommodates,annual_return,price_per_bedroom
525,4198745,3.14,0.8416666666666667,81.25,-118.34145,34.18499,,1.0,Entire home/apt,"[""Heating"", ""Hair dryer"", ""Air conditioning"", ""Long term stays allowed"", ""Shampoo"", ""Hot water"", ""Kitchen"", ""Hangers"", ""Fire extinguisher"", ""Carbon monoxide alarm"", ""TV"", ""Wifi"", ""Essentials"", ""Smoke alarm"", ""Iron"", ""Cable TV"", ""Free street parking""]",Entire apartment,91.0,5,2,0.5560415527610716,
526,4198879,2.24,0.8583333333333334,82.75,-118.34308,34.18417,,1.0,Entire home/apt,"[""Heating"", ""Air conditioning"", ""Long term stays allowed"", ""Shampoo"", ""Kitchen"", ""Fire extinguisher"", ""TV"", ""Wifi"", ""Essentials"", ""Cable TV""]",Entire apartment,87.0,5,2,0.5673409877893202,
527,4205112,2.47,0.65,520.0,-118.67573,34.0375,1.0,2.0,Entire home/apt,"[""Beachfront"", ""Stove"", ""Shower gel"", ""Dryer"", ""Bed linens"", ""Cooking basics"", ""Kitchen"", ""Hangers"", ""Essentials"", ""Iron"", ""Oven"", ""Heating"", ""Washer"", ""Hair dryer"", ""Long term stays allowed"", ""Patio or balcony"", ""Hot water"", ""Dedicated workspace"", ""Keypad"", ""TV"", ""Coffee maker"", ""Free parking on premises"", ""Smoke alarm"", ""Refrigerator"", ""Microwave"", ""Air conditioning"", ""Shampoo"", ""Indoor fireplace"", ""Dishes and silverware"", ""Fire extinguisher"", ""Carbon monoxide alarm"", ""Private entrance"", ""Wifi"", ""Cleaning before checkout"", ""Free street parking""]",Entire apartment,94.0,9,4,0.9478767997084017,520.0
531,4227273,0.07,0.03333333333333333,175.0,-118.14145,34.16584,2.0,2.0,Entire home/apt,"[""Heating"", ""Washer"", ""Wifi"", ""Air conditioning"", ""Long term stays allowed"", ""Shampoo"", ""First aid kit"", ""Kitchen"", ""Fire extinguisher"", ""Carbon monoxide alarm"", ""Essentials"", ""TV"", ""Dryer"", ""Free parking on premises"", ""Smoke alarm"", ""Cable TV""]",Entire apartment,95.0,2,6,0.1507198833606707,87.5
533,4241558,0.01,0.0,550.0,-118.34345,34.09407,2.0,2.0,Entire home/apt,"[""Dryer"", ""Pool"", ""Kitchen"", ""Hangers"", ""Essentials"", ""Iron"", ""Heating"", ""Washer"", ""Hair dryer"", ""Long term stays allowed"", ""Dedicated workspace"", ""TV"", ""Gym"", ""Free parking on premises"", ""Smoke alarm"", ""Air conditioning"", ""Shampoo"", ""Elevator"", ""Indoor fireplace"", ""Host greets you"", ""Carbon monoxide alarm"", ""Wifi"", ""Cable TV""]",Entire apartment,100.0,20,3,0.04574448696919993,275.0
545,4325638,0.01,0.0,493.0,-118.34606,34.10004,2.0,3.0,Entire home/apt,"[""Dryer"", ""Pool"", ""Kitchen"", ""Hangers"", ""Essentials"", ""Iron"", ""Heating"", ""Washer"", ""Hair dryer"", ""Long term stays allowed"", ""Dedicated workspace"", ""TV"", ""Gym"", ""Free parking on premises"", ""Air conditioning"", ""Shampoo"", ""Elevator"", ""Indoor fireplace"", ""Host greets you"", ""Wifi"", ""Hot tub"", ""Cable TV""]",Entire apartment,80.0,20,3,0.04574448696919993,246.5
550,4371920,0.05,0.09166666666666667,190.0,-118.34513,34.10578,1.0,1.0,Entire home/apt,"[""Heating"", ""Washer"", ""Wifi"", ""Air conditioning"", ""Long term stays allowed"", ""Shampoo"", ""Kitchen"", ""Carbon monoxide alarm"", ""Free parking on premises"", ""TV"", ""Essentials"", ""Dryer"", ""Smoke alarm""]",Entire apartment,100.0,1,3,0.24749407690905778,190.0
561,4503042,0.36,0.35,375.0,-118.40765,33.88558,2.0,3.0,Entire home/apt,"[""Heating"", ""Washer"", ""Long term stays allowed"", ""First aid kit"", ""Host greets you"", ""Kitchen"", ""Carbon monoxide alarm"", ""Fire extinguisher"", ""TV"", ""Wifi"", ""Dryer"", ""Essentials"", ""Smoke alarm"", ""Free parking on premises"", ""Cable TV""]",Entire apartment,99.0,2,6,0.786404228175688,187.5
569,4607935,0.59,0.7833333333333333,159.75,-118.25238,34.15058,2.0,3.0,Entire home/apt,"[""Stove"", ""Dryer"", ""Children\u2019s books and toys"", ""Cooking basics"", ""First aid kit"", ""Kitchen"", ""Hangers"", ""Essentials"", ""Iron"", ""Oven"", ""Heating"", ""Washer"", ""Hair dryer"", ""Patio or balcony"", ""Hot water"", ""Dedicated workspace"", ""Keypad"", ""TV"", ""Coffee maker"", ""Free parking on premises"", ""Smoke alarm"", ""Refrigerator"", ""Microwave"", ""Air conditioning"", ""Shampoo"", ""Elevator"", ""Indoor fireplace"", ""Dishes and silverware"", ""Carbon monoxide alarm"", ""Wifi"", ""Free street parking""]",Entire apartment,91.0,1,5,0.7720065609622745,79.875
571,4624020,2.4,0.55,79.5,-118.4783,33.9942,1.0,1.0,Entire home/apt,"[""Heating"", ""Washer"", ""Hair dryer"", ""Wifi"", ""Long term stays allowed"", ""Shampoo"", ""Cooking basics"", ""Hot water"", ""Record player"", ""Kitchen"", ""Hangers"", ""Dedicated workspace"", ""Dishes and silverware"", ""Paid parking off premises"", ""Essentials"", ""TV"", ""Dryer"", ""Smoke alarm"", ""Iron"", ""Free street parking""]",Entire apartment,94.0,1,2,0.42555130308000727,79.5
574,4654077,0.13,0.20833333333333337,150.0,-118.23582,34.04068,,1.0,Entire home/apt,"[""Heating"", ""Pool"", ""Washer"", ""Air conditioning"", ""Long term stays allowed"", ""Shampoo"", ""Elevator"", ""Gym"", ""Kitchen"", ""Hangers"", ""Dedicated workspace"", ""TV"", ""Wifi"", ""Dryer"", ""Smoke alarm"", ""Hot tub"", ""Cable TV""]",Entire apartment,94.0,1,4,0.3480043739748496,
577,4770938,1.22,0.4583333333333333,312.0,-118.58143,34.11464,1.0,1.0,Entire home/apt,"[""Paid parking on premises"", ""Stove"", ""Shower gel"", ""Dryer"", ""Bed linens"", ""Lockbox"", ""Luggage dropoff allowed"", ""Cooking basics"", ""First aid kit"", ""Kitchen"", ""Hangers"", ""Extra pillows and blankets"", ""Essentials"", ""Iron"", ""Oven"", ""Heating"", ""Washer"", ""Hair dryer"", ""Long term stays allowed"", ""Garden or backyard"", ""Patio or balcony"", ""Hot water"", ""Dedicated workspace"", ""TV"", ""Coffee maker"", ""Free parking on premises"", ""Smoke alarm"", ""Refrigerator"", ""Microwave"", ""Air conditioning"", ""Shampoo"", ""Dishes and silverware"", ""Fire extinguisher"", ""Carbon monoxide alarm"", ""Private entrance"", ""Wifi"", ""Body soap"", ""Cable TV"", ""Free street parking""]",Entire apartment,98.0,8,2,0.8126480772735557,312.0
580,4809277,0.37,0.0,299.0,-118.35563,34.06834,2.0,2.0,Entire home/apt,"[""Heating"", ""Pool"", ""Washer"", ""Air conditioning"", ""Long term stays allowed"", ""Shampoo"", ""Elevator"", ""Breakfast"", ""Kitchen"", ""Hangers"", ""TV"", ""Wifi"", ""Dryer"", ""Essentials"", ""Free parking on premises"", ""Cable TV""]",Entire apartment,91.0,1,6,0.04574448696919993,149.5
582,4831365,0.3,0.8500000000000001,102.5,-118.34266,34.14622,,0.0,Entire home/apt,"[""Dryer"", ""Pool"", ""Kitchen"", ""Hangers"", ""Essentials"", ""Iron"", ""Heating"", ""Washer"", ""Hair dryer"", ""Long term stays allowed"", ""Hot water"", ""Dedicated workspace"", ""TV"", ""Coffee maker"", ""Free parking on premises"", ""Smoke alarm"", ""Microwave"", ""Air conditioning"", ""Shampoo"", ""Host greets you"", ""Dishes and silverware"", ""Carbon monoxide alarm"", ""Wifi"", ""Cable TV"", ""Free street parking""]",Entire apartment,97.0,14,3,0.6395115728084564,
583,4833867,0.35,0.6333333333333333,99.5,-118.33596,34.10639,1.0,1.0,Entire home/apt,"[""Dryer"", ""Bed linens"", ""Cooking basics"", ""Bathtub"", ""Kitchen"", ""Hangers"", ""Extra pillows and blankets"", ""Paid parking off premises"", ""Essentials"", ""Iron"", ""Heating"", ""Washer"", ""Hair dryer"", ""Long term stays allowed"", ""Patio or balcony"", ""Hot water"", ""Dedicated workspace"", ""TV"", ""Smoke alarm"", ""Refrigerator"", ""Air conditioning"", ""Shampoo"", ""Elevator"", ""Host greets you"", ""Dishes and silverware"", ""Carbon monoxide alarm"", ""Fire extinguisher"", ""Wifi"", ""Cable TV""]",Entire apartment,100.0,1,2,0.5297977036632039,99.5
586,4849228,0.85,0.025,169.0,-118.47002,33.99252,,1.0,Entire home/apt,"[""Heating"", ""Washer"", ""Wifi"", ""Long term stays allowed"", ""Shampoo"", ""Kitchen"", ""TV"", ""Essentials"", ""Dryer"", ""Smoke alarm""]",Entire apartment,84.0,1,2,0.13778020776380537,
587,4850511,2.69,0.7916666666666666,97.5,-118.32144,34.17851,,1.0,Entire home/apt,"[""Stove"", ""Bed linens"", ""Cooking basics"", ""Kitchen"", ""Hangers"", ""Extra pillows and blankets"", ""Essentials"", ""Iron"", ""Oven"", ""Heating"", ""Hair dryer"", ""Long term stays allowed"", ""Hot water"", ""Dedicated workspace"", ""Keypad"", ""TV"", ""Coffee maker"", ""Smoke alarm"", ""Refrigerator"", ""Microwave"", ""Air conditioning"", ""Shampoo"", ""Dishes and silverware"", ""Carbon monoxide alarm"", ""Fire extinguisher"", ""Private entrance"", ""Wifi"", ""Free street parking""]",Entire apartment,98.0,4,2,0.5955895753599417,
588,4854899,2.93,0.7083333333333333,105.0,-118.17535,33.76602,1.0,2.0,Entire home/apt,"[""Beachfront"", ""Stove"", ""Dryer"", ""Bed linens"", ""Cooking basics"", ""Kitchen"", ""Hangers"", ""Extra pillows and blankets"", ""Essentials"", ""Iron"", ""Oven"", ""Heating"", ""Washer"", ""Hair dryer"", ""Long term stays allowed"", ""Patio or balcony"", ""Hot water"", ""TV"", ""Coffee maker"", ""BBQ grill"", ""Smoke alarm"", ""Refrigerator"", ""Microwave"", ""Air conditioning"", ""Dishes and silverware"", ""Fire extinguisher"", ""Ethernet connection"", ""Wifi"", ""Cleaning before checkout"", ""Cable TV"", ""Free street parking""]",Entire apartment,85.0,1,2,0.5799161654820485,105.0
589,4861040,2.3,0.9000000000000001,132.0,-118.37426,34.06401,1.0,2.0,Entire home/apt,"[""Stove"", ""Dryer"", ""Lockbox"", ""Luggage dropoff allowed"", ""Cooking basics"", ""Kitchen"", ""Hangers"", ""Essentials"", ""Iron"", ""Oven"", ""Heating"", ""Washer"", ""Hair dryer"", ""Long term stays allowed"", ""Hot water"", ""Dedicated workspace"", ""TV"", ""Coffee maker"", ""Smoke alarm"", ""Refrigerator"", ""Microwave"", ""Air conditioning"", ""Shampoo"", ""Dishes and silverware"", ""Fire extinguisher"", ""Carbon monoxide alarm"", ""Wifi"", ""Cable TV"", ""Free street parking""]",Entire apartment,96.0,4,3,0.7540550391835247,132.0
591,4861557,0.59,0.55,110.0,-118.34551,34.10217,,1.0,Entire home/apt,"[""Stove"", ""Bed linens"", ""Luggage dropoff allowed"", ""Cleaning products"", ""Cooking basics"", ""Bathtub"", ""Conditioner"", ""Paid washer\u2013In building"", ""Wifi \u2013 100 Mbps"", ""Kitchen"", ""Hangers"", ""Extra pillows and blankets"", ""Single level home"", ""Essentials"", ""Iron"", ""Oven"", ""Hair dryer"", ""Long term stays allowed"", ""Hot water"", ""Dedicated workspace"", ""Central air conditioning"", ""TV"", ""Coffee maker"", ""Smoke alarm"", ""Paid dryer\u2013In building"", ""Central heating"", ""Refrigerator"", ""Microwave"", ""Shampoo"", ""Dishes and silverware"", ""Clothing storage: wardrobe and closet"", ""Fire extinguisher"", ""Carbon monoxide alarm"", ""Free street parking""]",Entire apartment,98.0,6,2,0.5143976672134135,
597,4917508,0.49,0.5333333333333333,125.0,-118.46879,33.98422,2.0,4.0,Entire home/apt,"[""Beachfront"", ""Stove"", ""Dryer"", ""Bed linens"", ""Lockbox"", ""Cooking basics"", ""Kitchen"", ""Hangers"", ""Extra pillows and blankets"", ""Paid parking off premises"", ""Essentials"", ""Iron"", ""Oven"", ""Heating"", ""Washer"", ""Hair dryer"", ""Long term stays allowed"", ""Hot water"", ""Dedicated workspace"", ""TV"", ""Coffee maker"", ""Smoke alarm"", ""Refrigerator"", ""Microwave"", ""Baking sheet"", ""Dishes and silverware"", ""Dishwasher"", ""Carbon monoxide alarm"", ""Private entrance"", ""Wifi"", ""Cable TV""]",Entire apartment,92.0,47,4,0.5488427191543649,62.5
599,4931470,0.11,0.5666666666666667,165.0,-118.46032,33.97839,1.0,1.0,Entire home/apt,"[""Heating"", ""Pool"", ""Washer"", ""Air conditioning"", ""Long term stays allowed"", ""Shampoo"", ""Elevator"", ""Gym"", ""Kitchen"", ""Carbon monoxide alarm"", ""TV"", ""Wifi"", ""Dryer"", ""Smoke alarm"", ""Free parking on premises"", ""Hot tub"", ""Cable TV""]",Entire apartment,94.0,1,3,0.6690359030435575,165.0
600,4932026,0.62,0.5583333333333333,226.5,-118.46537,33.98761,2.0,2.0,Entire home/apt,"[""Barbecue utensils"", ""Stove"", ""Dryer"", ""Bed linens"", ""Luggage dropoff allowed"", ""Cooking basics"", ""Bathtub"", ""Kitchen"", ""Hangers"", ""Single level home"", ""Essentials"", ""Oven"", ""Heating"", ""Washer"", ""Hair dryer"", ""Long term stays allowed"", ""Patio or balcony"", ""Hot water"", ""TV"", ""Coffee maker"", ""Free parking on premises"", ""Smoke alarm"", ""Refrigerator"", ""Microwave"", ""Air conditioning"", ""Baking sheet"", ""Dishes and silverware"", ""Dishwasher"", ""Carbon monoxide alarm"", ""Wifi"", ""Cable TV"", ""Free street parking""]",Entire apartment,99.0,2,4,0.7741935483870968,113.25
610,5038154,0.55,0.06666666666666667,475.0,-118.4663,33.9773,3.0,4.0,Entire home/apt,"[""Heating"", ""Washer"", ""Long term stays allowed"", ""Cooking basics"", ""Beachfront"", ""Patio or balcony"", ""Indoor fireplace"", ""Kitchen"", ""Dishes and silverware"", ""Refrigerator"", ""Fire extinguisher"", ""Carbon monoxide alarm"", ""TV"", ""Wifi"", ""Dryer"", ""Coffee maker"", ""Free parking on premises"", ""Smoke alarm"", ""Cable TV"", ""Microwave""]",Entire apartment,98.0,1,6,0.35155822854018587,158.33333333333334
618,5117200,5.51,0.7416666666666666,130.0,-118.59712,34.07548,,1.0,Entire home/apt,"[""Stove"", ""Cooking basics"", ""First aid kit"", ""Kitchen"", ""Hangers"", ""Essentials"", ""Iron"", ""Heating"", ""Hair dryer"", ""Long term stays allowed"", ""Patio or balcony"", ""Hot water"", ""TV"", ""Coffee maker"", ""Free parking on premises"", ""Smoke alarm"", ""Refrigerator"", ""Microwave"", ""Air conditioning"", ""Shampoo"", ""Dishes and silverware"", ""Fire extinguisher"", ""Carbon monoxide alarm"", ""Wifi"", ""Cable TV""]",Entire apartment,98.0,1,2,0.6788773464552579,
