df_21.csv
,id,reviews_per_month,demand,price,longitude,latitude,bedrooms,beds,room_type,amenities,property_type,review_scores_rating,calculated_host_listings_count,accommodates,annual_return,price_per_bedroom
24,84789,1.58,0.4083333333333333,394.0,-118.64428,34.16745,4.0,5.0,Entire home/apt,"[""Pack \u2019n Play/travel crib"", ""Stove"", ""Shower gel"", ""Dryer"", ""Bed linens"", ""Pool"", ""Children\u2019s books and toys"", ""Luggage dropoff allowed"", ""Cleaning products"", ""Cooking basics"", ""Bathtub"", ""Conditioner"", ""First aid kit"", ""Clothing storage"", ""Hangers"", ""Kitchen"", ""Extra pillows and blankets"", ""Single level home"", ""Essentials"", ""Iron"", ""Room-darkening shades"", ""Oven"", ""Heating"", ""Washer"", ""Hair dryer"", ""Garden or backyard"", ""Long term stays allowed"", ""Patio or balcony"", ""Hot water"", ""Dedicated workspace"", ""Keypad"", ""TV"", ""Coffee maker"", ""Free parking on premises"", ""BBQ grill"", ""Smoke alarm"", ""Refrigerator"", ""Microwave"", ""Drying rack for clothing"", ""Air conditioning"", ""Shampoo"", ""Indoor fireplace"", ""Safe"", ""Dishwasher"", ""Dishes and silverware"", ""Carbon monoxide alarm"", ""Fire extinguisher"", ""High chair"", ""Wifi"", ""Body soap"", ""Cable TV"", ""Free street parking""]",Entire villa,88.0,5,8,0.8388919263714234,98.5
152,818526,0.6,0.23333333333333334,2086.25,-118.81361,34.09498,2.0,2.0,Entire home/apt,"[""Barbecue utensils"", ""Stove"", ""Dryer"", ""Fireplace guards"", ""Bed linens"", ""Pool"", ""Pocket wifi"", ""Luggage dropoff allowed"", ""Cooking basics"", ""Bathtub"", ""First aid kit"", ""Kitchen"", ""Hangers"", ""Extra pillows and blankets"", ""Single level home"", ""Essentials"", ""Iron"", ""Room-darkening shades"", ""Oven"", ""Heating"", ""Washer"", ""Hair dryer"", ""Garden or backyard"", ""Long term stays allowed"", ""Patio or balcony"", ""Hot water"", ""Dedicated workspace"", ""Babysitter recommendations"", ""TV"", ""Coffee maker"", ""Gym"", ""Free parking on premises"", ""BBQ grill"", ""Smoke alarm"", ""Refrigerator"", ""Microwave"", ""Air conditioning"", ""Shampoo"", ""Baking sheet"", ""Indoor fireplace"", ""Host greets you"", ""Dishes and silverware"", ""Dishwasher"", ""Fire extinguisher"", ""Carbon monoxide alarm"", ""Ethernet connection"", ""Wifi"", ""Private entrance"", ""Cleaning before checkout"", ""Hot tub"", ""Beach essentials"", ""Cable TV""]",Entire villa,98.0,2,4,0.9732094040459267,1043.125
155,839546,0.2,0.22500000000000003,350.0,-118.20253,34.0819,3.0,3.0,Entire home/apt,"[""Heating"", ""Washer"", ""Wifi"", ""Air conditioning"", ""Long term stays allowed"", ""Shampoo"", ""Hot water"", ""First aid kit"", ""Kitchen"", ""Dedicated workspace"", ""Fire extinguisher"", ""Carbon monoxide alarm"", ""Essentials"", ""TV"", ""Dryer"", ""Ethernet connection"", ""High chair"", ""Smoke alarm"", ""Free parking on premises"", ""Pool""]",Entire villa,93.0,1,8,0.6030617823947513,116.66666666666667
178,945586,0.58,0.55,1059.0,-118.36357,34.1075,4.0,5.0,Entire home/apt,"[""Stove"", ""Dryer"", ""Bed linens"", ""Pool"", ""Luggage dropoff allowed"", ""Cooking basics"", ""First aid kit"", ""Kitchen"", ""Hangers"", ""Extra pillows and blankets"", ""Essentials"", ""Iron"", ""Oven"", ""Heating"", ""Washer"", ""Hair dryer"", ""Garden or backyard"", ""Long term stays allowed"", ""Patio or balcony"", ""Hot water"", ""Dedicated workspace"", ""TV"", ""Coffee maker"", ""Free parking on premises"", ""BBQ grill"", ""Smoke alarm"", ""Refrigerator"", ""Microwave"", ""Air conditioning"", ""Shampoo"", ""Indoor fireplace"", ""Host greets you"", ""Dishes and silverware"", ""Dishwasher"", ""Fire extinguisher"", ""Carbon monoxide alarm"", ""Ethernet connection"", ""Wifi"", ""Hot tub"", ""Cable TV"", ""Free street parking""]",Entire villa,98.0,1,7,0.981957353745216,264.75
279,1691660,0.5,0.33333333333333337,2107.0,-118.37244,34.11594,4.0,5.0,Entire home/apt,"[""Barbecue utensils"", ""Stove"", ""Shower gel"", ""Dryer"", ""Bed linens"", ""Pool"", ""Luggage dropoff allowed"", ""Cooking basics"", ""Bathtub"", ""Kitchen"", ""Hangers"", ""Extra pillows and blankets"", ""Essentials"", ""Iron"", ""Oven"", ""Heating"", ""Washer"", ""Hair dryer"", ""Long term stays allowed"", ""Garden or backyard"", ""Patio or balcony"", ""Hot water"", ""Dedicated workspace"", ""TV"", ""Coffee maker"", ""Free parking on premises"", ""BBQ grill"", ""Smoke alarm"", ""Refrigerator"", ""Microwave"", ""Air conditioning"", ""Baking sheet"", ""Shampoo"", ""Indoor fireplace"", ""Dishes and silverware"", ""Dishwasher"", ""Fire extinguisher"", ""Carbon monoxide alarm"", ""Private entrance"", ""Wifi"", ""Hot tub"", ""Cable TV""]",Entire villa,98.0,4,10,0.9881538181155458,526.75
324,1965557,0.09,0.4666666666666666,2295.25,-118.48739,34.00493,4.0,4.0,Entire home/apt,"[""Dryer"", ""Building staff"", ""First aid kit"", ""Kitchen"", ""Hangers"", ""Essentials"", ""Iron"", ""Heating"", ""Washer"", ""Hair dryer"", ""Long term stays allowed"", ""Dedicated workspace"", ""TV"", ""Free parking on premises"", ""Smoke alarm"", ""Breakfast"", ""Air conditioning"", ""Shampoo"", ""Elevator"", ""Fire extinguisher"", ""Carbon monoxide alarm"", ""Wifi"", ""Hot tub"", ""Cable TV""]",Entire villa,97.0,1,8,0.9958082741024239,573.8125
329,1993964,0.34,0.5416666666666666,998.0,-118.68604,34.08149,5.0,4.0,Entire home/apt,"[""Stove"", ""Crib"", ""Dryer"", ""Bed linens"", ""Children\u2019s books and toys"", ""Cooking basics"", ""Bathtub"", ""First aid kit"", ""Kitchen"", ""Hangers"", ""Extra pillows and blankets"", ""Changing table"", ""Essentials"", ""Iron"", ""Oven"", ""Heating"", ""Washer"", ""Hair dryer"", ""Baby bath"", ""Garden or backyard"", ""Patio or balcony"", ""Long term stays allowed"", ""Hot water"", ""Dedicated workspace"", ""TV"", ""Coffee maker"", ""Free parking on premises"", ""BBQ grill"", ""Smoke alarm"", ""Breakfast"", ""Refrigerator"", ""Microwave"", ""Air conditioning"", ""Shampoo"", ""Indoor fireplace"", ""Host greets you"", ""Dishes and silverware"", ""Dishwasher"", ""Carbon monoxide alarm"", ""Fire extinguisher"", ""Private entrance"", ""Wifi"", ""Hot tub"", ""Cable TV"", ""Free street parking""]",Entire villa,97.0,1,8,0.978494623655914,199.6
344,2076112,1.0,0.6333333333333333,1538.0,-118.36506,34.10366,5.0,5.0,Entire home/apt,"[""Barbecue utensils"", ""Stove"", ""Dryer"", ""Fireplace guards"", ""Bed linens"", ""Pool"", ""Cooking basics"", ""Bathtub"", ""Kitchen"", ""Hangers"", ""Extra pillows and blankets"", ""Essentials"", ""Iron"", ""Oven"", ""Heating"", ""Washer"", ""Hair dryer"", ""Baby safety gates"", ""Long term stays allowed"", ""Patio or balcony"", ""Hot water"", ""Dedicated workspace"", ""TV"", ""Coffee maker"", ""Free parking on premises"", ""BBQ grill"", ""Smoke alarm"", ""Refrigerator"", ""Microwave"", ""Air conditioning"", ""Shampoo"", ""Indoor fireplace"", ""Dishes and silverware"", ""Dishwasher"", ""Carbon monoxide alarm"", ""Private entrance"", ""Wifi"", ""Hot tub"", ""Beach essentials"", ""Cable TV"", ""Free street parking""]",Entire villa,95.0,2,14,0.9941680335338072,307.6
355,2227286,5.63,0.725,237.75,-118.15344,33.75965,2.0,3.0,Entire home/apt,"[""Stove"", ""Shower gel"", ""Dryer"", ""Bed linens"", ""Lockbox"", ""Cooking basics"", ""Kitchen"", ""Hangers"", ""Essentials"", ""Iron"", ""Oven"", ""Heating"", ""Washer"", ""Hair dryer"", ""Long term stays allowed"", ""Hot water"", ""Dedicated workspace"", ""TV"", ""Coffee maker"", ""Smoke alarm"", ""Refrigerator"", ""Microwave"", ""Shampoo"", ""Dishes and silverware"", ""Fire extinguisher"", ""Carbon monoxide alarm"", ""Private entrance"", ""Wifi"", ""Cable TV""]",Entire villa,87.0,3,6,0.8529250956806999,118.875
357,2228693,2.67,0.8083333333333333,424.0,-118.15124,33.76103,4.0,4.0,Entire home/apt,"[""Paid parking on premises"", ""Stove"", ""Dryer"", ""Bed linens"", ""Cooking basics"", ""Kitchen"", ""Hangers"", ""Single level home"", ""Essentials"", ""Iron"", ""Oven"", ""Heating"", ""Washer"", ""Hair dryer"", ""Garden or backyard"", ""Long term stays allowed"", ""Patio or balcony"", ""Hot water"", ""Dedicated workspace"", ""TV"", ""Coffee maker"", ""BBQ grill"", ""Smoke alarm"", ""Refrigerator"", ""Microwave"", ""Shampoo"", ""Dishes and silverware"", ""Dishwasher"", ""Carbon monoxide alarm"", ""Fire extinguisher"", ""Wifi"", ""Cable TV""]",Entire villa,88.0,3,14,0.9495170402770184,106.0
369,2380672,0.21,0.0,988.75,-118.79705,34.03631,7.0,8.0,Entire home/apt,"[""Pack \u2019n Play/travel crib"", ""Stove"", ""Shower gel"", ""Dryer"", ""Bed linens"", ""Luggage dropoff allowed"", ""Cooking basics"", ""First aid kit"", ""Kitchen"", ""Hangers"", ""Essentials"", ""Iron"", ""Oven"", ""Heating"", ""Washer"", ""Hair dryer"", ""Long term stays allowed"", ""Garden or backyard"", ""Patio or balcony"", ""Hot water"", ""Dedicated workspace"", ""TV"", ""Gym"", ""Free parking on premises"", ""Coffee maker"", ""BBQ grill"", ""Breakfast"", ""Smoke alarm"", ""Refrigerator"", ""Microwave"", ""Air conditioning"", ""Host greets you"", ""Dishwasher"", ""Dishes and silverware"", ""Carbon monoxide alarm"", ""Fire extinguisher"", ""High chair"", ""Wifi"", ""Beach essentials"", ""Cable TV""]",Entire villa,93.0,1,14,0.04574448696919993,141.25
495,3943135,1.59,0.5166666666666667,890.25,-118.74463,34.06067,3.0,3.0,Entire home/apt,"[""Full kitchen"", ""Crib"", ""Dryer"", ""Bathroom essentials"", ""Iron"", ""Heating"", ""Bedroom comforts"", ""Washer"", ""Hair dryer"", ""Garden or backyard"", ""TV"", ""Coffee maker"", ""Free parking on premises"", ""Smoke alarm"", ""Air conditioning"", ""Indoor fireplace"", ""Dishwasher"", ""Carbon monoxide alarm"", ""Fire extinguisher"", ""Wifi"", ""Beach essentials""]",Entire villa,99.0,2,4,0.9693821760524877,296.75
511,4126565,0.1,0.5166666666666667,3147.5,-118.39527,34.08843,6.0,7.0,Entire home/apt,"[""Full kitchen"", ""Dryer"", ""Pool"", ""Children\u2019s books and toys"", ""Bathroom essentials"", ""Iron"", ""Room-darkening shades"", ""Heating"", ""Bedroom comforts"", ""Washer"", ""Hair dryer"", ""TV"", ""Coffee maker"", ""Free parking on premises"", ""Smoke alarm"", ""Air conditioning"", ""Indoor fireplace"", ""Carbon monoxide alarm"", ""Fire extinguisher"", ""Wifi"", ""Free street parking""]",Entire villa,100.0,1,12,0.9981775104793147,524.5833333333334
578,4776256,0.76,0.6333333333333334,500.0,-118.75203,34.06156,2.0,4.0,Entire home/apt,"[""Stove"", ""Dryer"", ""Fireplace guards"", ""Cooking basics"", ""Bathtub"", ""First aid kit"", ""Kitchen"", ""Hangers"", ""Iron"", ""Oven"", ""Heating"", ""Washer"", ""Hair dryer"", ""Garden or backyard"", ""Patio or balcony"", ""Hot water"", ""Dedicated workspace"", ""TV"", ""Coffee maker"", ""Free parking on premises"", ""Smoke alarm"", ""Refrigerator"", ""Microwave"", ""Air conditioning"", ""Shampoo"", ""Indoor fireplace"", ""Host greets you"", ""Dishes and silverware"", ""Dishwasher"", ""Fire extinguisher"", ""Carbon monoxide alarm"", ""High chair"", ""Wifi"", ""Hot tub"", ""Cable TV"", ""Free street parking""]",Entire villa,100.0,8,8,0.9413158374339348,250.0
615,5081487,1.17,0.008333333333333333,1666.0,-118.37156,34.11782,7.0,6.0,Entire home/apt,"[""Stove"", ""Dryer"", ""Fireplace guards"", ""Bed linens"", ""Pool"", ""Pocket wifi"", ""Luggage dropoff allowed"", ""Cooking basics"", ""Bathtub"", ""First aid kit"", ""Kitchen"", ""Hangers"", ""Extra pillows and blankets"", ""Essentials"", ""Iron"", ""Oven"", ""Heating"", ""Washer"", ""Hair dryer"", ""Garden or backyard"", ""Long term stays allowed"", ""Patio or balcony"", ""Hot water"", ""Dedicated workspace"", ""TV"", ""Coffee maker"", ""Free parking on premises"", ""Smoke alarm"", ""Refrigerator"", ""Microwave"", ""Air conditioning"", ""Shampoo"", ""Indoor fireplace"", ""Dishwasher"", ""Dishes and silverware"", ""Fire extinguisher"", ""Carbon monoxide alarm"", ""Ethernet connection"", ""Wifi"", ""Private entrance"", ""Hot tub"", ""Cable TV"", ""Free street parking""]",Entire villa,97.0,3,15,0.21760524876981957,238.0
