df_21.csv
,id,reviews_per_month,demand,price,longitude,latitude,bedrooms,beds,room_type,amenities,property_type,review_scores_rating,calculated_host_listings_count,accommodates,annual_return,price_per_bedroom
57,288779,0.17,0.3416666666666667,35.0,-118.31198,34.04708,1.0,4.0,Shared room,"[""Heating"", ""Washer"", ""Wifi"", ""Long term stays allowed"", ""Kitchen"", ""Hangers"", ""Dedicated workspace"", ""Essentials"", ""TV"", ""Dryer"", ""Iron"", ""Cable TV""]",Shared room in house,89.0,19,4,0.20247858574813196,35.0
62,300323,1.33,0.0,35.0,-118.31247,34.0463,1.0,4.0,Shared room,"[""Barbecue utensils"", ""Stove"", ""Dryer"", ""Bed linens"", ""Cooking basics"", ""First aid kit"", ""Kitchen"", ""Hangers"", ""Extra pillows and blankets"", ""Essentials"", ""Iron"", ""Oven"", ""Heating"", ""Washer"", ""Hair dryer"", ""Garden or backyard"", ""Long term stays allowed"", ""Patio or balcony"", ""Hot water"", ""Dedicated workspace"", ""TV"", ""Coffee maker"", ""BBQ grill"", ""Smoke alarm"", ""Refrigerator"", ""Microwave"", ""Baking sheet"", ""Dishes and silverware"", ""Carbon monoxide alarm"", ""Fire extinguisher"", ""Ethernet connection"", ""Wifi"", ""Cable TV"", ""Free street parking""]",Shared room in house,95.0,19,4,0.04574448696919993,35.0
63,300329,0.09,0.24166666666666667,40.0,-118.31221,34.04646,1.0,2.0,Shared room,"[""Barbecue utensils"", ""Stove"", ""Dryer"", ""Bed linens"", ""Cooking basics"", ""First aid kit"", ""Kitchen"", ""Hangers"", ""Extra pillows and blankets"", ""Essentials"", ""Iron"", ""Oven"", ""Heating"", ""Washer"", ""Hair dryer"", ""Garden or backyard"", ""Long term stays allowed"", ""Patio or balcony"", ""Hot water"", ""Dedicated workspace"", ""TV"", ""Coffee maker"", ""BBQ grill"", ""Smoke alarm"", ""Refrigerator"", ""Microwave"", ""Baking sheet"", ""Dishes and silverware"", ""Fire extinguisher"", ""Carbon monoxide alarm"", ""Ethernet connection"", ""Wifi"", ""Cable TV"", ""Free street parking""]",Shared room in house,92.0,19,2,0.18197557864042282,40.0
65,300407,0.41,0.31666666666666665,35.0,-118.31397,34.04572,1.0,0.0,Shared room,"[""Barbecue utensils"", ""Stove"", ""Dryer"", ""Bed linens"", ""Cooking basics"", ""Kitchen"", ""Hangers"", ""Extra pillows and blankets"", ""Essentials"", ""Iron"", ""Oven"", ""Heating"", ""Washer"", ""Hair dryer"", ""Garden or backyard"", ""Long term stays allowed"", ""Patio or balcony"", ""Hot water"", ""Dedicated workspace"", ""TV"", ""Coffee maker"", ""BBQ grill"", ""Smoke alarm"", ""Refrigerator"", ""Microwave"", ""Baking sheet"", ""Dishes and silverware"", ""Carbon monoxide alarm"", ""Ethernet connection"", ""Wifi"", ""Cable TV"", ""Free street parking""]",Shared room in house,92.0,19,4,0.19555312556952797,35.0
68,308582,0.13,0.0,35.0,-118.3134,34.04762,1.0,4.0,Shared room,"[""Barbecue utensils"", ""Stove"", ""Dryer"", ""Bed linens"", ""Cooking basics"", ""First aid kit"", ""Kitchen"", ""Hangers"", ""Extra pillows and blankets"", ""Essentials"", ""Iron"", ""Oven"", ""Heating"", ""Washer"", ""Hair dryer"", ""Garden or backyard"", ""Long term stays allowed"", ""Patio or balcony"", ""Hot water"", ""Dedicated workspace"", ""TV"", ""Coffee maker"", ""BBQ grill"", ""Smoke alarm"", ""Refrigerator"", ""Microwave"", ""Baking sheet"", ""Dishes and silverware"", ""Fire extinguisher"", ""Carbon monoxide alarm"", ""Ethernet connection"", ""Wifi"", ""Cable TV"", ""Free street parking""]",Shared room in house,90.0,19,4,0.04574448696919993,35.0
69,308584,0.2,0.13333333333333333,35.0,-118.31347,34.04761,1.0,4.0,Shared room,"[""Barbecue utensils"", ""Stove"", ""Dryer"", ""Bed linens"", ""Cooking basics"", ""First aid kit"", ""Kitchen"", ""Hangers"", ""Extra pillows and blankets"", ""Essentials"", ""Iron"", ""Oven"", ""Heating"", ""Washer"", ""Hair dryer"", ""Garden or backyard"", ""Long term stays allowed"", ""Patio or balcony"", ""Hot water"", ""Dedicated workspace"", ""TV"", ""Coffee maker"", ""BBQ grill"", ""Smoke alarm"", ""Refrigerator"", ""Microwave"", ""Baking sheet"", ""Dishes and silverware"", ""Fire extinguisher"", ""Carbon monoxide alarm"", ""Ethernet connection"", ""Wifi"", ""Cable TV"", ""Free street parking""]",Shared room in house,93.0,19,4,0.14106068890103882,35.0
81,400478,0.35,0.23333333333333334,35.0,-118.31253,34.04595,1.0,4.0,Shared room,"[""Barbecue utensils"", ""Stove"", ""Dryer"", ""Bed linens"", ""Cooking basics"", ""Kitchen"", ""Hangers"", ""Extra pillows and blankets"", ""Essentials"", ""Iron"", ""Oven"", ""Heating"", ""Washer"", ""Hair dryer"", ""Garden or backyard"", ""Long term stays allowed"", ""Patio or balcony"", ""Hot water"", ""Dedicated workspace"", ""TV"", ""Coffee maker"", ""BBQ grill"", ""Refrigerator"", ""Microwave"", ""Baking sheet"", ""Dishes and silverware"", ""Ethernet connection"", ""Wifi"", ""Cable TV"", ""Free street parking""]",Shared room in house,95.0,19,4,0.17094951704027703,35.0
83,404691,0.26,0.0,35.0,-118.31379,34.04597,1.0,4.0,Shared room,"[""Barbecue utensils"", ""Stove"", ""Dryer"", ""Bed linens"", ""Cooking basics"", ""First aid kit"", ""Kitchen"", ""Hangers"", ""Extra pillows and blankets"", ""Essentials"", ""Iron"", ""Oven"", ""Heating"", ""Washer"", ""Hair dryer"", ""Garden or backyard"", ""Long term stays allowed"", ""Patio or balcony"", ""Hot water"", ""Dedicated workspace"", ""TV"", ""Coffee maker"", ""BBQ grill"", ""Smoke alarm"", ""Refrigerator"", ""Microwave"", ""Baking sheet"", ""Dishes and silverware"", ""Fire extinguisher"", ""Carbon monoxide alarm"", ""Ethernet connection"", ""Wifi"", ""Cable TV"", ""Free street parking""]",Shared room in house,94.0,19,4,0.04574448696919993,35.0
84,404795,0.25,0.24166666666666667,35.0,-118.31409,34.04564,1.0,4.0,Shared room,"[""Barbecue utensils"", ""Stove"", ""Dryer"", ""Bed linens"", ""Cooking basics"", ""First aid kit"", ""Kitchen"", ""Hangers"", ""Extra pillows and blankets"", ""Essentials"", ""Iron"", ""Oven"", ""Heating"", ""Washer"", ""Hair dryer"", ""Garden or backyard"", ""Long term stays allowed"", ""Patio or balcony"", ""Hot water"", ""Dedicated workspace"", ""TV"", ""Coffee maker"", ""BBQ grill"", ""Smoke alarm"", ""Refrigerator"", ""Microwave"", ""Baking sheet"", ""Dishes and silverware"", ""Fire extinguisher"", ""Carbon monoxide alarm"", ""Ethernet connection"", ""Wifi"", ""Cable TV"", ""Free street parking""]",Shared room in house,97.0,19,4,0.1734098778932021,35.0
146,776201,0.22,0.0,40.0,-118.31368,34.04567,1.0,2.0,Shared room,"[""Barbecue utensils"", ""Stove"", ""Dryer"", ""Bed linens"", ""Cooking basics"", ""First aid kit"", ""Kitchen"", ""Hangers"", ""Extra pillows and blankets"", ""Essentials"", ""Iron"", ""Oven"", ""Heating"", ""Washer"", ""Garden or backyard"", ""Long term stays allowed"", ""Patio or balcony"", ""Hot water"", ""Dedicated workspace"", ""TV"", ""Coffee maker"", ""BBQ grill"", ""Smoke alarm"", ""Refrigerator"", ""Microwave"", ""Baking sheet"", ""Dishes and silverware"", ""Carbon monoxide alarm"", ""Fire extinguisher"", ""Ethernet connection"", ""Wifi"", ""Cable TV"", ""Free street parking""]",Shared room in house,93.0,19,16,0.04574448696919993,40.0
282,1703480,1.07,0.45,33.0,-118.53645,34.21868,1.0,19.0,Shared room,"[""Paid parking on premises"", ""Dryer"", ""Cooking basics"", ""First aid kit"", ""Kitchen"", ""Hangers"", ""Essentials"", ""Iron"", ""Heating"", ""Washer"", ""Hair dryer"", ""Long term stays allowed"", ""Hot water"", ""Dedicated workspace"", ""Keypad"", ""TV"", ""Coffee maker"", ""Smoke alarm"", ""Breakfast"", ""Refrigerator"", ""Microwave"", ""Air conditioning"", ""Shampoo"", ""Indoor fireplace"", ""Dishes and silverware"", ""Fire extinguisher"", ""Carbon monoxide alarm"", ""Wifi"", ""Cable TV"", ""Free street parking""]",Shared room in house,89.0,12,5,0.2244395844723893,33.0
302,1797650,0.68,0.0,32.0,-118.53194,34.21214,1.0,6.0,Shared room,"[""Paid parking on premises"", ""Dryer"", ""First aid kit"", ""Kitchen"", ""Hangers"", ""Essentials"", ""Iron"", ""Oven"", ""Heating"", ""Washer"", ""Hair dryer"", ""Long term stays allowed"", ""Hot water"", ""Dedicated workspace"", ""Keypad"", ""TV"", ""Coffee maker"", ""Smoke alarm"", ""Breakfast"", ""Refrigerator"", ""Microwave"", ""Air conditioning"", ""Shampoo"", ""Indoor fireplace"", ""Fire extinguisher"", ""Carbon monoxide alarm"", ""Wifi"", ""Cable TV"", ""Free street parking""]",Shared room in house,91.0,12,6,0.04574448696919993,32.0
349,2127823,1.09,0.21666666666666667,31.0,-118.53155,34.21245,1.0,6.0,Shared room,"[""Paid parking on premises"", ""Dryer"", ""First aid kit"", ""Kitchen"", ""Hangers"", ""Essentials"", ""Iron"", ""Oven"", ""Heating"", ""Washer"", ""Hair dryer"", ""Long term stays allowed"", ""Hot water"", ""Dedicated workspace"", ""TV"", ""Coffee maker"", ""Smoke alarm"", ""Breakfast"", ""Refrigerator"", ""Microwave"", ""Air conditioning"", ""Shampoo"", ""Indoor fireplace"", ""Host greets you"", ""Fire extinguisher"", ""Carbon monoxide alarm"", ""Wifi"", ""Cable TV"", ""Free street parking""]",Shared room in house,93.0,12,6,0.1580098414434117,31.0
352,2184897,0.75,0.0,35.0,-118.53378,34.21633,1.0,3.0,Shared room,"[""Paid parking on premises"", ""Dryer"", ""First aid kit"", ""Kitchen"", ""Hangers"", ""Essentials"", ""Iron"", ""Heating"", ""Washer"", ""Hair dryer"", ""Long term stays allowed"", ""Hot water"", ""Dedicated workspace"", ""Keypad"", ""TV"", ""Coffee maker"", ""Smoke alarm"", ""Breakfast"", ""Refrigerator"", ""Microwave"", ""Air conditioning"", ""Shampoo"", ""Indoor fireplace"", ""Dishes and silverware"", ""Fire extinguisher"", ""Carbon monoxide alarm"", ""Wifi"", ""Cable TV"", ""Free street parking""]",Shared room in house,89.0,12,6,0.04574448696919993,35.0
366,2346712,0.67,0.25833333333333336,35.0,-118.53406,34.21461,1.0,3.0,Shared room,"[""Paid parking on premises"", ""Stove"", ""Dryer"", ""Bed linens"", ""Luggage dropoff allowed"", ""First aid kit"", ""Kitchen"", ""Hangers"", ""Extra pillows and blankets"", ""Essentials"", ""Iron"", ""Oven"", ""Heating"", ""Washer"", ""Hair dryer"", ""Long term stays allowed"", ""Hot water"", ""Dedicated workspace"", ""Keypad"", ""TV"", ""Coffee maker"", ""Smoke alarm"", ""Breakfast"", ""Refrigerator"", ""Microwave"", ""Air conditioning"", ""Shampoo"", ""Indoor fireplace"", ""Fire extinguisher"", ""Carbon monoxide alarm"", ""Ethernet connection"", ""Wifi"", ""Cable TV"", ""Free street parking""]",Shared room in house,90.0,12,9,0.17823947512301805,35.0
427,3291789,0.32,0.2916666666666667,35.0,-118.56134,34.24718,1.0,0.0,Shared room,"[""Stove"", ""Dryer"", ""Bed linens"", ""Pool"", ""Cooking basics"", ""First aid kit"", ""Kitchen"", ""Hangers"", ""Extra pillows and blankets"", ""Essentials"", ""Iron"", ""Oven"", ""Heating"", ""Washer"", ""Garden or backyard"", ""Long term stays allowed"", ""Patio or balcony"", ""Hot water"", ""Dedicated workspace"", ""TV"", ""Coffee maker"", ""Free parking on premises"", ""Smoke alarm"", ""Refrigerator"", ""Microwave"", ""Air conditioning"", ""Indoor fireplace"", ""Host greets you"", ""Dishes and silverware"", ""Dishwasher"", ""Carbon monoxide alarm"", ""Ethernet connection"", ""Wifi"", ""Hot tub"", ""Cable TV"", ""Free street parking""]",Shared room in house,95.0,6,3,0.18780754510661563,35.0
538,4267700,0.39,0.03333333333333333,35.0,-118.55975,34.24653,1.0,0.0,Shared room,"[""Heating"", ""Pool"", ""Washer"", ""Wifi"", ""Air conditioning"", ""Long term stays allowed"", ""Indoor fireplace"", ""Breakfast"", ""Kitchen"", ""Carbon monoxide alarm"", ""Free parking on premises"", ""TV"", ""Essentials"", ""Dryer"", ""Smoke alarm"", ""Hot tub"", ""Cable TV""]",Shared room in house,95.0,6,3,0.10123929287406598,35.0
77,347925,0.4,0.4083333333333334,240.0,-118.28241,34.09432,2.0,2.0,Entire home/apt,"[""Heating"", ""Washer"", ""Hair dryer"", ""Air conditioning"", ""Long term stays allowed"", ""Building staff"", ""Elevator"", ""Kitchen"", ""Hangers"", ""Fire extinguisher"", ""Carbon monoxide alarm"", ""TV"", ""Wifi"", ""Dryer"", ""Free parking on premises"", ""Smoke alarm"", ""Iron"", ""Cable TV""]",Entire loft,99.0,1,4,0.6858028066338618,120.0
97,499612,0.11,0.3166666666666667,166.0,-118.23404,34.04156,1.0,1.0,Entire home/apt,"[""Stove"", ""Dryer"", ""Bed linens"", ""Pool"", ""Lockbox"", ""Bread maker"", ""Cooking basics"", ""Bathtub"", ""Kitchen"", ""Hangers"", ""Extra pillows and blankets"", ""Paid parking off premises"", ""Single level home"", ""Essentials"", ""Iron"", ""Room-darkening shades"", ""Oven"", ""Heating"", ""Washer"", ""Hair dryer"", ""Garden or backyard"", ""Long term stays allowed"", ""Patio or balcony"", ""Hot water"", ""Dedicated workspace"", ""TV"", ""Coffee maker"", ""Free parking on premises"", ""Gym"", ""BBQ grill"", ""Smoke alarm"", ""Refrigerator"", ""Freezer"", ""Microwave"", ""Air conditioning"", ""Shampoo"", ""Elevator"", ""Dishwasher"", ""Dishes and silverware"", ""Carbon monoxide alarm"", ""Wifi"", ""Cleaning before checkout"", ""Hot tub"", ""Free street parking""]",Entire loft,97.0,1,2,0.4689265536723164,166.0
163,868801,1.92,0.9166666666666667,136.25,-118.47174,34.01205,1.0,0.0,Entire home/apt,"[""Stove"", ""Cooking basics"", ""First aid kit"", ""Kitchen"", ""Hangers"", ""Essentials"", ""Iron"", ""Heating"", ""Hair dryer"", ""Long term stays allowed"", ""Hot water"", ""Dedicated workspace"", ""Keypad"", ""TV"", ""Coffee maker"", ""Free parking on premises"", ""Smoke alarm"", ""Shampoo"", ""Dishes and silverware"", ""Carbon monoxide alarm"", ""Wifi"", ""Cable TV"", ""Free street parking""]",Entire loft,99.0,1,2,0.7703663203936577,136.25
185,962768,0.21,0.0,120.0,-118.26271,34.04204,2.0,2.0,Entire home/apt,"[""Stove"", ""Dryer"", ""Bed linens"", ""Cooking basics"", ""Bathtub"", ""Kitchen"", ""Hangers"", ""Extra pillows and blankets"", ""Essentials"", ""Iron"", ""Oven"", ""Heating"", ""Washer"", ""Hair dryer"", ""Long term stays allowed"", ""Patio or balcony"", ""Hot water"", ""Dedicated workspace"", ""TV"", ""Coffee maker"", ""Free parking on premises"", ""Smoke alarm"", ""Refrigerator"", ""Microwave"", ""Air conditioning"", ""Elevator"", ""Dishes and silverware"", ""Dishwasher"", ""Carbon monoxide alarm"", ""Fire extinguisher"", ""Wifi"", ""Cable TV"", ""Free street parking""]",Entire loft,100.0,2,4,0.04574448696919993,60.0
269,1637056,1.42,0.15833333333333333,238.25,-118.36604,34.06196,1.0,1.0,Entire home/apt,"[""Stove"", ""Bed linens"", ""Luggage dropoff allowed"", ""Cooking basics"", ""First aid kit"", ""Kitchen"", ""Hangers"", ""Extra pillows and blankets"", ""Essentials"", ""Iron"", ""Oven"", ""Heating"", ""Hair dryer"", ""Long term stays allowed"", ""Garden or backyard"", ""Hot water"", ""Dedicated workspace"", ""TV"", ""Coffee maker"", ""Free parking on premises"", ""Smoke alarm"", ""Refrigerator"", ""Microwave"", ""Air conditioning"", ""Shampoo"", ""Host greets you"", ""Dishes and silverware"", ""Carbon monoxide alarm"", ""Private entrance"", ""Wifi"", ""Cable TV""]",Entire loft,100.0,1,2,0.38891926371423363,238.25
297,1759701,2.55,0.7083333333333333,159.0,-118.24314,34.05257,1.0,1.0,Entire home/apt,"[""Heating"", ""Hair dryer"", ""Air conditioning"", ""Long term stays allowed"", ""Shampoo"", ""Hot water"", ""Gym"", ""Kitchen"", ""Dedicated workspace"", ""Hangers"", ""Fire extinguisher"", ""TV"", ""Wifi"", ""Essentials"", ""Smoke alarm"", ""Breakfast"", ""Hot tub"", ""Iron"", ""Pool""]",Entire loft,93.0,2,2,0.736103517404775,159.0
298,1759806,2.96,0.19166666666666668,139.0,-118.25704,34.04667,1.0,1.0,Entire home/apt,"[""Heating"", ""Pool"", ""Washer"", ""Hair dryer"", ""Air conditioning"", ""Wifi"", ""Shampoo"", ""Elevator"", ""Long term stays allowed"", ""Gym"", ""Host greets you"", ""Kitchen"", ""Hangers"", ""Dedicated workspace"", ""Essentials"", ""TV"", ""Dryer"", ""Hot tub"", ""Iron"", ""Cable TV""]",Entire loft,92.0,2,2,0.31510843812648076,139.0
338,2051484,0.06,0.0,229.0,-118.25195,34.04736,2.0,2.0,Entire home/apt,"[""Washer"", ""Hair dryer"", ""Air conditioning"", ""Paid parking on premises"", ""Long term stays allowed"", ""Elevator"", ""Hot water"", ""Gym"", ""Host greets you"", ""Kitchen"", ""Hangers"", ""Paid parking off premises"", ""TV"", ""Wifi"", ""Dryer"", ""Hot tub"", ""Pool""]",Entire loft,90.0,2,4,0.04574448696919993,114.5
464,3685300,0.15,0.45,444.5,-118.37146,34.07634,2.0,2.0,Entire home/apt,"[""Stove"", ""Shower gel"", ""Dryer"", ""Bed linens"", ""Lockbox"", ""Cooking basics"", ""First aid kit"", ""EV charger"", ""Kitchen"", ""Hangers"", ""Essentials"", ""Iron"", ""Oven"", ""Heating"", ""Washer"", ""Hair dryer"", ""Long term stays allowed"", ""Patio or balcony"", ""Hot water"", ""Dedicated workspace"", ""TV"", ""Coffee maker"", ""Free parking on premises"", ""BBQ grill"", ""Smoke alarm"", ""Refrigerator"", ""Microwave"", ""Air conditioning"", ""Shampoo"", ""Indoor fireplace"", ""Dishwasher"", ""Dishes and silverware"", ""Fire extinguisher"", ""Carbon monoxide alarm"", ""Wifi""]",Entire loft,100.0,1,4,0.885912156005103,222.25
560,4470174,0.04,0.0,550.0,-118.47835,33.99757,2.0,2.0,Entire home/apt,"[""Stove"", ""Dryer"", ""Bed linens"", ""Cooking basics"", ""Bathtub"", ""First aid kit"", ""Kitchen"", ""Hangers"", ""Extra pillows and blankets"", ""Single level home"", ""Essentials"", ""Iron"", ""Room-darkening shades"", ""Oven"", ""Heating"", ""Washer"", ""Hair dryer"", ""Long term stays allowed"", ""Patio or balcony"", ""Hot water"", ""Dedicated workspace"", ""TV"", ""Coffee maker"", ""Free parking on premises"", ""Smoke alarm"", ""Refrigerator"", ""Microwave"", ""Air conditioning"", ""Shampoo"", ""Dishwasher"", ""Dishes and silverware"", ""Carbon monoxide alarm"", ""Ethernet connection"", ""Wifi"", ""Private entrance"", ""Cable TV""]",Entire loft,100.0,11,6,0.04574448696919993,275.0
