df_21.csv
,id,reviews_per_month,demand,price,longitude,latitude,bedrooms,beds,room_type,amenities,property_type,review_scores_rating,calculated_host_listings_count,accommodates,annual_return,price_per_bedroom
79,361703,4.21,0.7333333333333334,75.25,-118.37772,34.09099,1.0,1.0,Private room,"[""Dryer"", ""Bed linens"", ""Pool"", ""Luggage dropoff allowed"", ""First aid kit"", ""Hangers"", ""Extra pillows and blankets"", ""Essentials"", ""Iron"", ""Heating"", ""Washer"", ""Hair dryer"", ""Hot water"", ""Lock on bedroom door"", ""Dedicated workspace"", ""TV"", ""Coffee maker"", ""Smoke alarm"", ""Refrigerator"", ""Microwave"", ""Air conditioning"", ""Shampoo"", ""Host greets you"", ""Dishes and silverware"", ""Carbon monoxide alarm"", ""Fire extinguisher"", ""Ethernet connection"", ""Wifi"", ""Cable TV"", ""Free street parking""]",Private room in condominium,97.0,1,2,0.48204847822125024,75.25
219,1160233,0.32,0.025,64.0,-118.18616,34.09764,1.0,1.0,Private room,"[""Dryer"", ""Pool"", ""Kitchen"", ""Hangers"", ""Essentials"", ""Iron"", ""Heating"", ""Washer"", ""Hair dryer"", ""Long term stays allowed"", ""Hot water"", ""Dedicated workspace"", ""TV"", ""Gym"", ""Smoke alarm"", ""Breakfast"", ""Air conditioning"", ""Shampoo"", ""Elevator"", ""Indoor fireplace"", ""Dishes and silverware"", ""Carbon monoxide alarm"", ""Wifi"", ""Hot tub"", ""Cable TV"", ""Free street parking""]",Private room in condominium,90.0,1,2,0.10862037543284127,64.0
330,1995488,1.62,0.7333333333333333,110.0,-118.48995,34.03681,1.0,1.0,Private room,"[""Dryer"", ""Cooking basics"", ""Kitchen"", ""Hangers"", ""Essentials"", ""Iron"", ""Heating"", ""Washer"", ""Hair dryer"", ""Long term stays allowed"", ""Hot water"", ""Lock on bedroom door"", ""Dedicated workspace"", ""TV"", ""Coffee maker"", ""Free parking on premises"", ""Smoke alarm"", ""Refrigerator"", ""Shampoo"", ""Dishwasher"", ""Dishes and silverware"", ""Private entrance"", ""Wifi"", ""Free street parking""]",Private room in condominium,94.0,1,2,0.6105339894295608,110.0
351,2134400,1.72,0.0,200.0,-118.45889,34.18569,1.0,1.0,Private room,"[""Heating"", ""Washer"", ""Hair dryer"", ""Air conditioning"", ""Long term stays allowed"", ""Shampoo"", ""Indoor fireplace"", ""Gym"", ""Kitchen"", ""Hangers"", ""Dedicated workspace"", ""Carbon monoxide alarm"", ""Fire extinguisher"", ""Essentials"", ""Wifi"", ""Dryer"", ""Free parking on premises"", ""Smoke alarm"", ""Iron"", ""Pool""]",Private room in condominium,97.0,1,2,0.04574448696919993,200.0
374,2473808,0.37,0.48333333333333334,83.0,-118.39215,34.07627,1.0,1.0,Private room,"[""Heating"", ""Hair dryer"", ""Air conditioning"", ""Long term stays allowed"", ""Elevator"", ""Hot water"", ""Indoor fireplace"", ""Host greets you"", ""Hangers"", ""Free parking on premises"", ""TV"", ""Essentials"", ""Smoke alarm""]",Private room in condominium,87.0,1,1,0.40295243302351014,83.0
456,3625389,1.01,0.4583333333333333,51.25,-118.37737,33.97771,1.0,1.0,Private room,"[""Stove"", ""Dryer"", ""Pool"", ""Luggage dropoff allowed"", ""Cooking basics"", ""First aid kit"", ""Kitchen"", ""Single level home"", ""Essentials"", ""Oven"", ""Heating"", ""Washer"", ""Hair dryer"", ""Patio or balcony"", ""Hot water"", ""Lock on bedroom door"", ""TV"", ""Coffee maker"", ""BBQ grill"", ""Smoke alarm"", ""Refrigerator"", ""Microwave"", ""Shampoo"", ""Indoor fireplace"", ""Host greets you"", ""Dishwasher"", ""Dishes and silverware"", ""Fire extinguisher"", ""Carbon monoxide alarm"", ""Wifi"", ""Beach essentials"", ""Cable TV"", ""Free street parking""]",Private room in condominium,99.0,4,2,0.2937853107344633,51.25
508,4116697,4.25,0.18333333333333332,125.0,-118.47718,33.99277,1.0,1.0,Private room,"[""Stove"", ""Dryer"", ""Cooking basics"", ""Kitchen"", ""Essentials"", ""Oven"", ""Washer"", ""Hair dryer"", ""Garden or backyard"", ""Long term stays allowed"", ""Patio or balcony"", ""Hot water"", ""TV"", ""Coffee maker"", ""Free parking on premises"", ""Smoke alarm"", ""Refrigerator"", ""Microwave"", ""Elevator"", ""Indoor fireplace"", ""Dishes and silverware"", ""Dishwasher"", ""Wifi"", ""Cable TV""]",Private room in condominium,99.0,1,2,0.2887734645525788,125.0
528,4211269,2.03,0.24166666666666667,115.5,-118.5665,34.04331,1.0,1.0,Private room,"[""Beachfront"", ""Dryer"", ""Bed linens"", ""Lockbox"", ""Pocket wifi"", ""Luggage dropoff allowed"", ""First aid kit"", ""Kitchen"", ""Hangers"", ""Extra pillows and blankets"", ""Essentials"", ""Iron"", ""Heating"", ""Washer"", ""Hair dryer"", ""Garden or backyard"", ""Long term stays allowed"", ""Hot water"", ""Dedicated workspace"", ""TV"", ""Coffee maker"", ""Free parking on premises"", ""Smoke alarm"", ""Refrigerator"", ""Microwave"", ""Shampoo"", ""Dishwasher"", ""Dishes and silverware"", ""Fire extinguisher"", ""Carbon monoxide alarm"", ""High chair"", ""Wifi"", ""Cable TV""]",Private room in condominium,96.0,2,2,0.32330964096956444,115.5
540,4271795,0.14,0.0,200.0,-118.3721,34.08733,1.0,0.0,Private room,"[""Stove"", ""Dryer"", ""Pool"", ""Building staff"", ""Cooking basics"", ""Kitchen"", ""Hangers"", ""Essentials"", ""Iron"", ""Oven"", ""Heating"", ""Washer"", ""Hair dryer"", ""Long term stays allowed"", ""Patio or balcony"", ""Hot water"", ""Dedicated workspace"", ""TV"", ""Gym"", ""Free parking on premises"", ""Smoke alarm"", ""Refrigerator"", ""Microwave"", ""Air conditioning"", ""Shampoo"", ""Elevator"", ""Indoor fireplace"", ""Dishes and silverware"", ""Carbon monoxide alarm"", ""Wifi"", ""Hot tub"", ""Cable TV""]",Private room in condominium,100.0,2,1,0.04574448696919993,200.0
551,4376861,0.35,0.35000000000000003,78.75,-118.43929,34.06101,1.0,0.0,Private room,"[""Stove"", ""Dryer"", ""Cooking basics"", ""Kitchen"", ""Hangers"", ""Essentials"", ""Oven"", ""Heating"", ""Washer"", ""Long term stays allowed"", ""Patio or balcony"", ""Hot water"", ""Lock on bedroom door"", ""Dedicated workspace"", ""Keypad"", ""TV"", ""Coffee maker"", ""Free parking on premises"", ""Smoke alarm"", ""Refrigerator"", ""Microwave"", ""Air conditioning"", ""Shampoo"", ""Elevator"", ""Dishwasher"", ""Dishes and silverware"", ""Fire extinguisher"", ""Carbon monoxide alarm"", ""Wifi""]",Private room in condominium,96.0,1,1,0.32075815564060506,78.75
566,4566972,0.37,0.0,199.0,-117.92321,34.14582,1.0,1.0,Private room,"[""Stove"", ""Dryer"", ""Pool"", ""Cooking basics"", ""Kitchen"", ""Hangers"", ""Essentials"", ""Iron"", ""Oven"", ""Heating"", ""Washer"", ""Hair dryer"", ""Long term stays allowed"", ""Dedicated workspace"", ""TV"", ""Coffee maker"", ""Free parking on premises"", ""Smoke alarm"", ""Refrigerator"", ""Microwave"", ""Air conditioning"", ""Shampoo"", ""Host greets you"", ""Dishwasher"", ""Dishes and silverware"", ""Carbon monoxide alarm"", ""Wifi"", ""Cable TV""]",Private room in condominium,92.0,1,2,0.04574448696919993,199.0
616,5108359,0.05,0.0,27.0,-118.14582,34.05468,1.0,2.0,Private room,"[""Heating"", ""Washer"", ""Long term stays allowed"", ""Kitchen"", ""Essentials"", ""Wifi"", ""Dryer"", ""Pool""]",Private room in condominium,87.0,3,1,0.04574448696919993,27.0
