df_21.csv
,id,reviews_per_month,demand,price,longitude,latitude,bedrooms,beds,room_type,amenities,property_type,review_scores_rating,calculated_host_listings_count,accommodates,annual_return,price_per_bedroom
102,527222,0.14,0.6416666666666666,161.5,-118.49377,34.03269,2.0,3.0,Entire home/apt,"[""Stove"", ""Crib"", ""Dryer"", ""Bed linens"", ""Lockbox"", ""Children\u2019s books and toys"", ""Luggage dropoff allowed"", ""Cooking basics"", ""Bathtub"", ""Table corner guards"", ""Kitchen"", ""Hangers"", ""Extra pillows and blankets"", ""Essentials"", ""Iron"", ""Room-darkening shades"", ""Oven"", ""Heating"", ""Washer"", ""Hair dryer"", ""Baby safety gates"", ""Garden or backyard"", ""Long term stays allowed"", ""Patio or balcony"", ""Hot water"", ""Dedicated workspace"", ""TV"", ""Coffee maker"", ""Free parking on premises"", ""BBQ grill"", ""Smoke alarm"", ""Refrigerator"", ""Microwave"", ""Air conditioning"", ""Dishes and silverware"", ""Dishwasher"", ""Carbon monoxide alarm"", ""Fire extinguisher"", ""Private entrance"", ""Wifi"", ""Cable TV"", ""Free street parking""]",Entire condominium,92.0,3,8,0.7071259340258793,80.75
109,598240,0.32,0.19166666666666665,297.5,-118.39582,33.85646,2.0,3.0,Entire home/apt,"[""Stove"", ""Dryer"", ""Bed linens"", ""Pool"", ""Luggage dropoff allowed"", ""Cooking basics"", ""First aid kit"", ""Kitchen"", ""Hangers"", ""Extra pillows and blankets"", ""Single level home"", ""Essentials"", ""Iron"", ""Oven"", ""Heating"", ""Washer"", ""Hair dryer"", ""Long term stays allowed"", ""Patio or balcony"", ""Hot water"", ""Dedicated workspace"", ""Keypad"", ""TV"", ""Coffee maker"", ""Free parking on premises"", ""BBQ grill"", ""Smoke alarm"", ""Breakfast"", ""Refrigerator"", ""Microwave"", ""Shampoo"", ""Indoor fireplace"", ""Dishes and silverware"", ""Dishwasher"", ""Carbon monoxide alarm"", ""Private entrance"", ""Wifi"", ""Hot tub"", ""Beach essentials"", ""Cable TV""]",Entire condominium,97.0,1,8,0.4938946601057044,148.75
176,939688,0.9,0.35,1380.0,-118.74458,34.03284,3.0,3.0,Entire home/apt,"[""Pack \u2019n Play/travel crib"", ""Beachfront"", ""Stove"", ""Crib"", ""Dryer"", ""Fireplace guards"", ""Bed linens"", ""Lockbox"", ""Pocket wifi"", ""Cooking basics"", ""Bathtub"", ""First aid kit"", ""Kitchen"", ""Hangers"", ""Extra pillows and blankets"", ""Essentials"", ""Iron"", ""Oven"", ""Heating"", ""Washer"", ""Hair dryer"", ""Waterfront"", ""Long term stays allowed"", ""Patio or balcony"", ""Hot water"", ""Dedicated workspace"", ""TV"", ""Coffee maker"", ""Free parking on premises"", ""Smoke alarm"", ""Refrigerator"", ""Microwave"", ""Air conditioning"", ""Shampoo"", ""Indoor fireplace"", ""Dishwasher"", ""Dishes and silverware"", ""Carbon monoxide alarm"", ""Ethernet connection"", ""Wifi"", ""Hot tub"", ""Cable TV""]",Entire condominium,97.0,1,6,0.9722981592855842,460.0
191,978823,0.35,0.4166666666666667,232.0,-118.20367,33.79157,2.0,4.0,Entire home/apt,"[""Hot water kettle"", ""Outlet covers"", ""Stove"", ""Crib"", ""Shower gel"", ""Dryer"", ""Bed linens"", ""Wifi"", ""Luggage dropoff allowed"", ""Cleaning products"", ""Cooking basics"", ""Bathtub"", ""Conditioner"", ""First aid kit"", ""Kitchen"", ""Hangers"", ""Extra pillows and blankets"", ""Essentials"", ""Rice maker"", ""Iron"", ""Room-darkening shades"", ""Oven"", ""Heating"", ""Washer"", ""Hair dryer"", ""Baby bath"", ""Garden or backyard"", ""Patio or balcony"", ""Long term stays allowed"", ""Hot water"", ""Dedicated workspace"", ""Babysitter recommendations"", ""TV"", ""Coffee maker"", ""Free parking on premises"", ""Portable fans"", ""Smoke alarm"", ""Refrigerator"", ""Microwave"", ""Air conditioning"", ""Shampoo"", ""Baking sheet"", ""Ceiling fan"", ""Host greets you"", ""Dishwasher"", ""Dishes and silverware"", ""Fire extinguisher"", ""Carbon monoxide alarm"", ""Ethernet connection"", ""High chair"", ""Private entrance"", ""Cleaning before checkout"", ""Free street parking""]",Entire condominium,98.0,7,8,0.6799708401676691,116.0
273,1669744,0.69,0.8333333333333334,157.75,-118.34192,34.1109,2.0,2.0,Entire home/apt,"[""Pack \u2019n Play/travel crib"", ""Stove"", ""Dryer"", ""Cooking basics"", ""Kitchen"", ""Hangers"", ""Essentials"", ""Iron"", ""Oven"", ""Heating"", ""Washer"", ""Hair dryer"", ""Long term stays allowed"", ""Hot water"", ""Dedicated workspace"", ""Keypad"", ""TV"", ""Coffee maker"", ""Smoke alarm"", ""Refrigerator"", ""Microwave"", ""Air conditioning"", ""Shampoo"", ""Dishes and silverware"", ""Fire extinguisher"", ""Carbon monoxide alarm"", ""Wifi"", ""Cable TV"", ""Free street parking""]",Entire condominium,94.0,1,4,0.7871332239839621,78.875
301,1789845,0.23,0.21666666666666667,292.5,-118.18747,33.77228,2.0,5.0,Entire home/apt,"[""Hot water kettle"", ""Stove"", ""Crib"", ""Shower gel"", ""Dryer"", ""Bed linens"", ""Wifi"", ""Luggage dropoff allowed"", ""Cleaning products"", ""Cooking basics"", ""Bathtub"", ""Conditioner"", ""First aid kit"", ""Clothing storage"", ""Hangers"", ""Kitchen"", ""Extra pillows and blankets"", ""Single level home"", ""Changing table"", ""Essentials"", ""Iron"", ""Room-darkening shades"", ""Oven"", ""Heating"", ""Washer"", ""Hair dryer"", ""Baby bath"", ""Long term stays allowed"", ""Hot water"", ""Dedicated workspace"", ""TV"", ""Coffee maker"", ""Free parking on premises"", ""Portable fans"", ""Smoke alarm"", ""Refrigerator"", ""Microwave"", ""Air conditioning"", ""Shampoo"", ""Baking sheet"", ""Ceiling fan"", ""Safe"", ""Host greets you"", ""Dishes and silverware"", ""Dishwasher"", ""Carbon monoxide alarm"", ""Fire extinguisher"", ""Ethernet connection"", ""High chair"", ""Private entrance"", ""Cleaning before checkout"", ""Cable TV"", ""Free street parking""]",Entire condominium,100.0,7,9,0.5308911973756151,146.25
350,2128029,0.51,0.7833333333333333,329.25,-118.46702,33.98217,2.0,3.0,Entire home/apt,"[""Stove"", ""Dryer"", ""Bed linens"", ""Cooking basics"", ""First aid kit"", ""Kitchen"", ""Hangers"", ""Extra pillows and blankets"", ""Essentials"", ""Iron"", ""Oven"", ""Heating"", ""Washer"", ""Hair dryer"", ""Long term stays allowed"", ""Patio or balcony"", ""Hot water"", ""Dedicated workspace"", ""Keypad"", ""TV"", ""Coffee maker"", ""Free parking on premises"", ""BBQ grill"", ""Smoke alarm"", ""Refrigerator"", ""Microwave"", ""Air conditioning"", ""Shampoo"", ""Indoor fireplace"", ""Dishwasher"", ""Dishes and silverware"", ""Carbon monoxide alarm"", ""Fire extinguisher"", ""Ethernet connection"", ""Wifi"", ""Private entrance"", ""Cable TV"", ""Free street parking""]",Entire condominium,96.0,2,6,0.9221796974667396,164.625
392,2688193,0.76,0.35000000000000003,141.75,-118.45088,34.04611,1.0,1.0,Entire home/apt,"[""Stove"", ""Dryer"", ""Bed linens"", ""Lockbox"", ""Luggage dropoff allowed"", ""Cooking basics"", ""First aid kit"", ""Kitchen"", ""Hangers"", ""Extra pillows and blankets"", ""Single level home"", ""Essentials"", ""Iron"", ""Oven"", ""Heating"", ""Washer"", ""Hair dryer"", ""Long term stays allowed"", ""Patio or balcony"", ""Hot water"", ""Dedicated workspace"", ""TV"", ""Coffee maker"", ""Smoke alarm"", ""Refrigerator"", ""Microwave"", ""Air conditioning"", ""Shampoo"", ""Dishes and silverware"", ""Carbon monoxide alarm"", ""Fire extinguisher"", ""Wifi"", ""Cable TV"", ""Free street parking""]",Entire condominium,94.0,1,3,0.4550756333151084,141.75
402,2899146,0.02,0.7999999999999999,279.25,-118.3934,34.14597,2.0,2.0,Entire home/apt,"[""Pack \u2019n Play/travel crib"", ""Barbecue utensils"", ""Game console"", ""Outlet covers"", ""Stove"", ""Shower gel"", ""Sound system"", ""Dryer"", ""Laundromat nearby"", ""Bed linens"", ""Children\u2019s books and toys"", ""Wifi"", ""Cooking basics"", ""Bathtub"", ""Conditioner"", ""Table corner guards"", ""First aid kit"", ""Kitchen"", ""Hangers"", ""Extra pillows and blankets"", ""Paid parking off premises"", ""Changing table"", ""Essentials"", ""Rice maker"", ""Iron"", ""Room-darkening shades"", ""Oven"", ""Heating"", ""Washer"", ""Hair dryer"", ""Baby bath"", ""Long term stays allowed"", ""Patio or balcony"", ""Hot water"", ""Dedicated workspace"", ""Babysitter recommendations"", ""TV"", ""Coffee maker"", ""Free parking on premises"", ""Gym"", ""Portable fans"", ""Smoke alarm"", ""Refrigerator"", ""Microwave"", ""Freezer"", ""Air conditioning"", ""Shampoo"", ""Baking sheet"", ""Elevator"", ""Indoor fireplace"", ""Dishwasher"", ""Dishes and silverware"", ""Ethernet connection"", ""Piano"", ""High chair"", ""Private entrance"", ""Body soap"", ""Beach essentials"", ""Free street parking""]",Entire condominium,100.0,1,5,0.9021323127392018,139.625
472,3757384,0.11,0.16666666666666669,292.0,-118.46511,33.97554,3.0,3.0,Entire home/apt,"[""Stove"", ""Dryer"", ""Bed linens"", ""Lockbox"", ""Children\u2019s books and toys"", ""Pocket wifi"", ""Luggage dropoff allowed"", ""Cooking basics"", ""Bathtub"", ""First aid kit"", ""Kitchen"", ""Hangers"", ""Extra pillows and blankets"", ""Children\u2019s dinnerware"", ""Essentials"", ""Oven"", ""Heating"", ""Washer"", ""Long term stays allowed"", ""Patio or balcony"", ""Hot water"", ""Dedicated workspace"", ""Babysitter recommendations"", ""TV"", ""Coffee maker"", ""Free parking on premises"", ""Smoke alarm"", ""Refrigerator"", ""Microwave"", ""Air conditioning"", ""Baking sheet"", ""Elevator"", ""Indoor fireplace"", ""Dishwasher"", ""Dishes and silverware"", ""Carbon monoxide alarm"", ""Fire extinguisher"", ""Wifi"", ""Cable TV"", ""Free street parking""]",Entire condominium,84.0,11,6,0.4512484053216694,97.33333333333333
484,3827785,0.93,0.13333333333333333,293.75,-118.38857,34.0835,2.0,2.0,Entire home/apt,"[""Stove"", ""Dryer"", ""Fireplace guards"", ""Bed linens"", ""Luggage dropoff allowed"", ""Cooking basics"", ""Bathtub"", ""First aid kit"", ""Kitchen"", ""Hangers"", ""Single level home"", ""Essentials"", ""Iron"", ""Room-darkening shades"", ""Oven"", ""Heating"", ""Washer"", ""Hair dryer"", ""Garden or backyard"", ""Long term stays allowed"", ""Patio or balcony"", ""Hot water"", ""Dedicated workspace"", ""TV"", ""Coffee maker"", ""Free parking on premises"", ""Smoke alarm"", ""Refrigerator"", ""Microwave"", ""Air conditioning"", ""Shampoo"", ""Elevator"", ""Indoor fireplace"", ""Host greets you"", ""Dishwasher"", ""Dishes and silverware"", ""Carbon monoxide alarm"", ""Wifi"", ""Cable TV"", ""Free street parking""]",Entire condominium,97.0,1,4,0.3969382176052488,146.875
534,4242100,0.28,0.0,314.0,-118.37354,34.14488,2.0,4.0,Entire home/apt,"[""Pack \u2019n Play/travel crib"", ""Dryer"", ""Pool"", ""Luggage dropoff allowed"", ""Building staff"", ""Kitchen"", ""Hangers"", ""Essentials"", ""Iron"", ""Heating"", ""Washer"", ""Hair dryer"", ""Long term stays allowed"", ""Hot water"", ""Dedicated workspace"", ""TV"", ""Coffee maker"", ""Free parking on premises"", ""Gym"", ""Smoke alarm"", ""Microwave"", ""Air conditioning"", ""Shampoo"", ""Elevator"", ""Indoor fireplace"", ""Dishes and silverware"", ""Fire extinguisher"", ""Carbon monoxide alarm"", ""Wifi"", ""Hot tub"", ""Cable TV"", ""Free street parking""]",Entire condominium,91.0,20,6,0.04574448696919993,157.0
542,4279381,0.73,0.0,285.0,-118.37455,34.14417,2.0,5.0,Entire home/apt,"[""Pack \u2019n Play/travel crib"", ""Stove"", ""Dryer"", ""Bed linens"", ""Pool"", ""Luggage dropoff allowed"", ""Building staff"", ""Cooking basics"", ""Bathtub"", ""Kitchen"", ""Hangers"", ""EV charger"", ""Extra pillows and blankets"", ""Essentials"", ""Iron"", ""Oven"", ""Heating"", ""Washer"", ""Hair dryer"", ""Garden or backyard"", ""Long term stays allowed"", ""Patio or balcony"", ""Hot water"", ""Dedicated workspace"", ""TV"", ""Coffee maker"", ""Free parking on premises"", ""Gym"", ""BBQ grill"", ""Smoke alarm"", ""Refrigerator"", ""Microwave"", ""Air conditioning"", ""Shampoo"", ""Elevator"", ""Indoor fireplace"", ""Dishwasher"", ""Dishes and silverware"", ""Fire extinguisher"", ""Carbon monoxide alarm"", ""Ethernet connection"", ""Wifi"", ""Private entrance"", ""Hot tub"", ""Cable TV"", ""Free street parking""]",Entire condominium,96.0,20,7,0.04574448696919993,142.5
557,4440737,0.86,0.5416666666666666,539.25,-118.66783,34.03902,2.0,2.0,Entire home/apt,"[""Beachfront"", ""Stove"", ""Dryer"", ""Pool"", ""Lockbox"", ""Cooking basics"", ""First aid kit"", ""Kitchen"", ""Hangers"", ""Single level home"", ""Essentials"", ""Iron"", ""Oven"", ""Heating"", ""Washer"", ""Hair dryer"", ""Long term stays allowed"", ""Patio or balcony"", ""Hot water"", ""Dedicated workspace"", ""TV"", ""Coffee maker"", ""Free parking on premises"", ""BBQ grill"", ""Smoke alarm"", ""Refrigerator"", ""Microwave"", ""Air conditioning"", ""Shampoo"", ""Elevator"", ""Indoor fireplace"", ""Dishes and silverware"", ""Dishwasher"", ""Fire extinguisher"", ""Carbon monoxide alarm"", ""Wifi"", ""Cable TV""]",Entire condominium,94.0,1,4,0.9347548751594679,269.625
573,4633279,0.08,0.32499999999999996,268.0,-118.18551,33.76624,2.0,2.0,Entire home/apt,"[""Stove"", ""Dryer"", ""Bed linens"", ""Cooking basics"", ""First aid kit"", ""Kitchen"", ""Hangers"", ""Extra pillows and blankets"", ""Paid parking off premises"", ""Essentials"", ""Iron"", ""Oven"", ""Heating"", ""Washer"", ""Waterfront"", ""Garden or backyard"", ""Long term stays allowed"", ""Patio or balcony"", ""Hot water"", ""Dedicated workspace"", ""TV"", ""Coffee maker"", ""BBQ grill"", ""Smoke alarm"", ""Refrigerator"", ""Microwave"", ""Air conditioning"", ""Shampoo"", ""Dishes and silverware"", ""Carbon monoxide alarm"", ""Fire extinguisher"", ""Private entrance"", ""Wifi"", ""Beach essentials"", ""Cable TV""]",Entire condominium,100.0,1,5,0.6391470749043193,134.0
607,5013536,2.31,0.23333333333333334,230.0,-118.31757,34.10916,,2.0,Entire home/apt,"[""Dryer"", ""Bed linens"", ""First aid kit"", ""Kitchen"", ""Hangers"", ""Essentials"", ""Iron"", ""Heating"", ""Washer"", ""Hair dryer"", ""Long term stays allowed"", ""Garden or backyard"", ""Hot water"", ""TV"", ""Coffee maker"", ""Smoke alarm"", ""Refrigerator"", ""Microwave"", ""Air conditioning"", ""Shampoo"", ""Dishes and silverware"", ""Fire extinguisher"", ""Carbon monoxide alarm"", ""Private entrance"", ""Wifi"", ""Cable TV"", ""Free street parking""]",Entire condominium,98.0,1,2,0.47421177328230363,
